07-24 17:53:53.176  1823  5326 I ActivityManager: Process com.android.settings (pid 12304) has died: cch+25 CEM 
07-24 17:53:53.229  1823  5326 E AppOps  : Bad call made by uid 1000. Package "com.google.android.apps.photos" does not belong to uid 1000.
07-24 17:53:53.230  1823  2754 I ActivityManager: Process com.google.android.apps.photos:mediametadataservice (pid 12260) has died: cch+25 CEM 
07-24 17:53:53.254  1823  5122 I ActivityManager: Process com.google.android.turboadapter (pid 12364) has died: cch+15 CEM 
07-24 17:53:53.255  1823  1958 D DisplayManagerService: Drop pending events for gone uid 10179
07-24 17:53:53.282  1823  3385 E AppOps  : Bad call made by uid 1000. Package "com.google.android.apps.photos" does not belong to uid 1000.
07-24 17:53:53.283  1823  6138 I ActivityManager: Process com.google.android.apps.photos (pid 11540) has died: cch+5 CEM 
07-24 17:53:53.286  1823  1958 D DisplayManagerService: Drop pending events for gone uid 10155
07-24 17:53:53.497 13025 13049 V ResourcesManager: The following library key has been added: ResourcesKey{ mHash=50f8d7b9 mResDir=null mSplitDirs=[] mOverlayDirs=[/product/overlay/NavigationBarModeGestural/NavigationBarModeGesturalOverlay.apk,/data/resource-cache/com.android.systemui-accent-LoW8.frro,/data/resource-cache/com.android.systemui-dynamic-8TVt.frro,/data/resource-cache/com.android.systemui-neutral-Zn1v.frro] mLibDirs=[/data/app/~~ZID6PvsEELbpA6ky0zZAtg==/com.google.android.webview-w-22840E5Robf3WsHnqjgw==/base.apk,/data/app/~~5oa4QYnxyHe1-PsXLQuTJw==/com.google.android.trichromelibrary_720406733-w36cShkHojKkDS9GmREDKg==/base.apk,/system_ext/framework/androidx.window.extensions.jar] mDisplayId=0 mOverrideConfig=v35 mCompatInfo={440dpi always-compat} mLoaders=[]}
07-24 17:53:53.820  1823  2703 D BackgroundInstallControlService: Package event received: 0
07-24 17:53:53.830  1823  1980 I ActivityManager: Start proc 13211:com.google.android.webview:webview_service/u0a143 for service {com.google.android.webview/org.chromium.android_webview.services.VariationsSeedServer}
07-24 17:53:53.840  1823  5326 I ActivityManager: Process com.jio.myjio (pid 12315) has died: cch+5 CEM 
07-24 17:53:53.846  1823  1958 D DisplayManagerService: Drop pending events for gone uid 10264
07-24 17:53:53.856  1823  2703 D BackgroundInstallControlService: Package event received: 0
07-24 17:53:53.856  1823  1980 I ActivityManager: Start proc 13213:com.google.android.webview:sandboxed_process0:org.chromium.content.app.SandboxedProcessService0:0/u0i504 for  {com.google.android.googlequicksearchbox/org.chromium.content.app.SandboxedProcessService0:0}
07-24 17:53:54.055  1823  4728 D CompatChangeReporter: Compat change id reported: 308670109; UID 10238; state: ENABLED
07-24 17:53:54.140  1823  1978 E ThermalManagerService$ThermalHalWrapper: Couldn't getCurrentCoolingDevices due to invalid status
07-24 17:53:54.140  1823  1978 E ThermalManagerService$ThermalHalWrapper: java.lang.IllegalArgumentException: ThermalHAL not initialized properly.
07-24 17:53:54.140  1823  1978 E ThermalManagerService$ThermalHalWrapper: 	at android.os.Parcel.createExceptionOrNull(Parcel.java:3265)
07-24 17:53:54.140  1823  1978 E ThermalManagerService$ThermalHalWrapper: 	at android.os.Parcel.createException(Parcel.java:3245)
07-24 17:53:54.140  1823  1978 E ThermalManagerService$ThermalHalWrapper: 	at android.os.Parcel.readException(Parcel.java:3228)
07-24 17:53:54.140  1823  1978 E ThermalManagerService$ThermalHalWrapper: 	at android.os.Parcel.readException(Parcel.java:3170)
07-24 17:53:54.140  1823  1978 E ThermalManagerService$ThermalHalWrapper: 	at android.hardware.thermal.IThermal$Stub$Proxy.getTemperaturesWithType(IThermal.java:658)
07-24 17:53:54.140  1823  1978 E ThermalManagerService$ThermalHalWrapper: 	at com.android.server.power.ThermalManagerService$ThermalHalAidlWrapper.getCurrentTemperatures(ThermalManagerService.java:1179)
07-24 17:53:54.140  1823  1978 E ThermalManagerService$ThermalHalWrapper: 	at com.android.server.power.ThermalManagerService$TemperatureWatcher.getAndUpdateTemperatureSamples(ThermalManagerService.java:1906)
07-24 17:53:54.140  1823  1978 E ThermalManagerService$ThermalHalWrapper: 	at com.android.server.power.ThermalManagerService$TemperatureWatcher.$r8$lambda$UBi4DQBBLPBYQRHEEMFqEv1BLg8(ThermalManagerService.java:0)
07-24 17:53:54.140  1823  1978 E ThermalManagerService$ThermalHalWrapper: 	at com.android.server.power.ThermalManagerService$TemperatureWatcher$$ExternalSyntheticLambda1.run(R8$$SyntheticClass:0)
07-24 17:53:54.140  1823  1978 E ThermalManagerService$ThermalHalWrapper: 	at android.os.Handler.handleCallback(Handler.java:991)
07-24 17:53:54.140  1823  1978 E ThermalManagerService$ThermalHalWrapper: 	at android.os.Handler.dispatchMessage(Handler.java:102)
07-24 17:53:54.140  1823  1978 E ThermalManagerService$ThermalHalWrapper: 	at android.os.Looper.loopOnce(Looper.java:232)
07-24 17:53:54.140  1823  1978 E ThermalManagerService$ThermalHalWrapper: 	at android.os.Looper.loop(Looper.java:317)
07-24 17:53:54.140  1823  1978 E ThermalManagerService$ThermalHalWrapper: 	at android.os.HandlerThread.run(HandlerThread.java:85)
07-24 17:53:54.156  1823  5326 I ActivityManager: Process com.google.android.webview:sandboxed_process0:org.chromium.content.app.SandboxedProcessService0:0 (pid 13213) has died: cch+6 CEM 
07-24 17:53:54.157  1823  5326 W ActivityManager: Scheduling restart of crashed service com.google.android.googlequicksearchbox/org.chromium.content.app.SandboxedProcessService0:0 in 10000ms for connection
07-24 17:53:54.159  1823  1958 D DisplayManagerService: Drop pending events for gone uid 99504
07-24 17:53:54.180  1823  2703 D BackgroundInstallControlService: Package event received: 0
07-24 17:53:54.181  1823  4728 D CompatChangeReporter: Compat change id reported: 151861875; UID 10204; state: ENABLED
07-24 17:53:54.187  1823  2703 D BackgroundInstallControlService: Package event received: 0
07-24 17:53:54.189  1823  1980 I ActivityManager: Start proc 13264:com.android.adservices.api/u0a204 for service {com.android.adservices.api/com.android.adservices.measurement.MeasurementService}
07-24 17:53:54.300  1823  2866 I ActivityManager: Process com.paisabazaar (pid 12769) has died: cch+5 CEM 
07-24 17:53:54.302  1823  1958 D DisplayManagerService: Drop pending events for gone uid 10513
07-24 17:53:54.310  1823  1980 I ActivityManager: Start proc 13288:com.google.android.webview:sandboxed_process0:org.chromium.content.app.SandboxedProcessService0:1/u0i505 for  {com.google.android.googlequicksearchbox/org.chromium.content.app.SandboxedProcessService0:1}
07-24 17:53:54.528  1823  2703 D BackgroundInstallControlService: Package event received: 0
07-24 17:53:54.581  1823  2703 D BackgroundInstallControlService: Package event received: 0
07-24 17:53:54.627  1823  6112 D CompatChangeReporter: Compat change id reported: 311208629; UID 10204; state: ENABLED
07-24 17:53:55.142  1823  1978 E ThermalManagerService$ThermalHalWrapper: Couldn't getCurrentCoolingDevices due to invalid status
07-24 17:53:55.142  1823  1978 E ThermalManagerService$ThermalHalWrapper: java.lang.IllegalArgumentException: ThermalHAL not initialized properly.
07-24 17:53:55.142  1823  1978 E ThermalManagerService$ThermalHalWrapper: 	at android.os.Parcel.createExceptionOrNull(Parcel.java:3265)
07-24 17:53:55.142  1823  1978 E ThermalManagerService$ThermalHalWrapper: 	at android.os.Parcel.createException(Parcel.java:3245)
07-24 17:53:55.142  1823  1978 E ThermalManagerService$ThermalHalWrapper: 	at android.os.Parcel.readException(Parcel.java:3228)
07-24 17:53:55.142  1823  1978 E ThermalManagerService$ThermalHalWrapper: 	at android.os.Parcel.readException(Parcel.java:3170)
07-24 17:53:55.142  1823  1978 E ThermalManagerService$ThermalHalWrapper: 	at android.hardware.thermal.IThermal$Stub$Proxy.getTemperaturesWithType(IThermal.java:658)
07-24 17:53:55.142  1823  1978 E ThermalManagerService$ThermalHalWrapper: 	at com.android.server.power.ThermalManagerService$ThermalHalAidlWrapper.getCurrentTemperatures(ThermalManagerService.java:1179)
07-24 17:53:55.142  1823  1978 E ThermalManagerService$ThermalHalWrapper: 	at com.android.server.power.ThermalManagerService$TemperatureWatcher.getAndUpdateTemperatureSamples(ThermalManagerService.java:1906)
07-24 17:53:55.142  1823  1978 E ThermalManagerService$ThermalHalWrapper: 	at com.android.server.power.ThermalManagerService$TemperatureWatcher.$r8$lambda$UBi4DQBBLPBYQRHEEMFqEv1BLg8(ThermalManagerService.java:0)
07-24 17:53:55.142  1823  1978 E ThermalManagerService$ThermalHalWrapper: 	at com.android.server.power.ThermalManagerService$TemperatureWatcher$$ExternalSyntheticLambda1.run(R8$$SyntheticClass:0)
07-24 17:53:55.142  1823  1978 E ThermalManagerService$ThermalHalWrapper: 	at android.os.Handler.handleCallback(Handler.java:991)
07-24 17:53:55.142  1823  1978 E ThermalManagerService$ThermalHalWrapper: 	at android.os.Handler.dispatchMessage(Handler.java:102)
07-24 17:53:55.142  1823  1978 E ThermalManagerService$ThermalHalWrapper: 	at android.os.Looper.loopOnce(Looper.java:232)
07-24 17:53:55.142  1823  1978 E ThermalManagerService$ThermalHalWrapper: 	at android.os.Looper.loop(Looper.java:317)
07-24 17:53:55.142  1823  1978 E ThermalManagerService$ThermalHalWrapper: 	at android.os.HandlerThread.run(HandlerThread.java:85)
07-24 17:53:55.464  1823  2703 D BackgroundInstallControlService: Package event received: 0
07-24 17:53:55.474  1823  1980 I ActivityManager: Start proc 13373:com.facebook.orca/u0a259 for content provider {com.facebook.orca/com.facebook.messenger.app.MessengerLoggedInUserProvider}
07-24 17:53:56.082 12773 12936 E ActivityThread: Failed to find provider info for com.android.launcher3.cornermark.unreadbadge
07-24 17:53:56.143  1823  1978 E ThermalManagerService$ThermalHalWrapper: Couldn't getCurrentCoolingDevices due to invalid status
07-24 17:53:56.143  1823  1978 E ThermalManagerService$ThermalHalWrapper: java.lang.IllegalArgumentException: ThermalHAL not initialized properly.
07-24 17:53:56.143  1823  1978 E ThermalManagerService$ThermalHalWrapper: 	at android.os.Parcel.createExceptionOrNull(Parcel.java:3265)
07-24 17:53:56.143  1823  1978 E ThermalManagerService$ThermalHalWrapper: 	at android.os.Parcel.createException(Parcel.java:3245)
07-24 17:53:56.143  1823  1978 E ThermalManagerService$ThermalHalWrapper: 	at android.os.Parcel.readException(Parcel.java:3228)
07-24 17:53:56.143  1823  1978 E ThermalManagerService$ThermalHalWrapper: 	at android.os.Parcel.readException(Parcel.java:3170)
07-24 17:53:56.143  1823  1978 E ThermalManagerService$ThermalHalWrapper: 	at android.hardware.thermal.IThermal$Stub$Proxy.getTemperaturesWithType(IThermal.java:658)
07-24 17:53:56.143  1823  1978 E ThermalManagerService$ThermalHalWrapper: 	at com.android.server.power.ThermalManagerService$ThermalHalAidlWrapper.getCurrentTemperatures(ThermalManagerService.java:1179)
07-24 17:53:56.143  1823  1978 E ThermalManagerService$ThermalHalWrapper: 	at com.android.server.power.ThermalManagerService$TemperatureWatcher.getAndUpdateTemperatureSamples(ThermalManagerService.java:1906)
07-24 17:53:56.143  1823  1978 E ThermalManagerService$ThermalHalWrapper: 	at com.android.server.power.ThermalManagerService$TemperatureWatcher.$r8$lambda$UBi4DQBBLPBYQRHEEMFqEv1BLg8(ThermalManagerService.java:0)
07-24 17:53:56.143  1823  1978 E ThermalManagerService$ThermalHalWrapper: 	at com.android.server.power.ThermalManagerService$TemperatureWatcher$$ExternalSyntheticLambda1.run(R8$$SyntheticClass:0)
07-24 17:53:56.143  1823  1978 E ThermalManagerService$ThermalHalWrapper: 	at android.os.Handler.handleCallback(Handler.java:991)
07-24 17:53:56.143  1823  1978 E ThermalManagerService$ThermalHalWrapper: 	at android.os.Handler.dispatchMessage(Handler.java:102)
07-24 17:53:56.143  1823  1978 E ThermalManagerService$ThermalHalWrapper: 	at android.os.Looper.loopOnce(Looper.java:232)
07-24 17:53:56.143  1823  1978 E ThermalManagerService$ThermalHalWrapper: 	at android.os.Looper.loop(Looper.java:317)
07-24 17:53:56.143  1823  1978 E ThermalManagerService$ThermalHalWrapper: 	at android.os.HandlerThread.run(HandlerThread.java:85)
07-24 17:53:56.214  1823  3385 W ActivityManager: Background start not allowed: service Intent { cmp=com.facebook.orca/com.facebook.mqtt.service.MqttServiceV2 (has extras) } to com.facebook.orca/com.facebook.mqtt.service.MqttServiceV2 from pid=13373 uid=10259 pkg=com.facebook.orca startFg?=false
07-24 17:53:56.252  1823  3385 W ActivityManager: Background start not allowed: service Intent { cmp=com.facebook.orca/com.facebook.mqtt.service.MqttServiceV2 (has extras) } to com.facebook.orca/com.facebook.mqtt.service.MqttServiceV2 from pid=13373 uid=10259 pkg=com.facebook.orca startFg?=false
07-24 17:53:56.309  1823  2703 D BackgroundInstallControlService: Package event received: 0
07-24 17:53:57.144  1823  1978 E ThermalManagerService$ThermalHalWrapper: Couldn't getCurrentCoolingDevices due to invalid status
07-24 17:53:57.144  1823  1978 E ThermalManagerService$ThermalHalWrapper: java.lang.IllegalArgumentException: ThermalHAL not initialized properly.
07-24 17:53:57.144  1823  1978 E ThermalManagerService$ThermalHalWrapper: 	at android.os.Parcel.createExceptionOrNull(Parcel.java:3265)
07-24 17:53:57.144  1823  1978 E ThermalManagerService$ThermalHalWrapper: 	at android.os.Parcel.createException(Parcel.java:3245)
07-24 17:53:57.144  1823  1978 E ThermalManagerService$ThermalHalWrapper: 	at android.os.Parcel.readException(Parcel.java:3228)
07-24 17:53:57.144  1823  1978 E ThermalManagerService$ThermalHalWrapper: 	at android.os.Parcel.readException(Parcel.java:3170)
07-24 17:53:57.144  1823  1978 E ThermalManagerService$ThermalHalWrapper: 	at android.hardware.thermal.IThermal$Stub$Proxy.getTemperaturesWithType(IThermal.java:658)
07-24 17:53:57.144  1823  1978 E ThermalManagerService$ThermalHalWrapper: 	at com.android.server.power.ThermalManagerService$ThermalHalAidlWrapper.getCurrentTemperatures(ThermalManagerService.java:1179)
07-24 17:53:57.144  1823  1978 E ThermalManagerService$ThermalHalWrapper: 	at com.android.server.power.ThermalManagerService$TemperatureWatcher.getAndUpdateTemperatureSamples(ThermalManagerService.java:1906)
07-24 17:53:57.144  1823  1978 E ThermalManagerService$ThermalHalWrapper: 	at com.android.server.power.ThermalManagerService$TemperatureWatcher.$r8$lambda$UBi4DQBBLPBYQRHEEMFqEv1BLg8(ThermalManagerService.java:0)
07-24 17:53:57.144  1823  1978 E ThermalManagerService$ThermalHalWrapper: 	at com.android.server.power.ThermalManagerService$TemperatureWatcher$$ExternalSyntheticLambda1.run(R8$$SyntheticClass:0)
07-24 17:53:57.144  1823  1978 E ThermalManagerService$ThermalHalWrapper: 	at android.os.Handler.handleCallback(Handler.java:991)
07-24 17:53:57.144  1823  1978 E ThermalManagerService$ThermalHalWrapper: 	at android.os.Handler.dispatchMessage(Handler.java:102)
07-24 17:53:57.144  1823  1978 E ThermalManagerService$ThermalHalWrapper: 	at android.os.Looper.loopOnce(Looper.java:232)
07-24 17:53:57.144  1823  1978 E ThermalManagerService$ThermalHalWrapper: 	at android.os.Looper.loop(Looper.java:317)
07-24 17:53:57.144  1823  1978 E ThermalManagerService$ThermalHalWrapper: 	at android.os.HandlerThread.run(HandlerThread.java:85)
07-24 17:53:58.146  1823  1978 E ThermalManagerService$ThermalHalWrapper: Couldn't getCurrentCoolingDevices due to invalid status
07-24 17:53:58.146  1823  1978 E ThermalManagerService$ThermalHalWrapper: java.lang.IllegalArgumentException: ThermalHAL not initialized properly.
07-24 17:53:58.146  1823  1978 E ThermalManagerService$ThermalHalWrapper: 	at android.os.Parcel.createExceptionOrNull(Parcel.java:3265)
07-24 17:53:58.146  1823  1978 E ThermalManagerService$ThermalHalWrapper: 	at android.os.Parcel.createException(Parcel.java:3245)
07-24 17:53:58.146  1823  1978 E ThermalManagerService$ThermalHalWrapper: 	at android.os.Parcel.readException(Parcel.java:3228)
07-24 17:53:58.146  1823  1978 E ThermalManagerService$ThermalHalWrapper: 	at android.os.Parcel.readException(Parcel.java:3170)
07-24 17:53:58.146  1823  1978 E ThermalManagerService$ThermalHalWrapper: 	at android.hardware.thermal.IThermal$Stub$Proxy.getTemperaturesWithType(IThermal.java:658)
07-24 17:53:58.146  1823  1978 E ThermalManagerService$ThermalHalWrapper: 	at com.android.server.power.ThermalManagerService$ThermalHalAidlWrapper.getCurrentTemperatures(ThermalManagerService.java:1179)
07-24 17:53:58.146  1823  1978 E ThermalManagerService$ThermalHalWrapper: 	at com.android.server.power.ThermalManagerService$TemperatureWatcher.getAndUpdateTemperatureSamples(ThermalManagerService.java:1906)
07-24 17:53:58.146  1823  1978 E ThermalManagerService$ThermalHalWrapper: 	at com.android.server.power.ThermalManagerService$TemperatureWatcher.$r8$lambda$UBi4DQBBLPBYQRHEEMFqEv1BLg8(ThermalManagerService.java:0)
07-24 17:53:58.146  1823  1978 E ThermalManagerService$ThermalHalWrapper: 	at com.android.server.power.ThermalManagerService$TemperatureWatcher$$ExternalSyntheticLambda1.run(R8$$SyntheticClass:0)
07-24 17:53:58.146  1823  1978 E ThermalManagerService$ThermalHalWrapper: 	at android.os.Handler.handleCallback(Handler.java:991)
07-24 17:53:58.146  1823  1978 E ThermalManagerService$ThermalHalWrapper: 	at android.os.Handler.dispatchMessage(Handler.java:102)
07-24 17:53:58.146  1823  1978 E ThermalManagerService$ThermalHalWrapper: 	at android.os.Looper.loopOnce(Looper.java:232)
07-24 17:53:58.146  1823  1978 E ThermalManagerService$ThermalHalWrapper: 	at android.os.Looper.loop(Looper.java:317)
07-24 17:53:58.146  1823  1978 E ThermalManagerService$ThermalHalWrapper: 	at android.os.HandlerThread.run(HandlerThread.java:85)
07-24 17:53:59.145  1823  1978 E ThermalManagerService$ThermalHalWrapper: Couldn't getCurrentCoolingDevices due to invalid status
07-24 17:53:59.145  1823  1978 E ThermalManagerService$ThermalHalWrapper: java.lang.IllegalArgumentException: ThermalHAL not initialized properly.
07-24 17:53:59.145  1823  1978 E ThermalManagerService$ThermalHalWrapper: 	at android.os.Parcel.createExceptionOrNull(Parcel.java:3265)
07-24 17:53:59.145  1823  1978 E ThermalManagerService$ThermalHalWrapper: 	at android.os.Parcel.createException(Parcel.java:3245)
07-24 17:53:59.145  1823  1978 E ThermalManagerService$ThermalHalWrapper: 	at android.os.Parcel.readException(Parcel.java:3228)
07-24 17:53:59.145  1823  1978 E ThermalManagerService$ThermalHalWrapper: 	at android.os.Parcel.readException(Parcel.java:3170)
07-24 17:53:59.145  1823  1978 E ThermalManagerService$ThermalHalWrapper: 	at android.hardware.thermal.IThermal$Stub$Proxy.getTemperaturesWithType(IThermal.java:658)
07-24 17:53:59.145  1823  1978 E ThermalManagerService$ThermalHalWrapper: 	at com.android.server.power.ThermalManagerService$ThermalHalAidlWrapper.getCurrentTemperatures(ThermalManagerService.java:1179)
07-24 17:53:59.145  1823  1978 E ThermalManagerService$ThermalHalWrapper: 	at com.android.server.power.ThermalManagerService$TemperatureWatcher.getAndUpdateTemperatureSamples(ThermalManagerService.java:1906)
07-24 17:53:59.145  1823  1978 E ThermalManagerService$ThermalHalWrapper: 	at com.android.server.power.ThermalManagerService$TemperatureWatcher.$r8$lambda$UBi4DQBBLPBYQRHEEMFqEv1BLg8(ThermalManagerService.java:0)
07-24 17:53:59.145  1823  1978 E ThermalManagerService$ThermalHalWrapper: 	at com.android.server.power.ThermalManagerService$TemperatureWatcher$$ExternalSyntheticLambda1.run(R8$$SyntheticClass:0)
07-24 17:53:59.145  1823  1978 E ThermalManagerService$ThermalHalWrapper: 	at android.os.Handler.handleCallback(Handler.java:991)
07-24 17:53:59.145  1823  1978 E ThermalManagerService$ThermalHalWrapper: 	at android.os.Handler.dispatchMessage(Handler.java:102)
07-24 17:53:59.145  1823  1978 E ThermalManagerService$ThermalHalWrapper: 	at android.os.Looper.loopOnce(Looper.java:232)
07-24 17:53:59.145  1823  1978 E ThermalManagerService$ThermalHalWrapper: 	at android.os.Looper.loop(Looper.java:317)
07-24 17:53:59.145  1823  1978 E ThermalManagerService$ThermalHalWrapper: 	at android.os.HandlerThread.run(HandlerThread.java:85)
07-24 17:54:00.146  1823  1978 E ThermalManagerService$ThermalHalWrapper: Couldn't getCurrentCoolingDevices due to invalid status
07-24 17:54:00.146  1823  1978 E ThermalManagerService$ThermalHalWrapper: java.lang.IllegalArgumentException: ThermalHAL not initialized properly.
07-24 17:54:00.146  1823  1978 E ThermalManagerService$ThermalHalWrapper: 	at android.os.Parcel.createExceptionOrNull(Parcel.java:3265)
07-24 17:54:00.146  1823  1978 E ThermalManagerService$ThermalHalWrapper: 	at android.os.Parcel.createException(Parcel.java:3245)
07-24 17:54:00.146  1823  1978 E ThermalManagerService$ThermalHalWrapper: 	at android.os.Parcel.readException(Parcel.java:3228)
07-24 17:54:00.146  1823  1978 E ThermalManagerService$ThermalHalWrapper: 	at android.os.Parcel.readException(Parcel.java:3170)
07-24 17:54:00.146  1823  1978 E ThermalManagerService$ThermalHalWrapper: 	at android.hardware.thermal.IThermal$Stub$Proxy.getTemperaturesWithType(IThermal.java:658)
07-24 17:54:00.146  1823  1978 E ThermalManagerService$ThermalHalWrapper: 	at com.android.server.power.ThermalManagerService$ThermalHalAidlWrapper.getCurrentTemperatures(ThermalManagerService.java:1179)
07-24 17:54:00.146  1823  1978 E ThermalManagerService$ThermalHalWrapper: 	at com.android.server.power.ThermalManagerService$TemperatureWatcher.getAndUpdateTemperatureSamples(ThermalManagerService.java:1906)
07-24 17:54:00.146  1823  1978 E ThermalManagerService$ThermalHalWrapper: 	at com.android.server.power.ThermalManagerService$TemperatureWatcher.$r8$lambda$UBi4DQBBLPBYQRHEEMFqEv1BLg8(ThermalManagerService.java:0)
07-24 17:54:00.146  1823  1978 E ThermalManagerService$ThermalHalWrapper: 	at com.android.server.power.ThermalManagerService$TemperatureWatcher$$ExternalSyntheticLambda1.run(R8$$SyntheticClass:0)
07-24 17:54:00.146  1823  1978 E ThermalManagerService$ThermalHalWrapper: 	at android.os.Handler.handleCallback(Handler.java:991)
07-24 17:54:00.146  1823  1978 E ThermalManagerService$ThermalHalWrapper: 	at android.os.Handler.dispatchMessage(Handler.java:102)
07-24 17:54:00.146  1823  1978 E ThermalManagerService$ThermalHalWrapper: 	at android.os.Looper.loopOnce(Looper.java:232)
07-24 17:54:00.146  1823  1978 E ThermalManagerService$ThermalHalWrapper: 	at android.os.Looper.loop(Looper.java:317)
07-24 17:54:00.146  1823  1978 E ThermalManagerService$ThermalHalWrapper: 	at android.os.HandlerThread.run(HandlerThread.java:85)
07-24 17:54:00.243  1823  6112 W ActivityManager: Background start not allowed: service Intent { cmp=com.facebook.orca/com.facebook.mqtt.service.MqttServiceV2 (has extras) } to com.facebook.orca/com.facebook.mqtt.service.MqttServiceV2 from pid=13373 uid=10259 pkg=com.facebook.orca startFg?=false
07-24 17:54:00.987  1823  2703 D BackgroundInstallControlService: Package event received: 0
07-24 17:54:00.987  1823  2703 D BackgroundInstallControlService: Package event received: 0
07-24 17:54:00.987  1823  2703 D BackgroundInstallControlService: Package event received: 0
07-24 17:54:00.987  1823  2703 D BackgroundInstallControlService: Package event received: 0
07-24 17:54:01.146  1823  1978 E ThermalManagerService$ThermalHalWrapper: Couldn't getCurrentCoolingDevices due to invalid status
07-24 17:54:01.146  1823  1978 E ThermalManagerService$ThermalHalWrapper: java.lang.IllegalArgumentException: ThermalHAL not initialized properly.
07-24 17:54:01.146  1823  1978 E ThermalManagerService$ThermalHalWrapper: 	at android.os.Parcel.createExceptionOrNull(Parcel.java:3265)
07-24 17:54:01.146  1823  1978 E ThermalManagerService$ThermalHalWrapper: 	at android.os.Parcel.createException(Parcel.java:3245)
07-24 17:54:01.146  1823  1978 E ThermalManagerService$ThermalHalWrapper: 	at android.os.Parcel.readException(Parcel.java:3228)
07-24 17:54:01.146  1823  1978 E ThermalManagerService$ThermalHalWrapper: 	at android.os.Parcel.readException(Parcel.java:3170)
07-24 17:54:01.146  1823  1978 E ThermalManagerService$ThermalHalWrapper: 	at android.hardware.thermal.IThermal$Stub$Proxy.getTemperaturesWithType(IThermal.java:658)
07-24 17:54:01.146  1823  1978 E ThermalManagerService$ThermalHalWrapper: 	at com.android.server.power.ThermalManagerService$ThermalHalAidlWrapper.getCurrentTemperatures(ThermalManagerService.java:1179)
07-24 17:54:01.146  1823  1978 E ThermalManagerService$ThermalHalWrapper: 	at com.android.server.power.ThermalManagerService$TemperatureWatcher.getAndUpdateTemperatureSamples(ThermalManagerService.java:1906)
07-24 17:54:01.146  1823  1978 E ThermalManagerService$ThermalHalWrapper: 	at com.android.server.power.ThermalManagerService$TemperatureWatcher.$r8$lambda$UBi4DQBBLPBYQRHEEMFqEv1BLg8(ThermalManagerService.java:0)
07-24 17:54:01.146  1823  1978 E ThermalManagerService$ThermalHalWrapper: 	at com.android.server.power.ThermalManagerService$TemperatureWatcher$$ExternalSyntheticLambda1.run(R8$$SyntheticClass:0)
07-24 17:54:01.146  1823  1978 E ThermalManagerService$ThermalHalWrapper: 	at android.os.Handler.handleCallback(Handler.java:991)
07-24 17:54:01.146  1823  1978 E ThermalManagerService$ThermalHalWrapper: 	at android.os.Handler.dispatchMessage(Handler.java:102)
07-24 17:54:01.146  1823  1978 E ThermalManagerService$ThermalHalWrapper: 	at android.os.Looper.loopOnce(Looper.java:232)
07-24 17:54:01.146  1823  1978 E ThermalManagerService$ThermalHalWrapper: 	at android.os.Looper.loop(Looper.java:317)
07-24 17:54:01.146  1823  1978 E ThermalManagerService$ThermalHalWrapper: 	at android.os.HandlerThread.run(HandlerThread.java:85)
07-24 17:54:01.853  1823  6112 I Telecom : PhoneAccountRegistrar: getSimCallManager: SimCallManager for subId 1 queried, returning: null: TSI.gPA(cgag)@mLI
07-24 17:54:02.043  1823  2599 D ActivityManager: freezing 12482 org.zwanoo.android.speedtest
07-24 17:54:03.315  1823  2599 D ActivityManager: freezing 23975 com.android.chrome
07-24 17:54:04.350  1823  2599 D ActivityManager: freezing 13211 com.google.android.webview:webview_service
07-24 17:54:04.439  1823  2599 D ActivityManager: freezing 13288 com.google.android.webview:sandboxed_process0:org.chromium.content.app.SandboxedProcessService0:1
07-24 17:54:04.632  1823  2599 D ActivityManager: freezing 13264 com.android.adservices.api
07-24 17:54:06.068  1823  6112 W OptProp : Cannot read opt property android.window.PROPERTY_COMPAT_ALLOW_RESIZEABLE_ACTIVITY_OVERRIDES
07-24 17:54:06.068  1823  6112 W OptProp : Cannot read opt property android.window.PROPERTY_COMPAT_ALLOW_MIN_ASPECT_RATIO_OVERRIDE
07-24 17:54:06.069  1823  6112 D CompatChangeReporter: Compat change id reported: 306666082; UID 10146; state: ENABLED
07-24 17:54:06.073  1823  6112 W OptProp : Cannot read opt property android.window.PROPERTY_COMPAT_ALLOW_ORIENTATION_OVERRIDE
07-24 17:54:06.080  1823  6112 I ActivityTaskManager: START u0 {act=android.intent.action.VIEW dat=https://github.com/... flg=0x10000000 cmp=com.android.chrome/com.google.android.apps.chrome.IntentDispatcher (has extras)} with LAUNCH_MULTIPLE from uid 10217 (sr=13784016) (BAL_ALLOW_VISIBLE_WINDOW) result code=0
07-24 17:54:06.081  2750  2781 V WindowManagerShell: Transition requested (#6920): android.os.BinderProxy@d246514 TransitionRequestInfo { type = OPEN, triggerTask = TaskInfo{userId=0 taskId=9157 effectiveUid=10146 displayId=0 isRunning=true baseIntent=Intent { act=android.intent.action.VIEW dat=https://github.com/... flg=0x10800000 cmp=com.android.chrome/com.google.android.apps.chrome.IntentDispatcher } baseActivity=ComponentInfo{com.android.chrome/org.chromium.chrome.browser.document.ChromeLauncherActivity} topActivity=ComponentInfo{com.android.chrome/org.chromium.chrome.browser.document.ChromeLauncherActivity} origActivity=ComponentInfo{com.android.chrome/com.google.android.apps.chrome.IntentDispatcher} realActivity=ComponentInfo{com.android.chrome/org.chromium.chrome.browser.document.ChromeLauncherActivity} numActivities=1 lastActiveTime=236875602 supportsMultiWindow=true resizeMode=1 isResizeable=true minWidth=-1 minHeight=-1 defaultMinSize=220 token=WCT{android.window.IWindowContainerToken$Stub$Proxy@c351bd} topActivityType=1 pictureInPictureParams=null shouldDockBigOverlays=false launchIntoPipHostTaskId=-1 lastParentTaskIdBeforePip=-1 displayCutoutSafeInsets=Rect(0, 104 - 0, 0) topActivityInfo=ActivityInfo{b3f93b2 com.google.android.apps.chrome.IntentDispatcher} launchCookies=[] positionInParent=Point(0, 0) parentTaskId=-1 isFocused=false isVisible=false isVisibleRequested=false isTopActivityNoDisplay=true isSleeping=false locusId=null displayAreaFeatureId=1 isTopActivityTransparent=true isActivityStackTransparent=true lastNonFullscreenBounds=Rect(286, 709 - 795, 1789) capturedLink=null capturedLinkTimestamp=0 requestedVisibleTypes=-9 topActivityRequestOpenInBrowserEducationTimestamp=0 appCompatTaskInfo=AppCompatTaskInfo { topActivityInSizeCompat=false eligibleForLetterboxEducation= false isLetterboxEducationEnabled= false isLetterboxDoubleTapEnabled= false eligibleForUserAspectRatioButton= false topActivityBoundsLetterboxed= false isFromLetterboxDoubleTap= false topActivityLetterboxVerticalPosition= -1 topActivityLetterboxHorizontalPosition= -1 topActivityLetterboxWidth=-1 topActivityLetterboxHeight=-1 topActivityLetterboxAppWidth=-1 topActivityLetterboxAppHeight=-1 isUserFullscreenOverrideEnabled=false isSystemFullscreenOverrideEnabled=false hasMinAspectRatioOverride=false topActivityLetterboxBounds=null cameraCompatTaskInfo=CameraCompatTaskInfo { freeformCameraCompatMode=inactive}} topActivityMainWindowFrame=null}, pipChange = null, remoteTransition = null, displayChange = null, flags = 0, debugId = 6920 }
07-24 17:54:06.082  2750  2781 D ShellSplitScreen: logExit: no-op, mLoggerSessionId is null
07-24 17:54:06.096  1823  5325 D CompatChangeReporter: Compat change id reported: 324203798; UID 10146; state: ENABLED
07-24 17:54:06.096  1823  2703 D BackgroundInstallControlService: Package event received: 0
07-24 17:54:06.096  1823  5325 D ActivityManager: quick sync unfreeze 23975 for 1
07-24 17:54:06.098  1823  1960 D ActivityManager: sync unfroze 23975 com.android.chrome for 1
07-24 17:54:06.105  1823  2703 D BackgroundInstallControlService: Package event received: 0
07-24 17:54:06.105  1823  2703 D BackgroundInstallControlService: Package event received: 0
07-24 17:54:06.105  1823  2703 D BackgroundInstallControlService: Package event received: 0
07-24 17:54:06.109  1823  2703 D BackgroundInstallControlService: Package event received: 0
07-24 17:54:06.195  1823  5325 W OptProp : Cannot read opt property android.window.PROPERTY_COMPAT_ALLOW_RESIZEABLE_ACTIVITY_OVERRIDES
07-24 17:54:06.195  1823  5325 W OptProp : Cannot read opt property android.window.PROPERTY_COMPAT_ALLOW_MIN_ASPECT_RATIO_OVERRIDE
07-24 17:54:06.197  1823  5325 W OptProp : Cannot read opt property android.window.PROPERTY_COMPAT_ALLOW_ORIENTATION_OVERRIDE
07-24 17:54:06.201  1823  5325 I ActivityTaskManager: START u0 {act=android.intent.action.VIEW dat=https://github.com/... flg=0x1a080000 cmp=com.android.chrome/org.chromium.chrome.browser.customtabs.CustomTabActivity (has extras)} with LAUNCH_MULTIPLE from uid 10146 (sr=197947378) (BAL_ALLOW_VISIBLE_WINDOW) result code=0
07-24 17:54:06.224  1823  2703 D BackgroundInstallControlService: Package event received: 0
07-24 17:54:06.224  1823  2703 D BackgroundInstallControlService: Package event received: 0
07-24 17:54:06.224  1823  2703 D BackgroundInstallControlService: Package event received: 0
07-24 17:54:06.233  1823  1958 W Looper  : Slow dispatch took 131ms android.ui h=com.android.server.am.ActivityManagerService$UiHandler c=com.android.server.am.UidObserverController$$ExternalSyntheticLambda0@3c0f69 m=0
07-24 17:54:06.236  2750  2767 V WindowManagerShell: onTransitionReady(transaction=7829725940561)
07-24 17:54:06.237  2750  2781 V WindowManagerShell: onTransitionReady (#6920) android.os.BinderProxy@d246514: {id=6920 t=OPEN f=0x0 trk=0 r=[0@Point(0, 0)] c=[
07-24 17:54:06.237  2750  2781 V WindowManagerShell:         {m=OPEN f=MOVE_TO_TOP leash=Surface(name=Task=9158)/@0xfb53b44 sb=Rect(0, 0 - 1080, 2460) eb=Rect(0, 0 - 1080, 2460) epz=Point(1080, 2460) d=0 taskParent=-1},
07-24 17:54:06.237  2750  2781 V WindowManagerShell:         {m=TO_BACK f=NONE leash=Surface(name=Task=9156)/@0x2d1242d sb=Rect(0, 0 - 1080, 2460) eb=Rect(0, 0 - 1080, 2460) epz=Point(1080, 2460) d=0 taskParent=-1}
07-24 17:54:06.237  2750  2781 V WindowManagerShell:     ]}
07-24 17:54:06.237  2750  2781 V WindowManagerShell: Playing animation for (#6920) android.os.BinderProxy@d246514@0
07-24 17:54:06.237  2750  2781 V ShellRecents: RecentsTransitionHandler.startAnimation: no controller found
07-24 17:54:06.237  2750  2781 V WindowManagerShell: Transition doesn't have explicit remote, search filters for match for {id=6920 t=OPEN f=0x0 trk=0 r=[0@Point(0, 0)] c=[{m=OPEN f=MOVE_TO_TOP leash=Surface(name=Task=9158)/@0xfb53b44 sb=Rect(0, 0 - 1080, 2460) eb=Rect(0, 0 - 1080, 2460) epz=Point(1080, 2460) d=0 taskParent=-1},{m=TO_BACK f=NONE leash=Surface(name=Task=9156)/@0x2d1242d sb=Rect(0, 0 - 1080, 2460) eb=Rect(0, 0 - 1080, 2460) epz=Point(1080, 2460) d=0 taskParent=-1}]}
07-24 17:54:06.237  2750  2781 V WindowManagerShell:  Checking filter Pair{{types=[] flags=0x0] notFlags=0x0 checks=[{atype=undefined independent=true modes=[CLOSE,TO_BACK] flags=IN_TASK_WITH_EMBEDDED_ACTIVITY mustBeTask=false order=ANY topActivity=null launchCookie=null taskFragmentToken=android.os.BinderProxy@80359ab windowingMode=undefined}]} RemoteTransition { remoteTransition = android.window.IRemoteTransition$Stub$Proxy@4017808, appThread = android.app.IApplicationThread$Stub$Proxy@562bba1, debugName = overlayBackTransition }}
07-24 17:54:06.237  2750  2781 V WindowManagerShell:  Checking filter Pair{{types=[] flags=0x0] notFlags=0x0 checks=[{atype=dream independent=true modes=[OPEN,TO_FRONT] flags=NONE mustBeTask=false order=ANY topActivity=null launchCookie=null windowingMode=undefined},{atype=home independent=true modes=[CLOSE,TO_BACK] flags=NONE mustBeTask=false order=ANY topActivity=null launchCookie=null windowingMode=undefined}]} RemoteTransition { remoteTransition = android.window.IRemoteTransition$Stub$Proxy@fbb21c6, appThread = android.app.IApplicationThread$Stub$Proxy@c1be587, debugName = LauncherToDream }}
07-24 17:54:06.237  2750  2781 V WindowManagerShell:  Checking filter Pair{{types=[] flags=0x0] notFlags=0x100 checks=[{atype=home independent=true modes=[OPEN,TO_FRONT] flags=NONE mustBeTask=false order=TOP topActivity=ComponentInfo{com.google.android.apps.nexuslauncher/com.google.android.apps.nexuslauncher.NexusLauncherActivity} launchCookie=null windowingMode=undefined},{atype=standard independent=true modes=[CLOSE,TO_BACK] flags=NONE mustBeTask=false order=ANY topActivity=null launchCookie=null windowingMode=undefined},{NOT atype=undefined independent=true modes=[] flags=NONE mustBeTask=true order=ANY topActivity=null launchCookie=null customAnim=true windowingMode=undefined}]} RemoteTransition { remoteTransition = android.window.IRemoteTransition$Stub$Proxy@53a0cb4, appThread = android.app.IApplicationThread$Stub$Proxy@ce70dd, debugName = QuickstepLaunchHome }}
07-24 17:54:06.237  2750  2781 V WindowManagerShell:  Delegate animation for (#6920) to null
07-24 17:54:06.237  2750  2781 V WindowManagerShell: start default transition animation, info = {id=6920 t=OPEN f=0x0 trk=0 r=[0@Point(0, 0)] c=[{m=OPEN f=MOVE_TO_TOP leash=Surface(name=Task=9158)/@0xfb53b44 sb=Rect(0, 0 - 1080, 2460) eb=Rect(0, 0 - 1080, 2460) epz=Point(1080, 2460) d=0 taskParent=-1},{m=TO_BACK f=NONE leash=Surface(name=Task=9156)/@0x2d1242d sb=Rect(0, 0 - 1080, 2460) eb=Rect(0, 0 - 1080, 2460) epz=Point(1080, 2460) d=0 taskParent=-1}]}
07-24 17:54:06.238  2750  2781 V WindowManagerShell: loadAnimation: anim=android.view.animation.AnimationSet@648d629 animAttr=0x9 type=OPEN isEntrance=false
07-24 17:54:06.249  1823  1957 V WindowManager: Sent Transition (#6920) createdAt=07-24 17:54:06.069 via request=TransitionRequestInfo { type = OPEN, triggerTask = TaskInfo{userId=0 taskId=9157 effectiveUid=10146 displayId=0 isRunning=true baseIntent=Intent { act=android.intent.action.VIEW dat=https://github.com/... flg=0x10800000 cmp=com.android.chrome/com.google.android.apps.chrome.IntentDispatcher } baseActivity=ComponentInfo{com.android.chrome/org.chromium.chrome.browser.document.ChromeLauncherActivity} topActivity=ComponentInfo{com.android.chrome/org.chromium.chrome.browser.document.ChromeLauncherActivity} origActivity=ComponentInfo{com.android.chrome/com.google.android.apps.chrome.IntentDispatcher} realActivity=ComponentInfo{com.android.chrome/org.chromium.chrome.browser.document.ChromeLauncherActivity} numActivities=1 lastActiveTime=236875602 supportsMultiWindow=true resizeMode=1 isResizeable=true minWidth=-1 minHeight=-1 defaultMinSize=220 token=WCT{RemoteToken{8ed6611 Task{7539643 #9157 type=standard I=com.android.chrome/com.google.android.apps.chrome.IntentDispatcher}}} topActivityType=1 pictureInPictureParams=null shouldDockBigOverlays=false launchIntoPipHostTaskId=-1 lastParentTaskIdBeforePip=-1 displayCutoutSafeInsets=Rect(0, 104 - 0, 0) topActivityInfo=ActivityInfo{453d376 com.google.android.apps.chrome.IntentDispatcher} launchCookies=[] positionInParent=Point(0, 0) parentTaskId=-1 isFocused=false isVisible=false isVisibleRequested=false isTopActivityNoDisplay=true isSleeping=false locusId=null displayAreaFeatureId=1 isTopActivityTransparent=true isActivityStackTransparent=true lastNonFullscreenBounds=Rect(286, 709 - 795, 1789) capturedLink=null capturedLinkTimestamp=0 requestedVisibleTypes=-9 topActivityRequestOpenInBrowserEducationTimestamp=0 appCompatTaskInfo=AppCompatTaskInfo { topActivityInSizeCompat=false eligibleForLetterboxEducation= false isLetterboxEducationEnabled= false isLetterboxDoubleTapEnabled= false eligibleForUserAspectRatioButton= false topActivityBoundsLetterboxed= false isFromLetterboxDoubleTap= false topActivityLetterboxVerticalPosition= -1 topActivityLetterboxHorizontalPosition= -1 topActivityLetterboxWidth=-1 topActivityLetterboxHeight=-1 topActivityLetterboxAppWidth=-1 topActivityLetterboxAppHeight=-1 isUserFullscreenOverrideEnabled=false isSystemFullscreenOverrideEnabled=false hasMinAspectRatioOverride=false topActivityLetterboxBounds=null cameraCompatTaskInfo=CameraCompatTaskInfo { freeformCameraCompatMode=inactive}} topActivityMainWindowFrame=null}, pipChange = null, remoteTransition = null, displayChange = null, flags = 0, debugId = 6920 }
07-24 17:54:06.250  1823  1957 V WindowManager:     startWCT=WindowContainerTransaction { changes= {} hops= [] errorCallbackToken=null taskFragmentOrganizer=null }
07-24 17:54:06.250  1823  1957 V WindowManager:     info={id=6920 t=OPEN f=0x0 trk=0 r=[0@Point(0, 0)] c=[
07-24 17:54:06.250  1823  1957 V WindowManager:         {WCT{RemoteToken{5632d77 Task{f321487 #9158 type=standard A=10146:com.android.chrome}}} m=OPEN f=MOVE_TO_TOP leash=Surface(name=Task=9158)/@0x4428e9e sb=Rect(0, 0 - 1080, 2460) eb=Rect(0, 0 - 1080, 2460) epz=Point(1080, 2460) d=0 taskParent=-1},
07-24 17:54:06.250  1823  1957 V WindowManager:         {WCT{RemoteToken{e27e3f5 Task{1f73fc9 #9156 type=standard A=10217:tw.nekomimi.nekogram}}} m=TO_BACK f=NONE leash=Surface(name=Task=9156)/@0x152ad39 sb=Rect(0, 0 - 1080, 2460) eb=Rect(0, 0 - 1080, 2460) epz=Point(1080, 2460) d=0 taskParent=-1}
07-24 17:54:06.250  1823  1957 V WindowManager:     ]}
07-24 17:54:06.252  1823  3385 W UserManagerService: Requested status bar icon for non-badged user 0
07-24 17:54:06.261  1823  1980 I ActivityManager: Start proc 13563:com.google.android.apps.youtube.music/u0a295 for service {com.google.android.apps.youtube.music/androidx.work.impl.background.systemjob.SystemJobService}
07-24 17:54:06.262  2750  2781 V WindowManagerShell: loadAnimation: anim=android.view.animation.AnimationSet@ff42147 animAttr=0x8 type=OPEN isEntrance=true
07-24 17:54:06.267  2750  2781 V WindowManagerShell:  animated by com.android.wm.shell.transition.DefaultTransitionHandler@c742667
07-24 17:54:06.269  1823  1980 I ActivityManager: Start proc 13564:com.google.android.youtube/u0a298 for service {com.google.android.youtube/androidx.work.impl.background.systemjob.SystemJobService}
07-24 17:54:06.420  1823  1980 I ActivityManager: Start proc 13586:com.android.chrome:privileged_process4/u0a146 for service {com.android.chrome/org.chromium.content.app.PrivilegedProcessService4}
07-24 17:54:06.583  1823  2703 D BackgroundInstallControlService: Package event received: 0
07-24 17:54:06.598 11944 11944 D InsetsController: Setting requestedVisibleTypes to -9 (was -1)
07-24 17:54:06.598  1823  5325 D CoreBackPreview: Window{a1ed30 u0 tw.nekomimi.nekogram/org.telegram.messenger.DefaultIcon}: Setting back callback OnBackInvokedCallbackInfo{mCallback=android.window.IOnBackInvokedCallback$Stub$Proxy@2cd099d, mPriority=0, mIsAnimationCallback=false, mOverrideBehavior=0}
07-24 17:54:06.613  1823  1980 W ActivityManager: Slow operation: 194ms so far, now at startProcess: returned from zygote!
07-24 17:54:06.613  1823  1980 W ActivityManager: Slow operation: 194ms so far, now at startProcess: done updating battery stats
07-24 17:54:06.613  1823  1980 W ActivityManager: Slow operation: 194ms so far, now at startProcess: building log message
07-24 17:54:06.613  1823  1980 I ActivityManager: Start proc 13625:com.android.chrome:sandboxed_process0:org.chromium.content.app.SandboxedProcessService0:34/u0ai100 for  {com.android.chrome/org.chromium.content.app.SandboxedProcessService0:34}
07-24 17:54:06.615  1823  1980 W ActivityManager: Slow operation: 194ms so far, now at startProcess: starting to update pids map
07-24 17:54:06.615  1823  1980 W ActivityManager: Slow operation: 196ms so far, now at startProcess: done updating pids map
07-24 17:54:06.626  1823  5071 D CoreBackPreview: Window{5c72df3 u0 com.android.chrome/org.chromium.chrome.browser.customtabs.CustomTabActivity}: Setting back callback OnBackInvokedCallbackInfo{mCallback=android.window.IOnBackInvokedCallback$Stub$Proxy@6b43fe0, mPriority=-1, mIsAnimationCallback=false, mOverrideBehavior=0}
07-24 17:54:06.632  1823  5071 D CoreBackPreview: Window{5c72df3 u0 com.android.chrome/org.chromium.chrome.browser.customtabs.CustomTabActivity}: Setting back callback OnBackInvokedCallbackInfo{mCallback=android.window.IOnBackInvokedCallback$Stub$Proxy@d75a299, mPriority=0, mIsAnimationCallback=true, mOverrideBehavior=0}
07-24 17:54:06.686  1823  2589 W JobServiceContext: Sending onNetworkChanged for a job that isn't started. JobStatus{9171106 androidx.work.systemjobscheduler:u0a298/645 @androidx.work.systemjobscheduler@com.google.android.youtube/androidx.work.impl.background.systemjob.SystemJobService u=0 s=10298 TIME=-2s951ms:none NET READY}
07-24 17:54:06.686  1823  2589 W JobServiceContext: Sending onNetworkChanged for a job that isn't started. JobStatus{69ecb64 androidx.work.systemjobscheduler:u0a298/70 @androidx.work.systemjobscheduler@com.google.android.youtube/androidx.work.impl.background.systemjob.SystemJobService u=0 s=10298 TIME=-5s233ms:none NET READY}
07-24 17:54:06.726  1823  1823 W AccessibilityManagerService:  wait for adding window timeout: 7482
07-24 17:54:06.773  1823  2703 D BackgroundInstallControlService: Package event received: 0
07-24 17:54:06.773  1823  1960 W AccessibilityWindowsPopulator: Windows change within in 2 frames continuously over 500 ms and notify windows changed immediately
07-24 17:54:06.779  2750  2781 V WindowManagerShell: Transition animation finished (aborted=false), notifying core (#6920) android.os.BinderProxy@d246514@0
07-24 17:54:06.781  1823  1957 V WindowManager: Finish Transition (#6920): created at 07-24 17:54:06.069 collect-started=0.18ms request-sent=10.338ms started=16.58ms ready=151.308ms sent=161.03ms finished=711.692ms
07-24 17:54:06.782  2750  2781 V WindowManagerShell: Track 0 became idle
07-24 17:54:06.782  2750  2781 V WindowManagerShell: All active transition animations finished
07-24 17:54:06.784  1823  5071 W UserManagerService: Requested status bar icon for non-badged user 0
07-24 17:54:06.786  1823  3385 W UserManagerService: Requested status bar icon for non-badged user 0
07-24 17:54:06.792  1823  5071 W UserManagerService: Requested status bar icon for non-badged user 0
07-24 17:54:06.891  2750  2781 D WindowManagerShell: onKeepClearAreasChanged: restricted={}, unrestricted={}
07-24 17:54:06.959  1823  2913 I ActivityManager: Process org.zwanoo.android.speedtest (pid 12482) has died: cch+75 CEM 
07-24 17:54:06.964  1823  1958 D DisplayManagerService: Drop pending events for gone uid 10279
07-24 17:54:07.019  1823  5071 W PackageConfigPersister: App-specific configuration not found for packageName: com.android.chrome and userId: 0
07-24 17:54:07.077  1823  2913 I ActivityManager: Process com.google.android.googlequicksearchbox:googleapp (pid 13025) has died: cch+65 CEM 
07-24 17:54:07.080  1823  6112 E AppOps  : Bad call made by uid 1000. Package "com.google.android.googlequicksearchbox" does not belong to uid 1000.
07-24 17:54:07.081  1823  2913 D ActivityManager: sync unfroze 13288 com.google.android.webview:sandboxed_process0:org.chromium.content.app.SandboxedProcessService0:1 for 5
07-24 17:54:07.085  1823  2703 D BackgroundInstallControlService: Package event received: 0
07-24 17:54:07.089  1823  1960 I ActivityManager: Killing 13288:com.google.android.webview:sandboxed_process0:org.chromium.content.app.SandboxedProcessService0:1/u0a122i505 (adj 0): isolated not needed
07-24 17:54:07.180  1823  1958 D DisplayManagerService: Drop pending events for gone uid 99505
07-24 17:54:07.241   809 13370 I keystore2: system/security/keystore2/watchdog/src/lib.rs:356 - Watchdog thread idle -> terminating. Have a great day.
07-24 17:54:07.261  1823  2703 D BackgroundInstallControlService: Package event received: 0
07-24 17:54:07.308  1823  2914 I ActivityManager: Process com.google.android.webview:webview_service (pid 13211) has died: cch+35 CEM 
07-24 17:54:07.315  1823  1958 D DisplayManagerService: Drop pending events for gone uid 10143
07-24 17:54:07.351  1823  2589 W JobServiceContext: Sending onNetworkChanged for a job that isn't started. JobStatus{1b795f1 androidx.work.systemjobscheduler:u0a295/6820 @androidx.work.systemjobscheduler@com.google.android.apps.youtube.music/androidx.work.impl.background.systemjob.SystemJobService u=0 s=10295 TIME=-6s704ms:none NET READY}
07-24 17:54:07.360  1823  5367 E AppOps  : Bad call made by uid 1000. Package "com.google.android.googlequicksearchbox" does not belong to uid 1000.
07-24 17:54:07.360  1823  2573 I ActivityManager: Process com.google.android.googlequicksearchbox:search (pid 13140) has died: cch+45 CEM 
07-24 17:54:07.363  1823  1958 D DisplayManagerService: Drop pending events for gone uid 10122
07-24 17:54:07.630  1823  2703 D BackgroundInstallControlService: Package event received: 0
07-24 17:54:07.647  1823  2573 I ActivityManager: Process com.android.adservices.api (pid 13264) has died: cch+25 CEM 
07-24 17:54:07.648  1823  1958 D DisplayManagerService: Drop pending events for gone uid 10204
07-24 17:54:07.740  1823  3408 I ActivityManager: Process com.facebook.katana (pid 12773) has died: cch+15 CEM 
07-24 17:54:07.742  1823  1958 D DisplayManagerService: Drop pending events for gone uid 10238
07-24 17:54:07.774  1823  2703 D BackgroundInstallControlService: Package event received: 0
07-24 17:54:07.859  1823  2573 V AutofillSession: Primary service component name: ComponentInfo{com.google.android.gms/com.google.android.gms.autofill.service.AutofillService}, secondary service component name: ComponentInfo{com.android.credentialmanager/com.android.credentialmanager.autofill.CredentialAutofillService}
07-24 17:54:07.859  1823  2573 V SecondaryProviderHandler: Creating a secondary provider handler with component name, ComponentInfo{com.android.credentialmanager/com.android.credentialmanager.autofill.CredentialAutofillService}
07-24 17:54:07.860  1823  2573 D PresentationStatsEventLogger: Started new PresentationStatsEvent
07-24 17:54:07.862  1823  3408 W PresentationStatsEventLogger: Bad view state for: -1, state: ViewState: [id=19@1923961070, state:10010, currentValue:android.view.autofill.AutofillValue@548739ba]
07-24 17:54:07.865  1823  2573 W PresentationStatsEventLogger: Bad view state for: -1, state: ViewState: [id=19@1923961070, state:14018, currentValue:android.view.autofill.AutofillValue@346a7f90]
07-24 17:54:07.936  1823  3408 D AutofillSession: createPendingIntent for request 1146
07-24 17:54:08.317  1823  5071 I ActivityManager: Process com.facebook.orca (pid 13373) has died: cch+5 CEM 
07-24 17:54:08.322  1823  1958 D DisplayManagerService: Drop pending events for gone uid 10259
07-24 17:54:08.415  1823  2573 W JobScheduler: Job didn't exist in JobStore: 1b795f1 {androidx.work.systemjobscheduler} #u0a295/6820 @androidx.work.systemjobscheduler@com.google.android.apps.youtube.music/androidx.work.impl.background.systemjob.SystemJobService
07-24 17:54:08.812  1823  2914 I ActivityManager: Process com.google.android.apps.youtube.music (pid 13563) has died: cch+5 CEM 
07-24 17:54:08.817  1823  1958 D DisplayManagerService: Drop pending events for gone uid 10295
07-24 17:54:09.158  1823  6138 W ActivityTaskManager: Force remove immediately ActivityRecord{128831620 u0 com.whatsapp/.Conversation t9155} state=STOPPED
07-24 17:54:09.159  1823  3408 I ActivityManager: Process com.whatsapp (pid 24556) has died: cch CAC 
07-24 17:54:09.160  1823  5325 D AutofillSession: handling death of Token{53ba5a5 ActivityRecord{139163548 u0 com.whatsapp/.home.ui.HomeActivity t9155}} when saving=false
07-24 17:54:09.160  1823  6138 D ActivityTaskManager: Remove task fragment: removeLastChild ActivityRecord{128831620 u0 com.whatsapp/.Conversation t-1 f}}
