07-24 18:00:25.328  1823  1958 D DisplayManagerService: Drop pending events for gone uid 90106
07-24 18:00:25.629  1823  5122 D CoreBackPreview: startBackNavigation currentTask=Task{f53451d #9043 type=standard A=10146:com.android.chrome}, topRunningActivity=ActivityRecord{64589062 u0 com.android.chrome/com.google.android.apps.chrome.Main t9043}, callbackInfo=OnBackInvokedCallbackInfo{mCallback=android.window.IOnBackInvokedCallback$Stub$Proxy@d9504ac, mPriority=-1, mIsAnimationCallback=false, mOverrideBehavior=0}, currentFocus=Window{54e0881 u0 com.android.chrome/com.google.android.apps.chrome.Main}
07-24 18:00:25.629  1823  5122 D CoreBackPreview: Previous Destination is Activity:null Task:null removedContainer:Window{54e0881 u0 com.android.chrome/com.google.android.apps.chrome.Main}, backType=TYPE_DIALOG_CLOSE
07-24 18:00:25.630  2750  2781 D ShellBackPreview: Received backNavigationInfo:BackNavigationInfo{mType=TYPE_DIALOG_CLOSE (0), mOnBackNavigationDone=android.os.RemoteCallback@e9c6e6c, mOnBackInvokedCallback=android.window.IOnBackInvokedCallback$Stub$Proxy@5c81c35, mPrepareRemoteAnimation=false, mAnimationCallback=false, mCustomizeAnimationInfo=null}
07-24 18:00:25.678  2750  2781 D ShellBackPreview: Finishing gesture with event action: 1
07-24 18:00:25.678  2750  2781 D ShellBackPreview: onGestureFinished() mTriggerBack == false
07-24 18:00:25.678  2750  2781 D ShellBackPreview: Trigger back without dispatching to animator.
07-24 18:00:25.678  2750  2781 D ShellBackPreview: BackAnimationController: finishBackNavigation()
07-24 18:00:25.678  1823  5122 D CoreBackPreview: onBackNavigationDone backType=0, triggerBack=false
07-24 18:00:25.788  1823  5122 D CoreBackPreview: Window{54e0881 u0 com.android.chrome/com.google.android.apps.chrome.Main}: Setting back callback null
07-24 18:00:25.816  1823  1960 V WindowManager: Unknown focus tokens, dropping reportFocusChanged
07-24 18:00:25.843  1823  5122 W PackageConfigPersister: App-specific configuration not found for packageName: com.android.chrome and userId: 0
07-24 18:00:37.811  1823  2703 D BackgroundInstallControlService: Package event received: 0
07-24 18:00:37.870  1823  2703 D BackgroundInstallControlService: Package event received: 0
07-24 18:00:37.883  1823  2703 D BackgroundInstallControlService: Package event received: 0
07-24 18:00:37.900  1823  2703 D BackgroundInstallControlService: Package event received: 0
07-24 18:00:37.911  1823  2703 D BackgroundInstallControlService: Package event received: 0
07-24 18:00:39.187  1823  5272 D CoreBackPreview: Window{6465cdb u0 com.android.chrome/com.google.android.apps.chrome.Main}: Setting back callback OnBackInvokedCallbackInfo{mCallback=android.window.IOnBackInvokedCallback$Stub$Proxy@f50528e, mPriority=-1, mIsAnimationCallback=false, mOverrideBehavior=0}
07-24 18:00:39.206  1823  1980 I ActivityManager: Start proc 16238:com.android.chrome:sandboxed_process0:org.chromium.content.app.SandboxedProcessService0:41/u0ai107 for  {com.android.chrome/org.chromium.content.app.SandboxedProcessService0:41}
07-24 18:00:39.230  1823  2703 D BackgroundInstallControlService: Package event received: 0
07-24 18:00:39.334  1823  2703 D BackgroundInstallControlService: Package event received: 0
07-24 18:00:39.343  1823  5272 W PackageConfigPersister: App-specific configuration not found for packageName: com.android.chrome and userId: 0
07-24 18:00:39.362  1823  2703 D BackgroundInstallControlService: Package event received: 0
07-24 18:00:39.377  1823  2703 D BackgroundInstallControlService: Package event received: 0
07-24 18:00:39.393  1823  2703 D BackgroundInstallControlService: Package event received: 0
07-24 18:00:39.400  1823  5463 I ActivityManager: Killing 16238:com.android.chrome:sandboxed_process0:org.chromium.content.app.SandboxedProcessService0:41/u0a146i-8893 (adj 0): isolated not needed
07-24 18:00:39.408  1823  2703 D BackgroundInstallControlService: Package event received: 0
07-24 18:00:39.427  1823  1958 D DisplayManagerService: Drop pending events for gone uid 90107
07-24 18:00:39.672  1823  1897 D CoreBackPreview: startBackNavigation currentTask=Task{f53451d #9043 type=standard A=10146:com.android.chrome}, topRunningActivity=ActivityRecord{64589062 u0 com.android.chrome/com.google.android.apps.chrome.Main t9043}, callbackInfo=OnBackInvokedCallbackInfo{mCallback=android.window.IOnBackInvokedCallback$Stub$Proxy@f50528e, mPriority=-1, mIsAnimationCallback=false, mOverrideBehavior=0}, currentFocus=Window{6465cdb u0 com.android.chrome/com.google.android.apps.chrome.Main}
07-24 18:00:39.672  1823  1897 D CoreBackPreview: Previous Destination is Activity:null Task:null removedContainer:Window{6465cdb u0 com.android.chrome/com.google.android.apps.chrome.Main}, backType=TYPE_DIALOG_CLOSE
07-24 18:00:39.673  2750  2781 D ShellBackPreview: Received backNavigationInfo:BackNavigationInfo{mType=TYPE_DIALOG_CLOSE (0), mOnBackNavigationDone=android.os.RemoteCallback@4ca58ca, mOnBackInvokedCallback=android.window.IOnBackInvokedCallback$Stub$Proxy@7718a3b, mPrepareRemoteAnimation=false, mAnimationCallback=false, mCustomizeAnimationInfo=null}
07-24 18:00:39.763  2750  2781 D ShellBackPreview: Finishing gesture with event action: 1
07-24 18:00:39.764  2750  2781 D ShellBackPreview: onGestureFinished() mTriggerBack == false
07-24 18:00:39.764  2750  2781 D ShellBackPreview: Trigger back without dispatching to animator.
07-24 18:00:39.764  2750  2781 D ShellBackPreview: BackAnimationController: finishBackNavigation()
07-24 18:00:39.764  1823  5463 D CoreBackPreview: onBackNavigationDone backType=0, triggerBack=false
07-24 18:00:39.821  1823  5463 D CoreBackPreview: Window{6465cdb u0 com.android.chrome/com.google.android.apps.chrome.Main}: Setting back callback null
07-24 18:00:39.836  1823  1960 V WindowManager: Unknown focus tokens, dropping reportFocusChanged
07-24 18:00:39.868  1823  5463 W PackageConfigPersister: App-specific configuration not found for packageName: com.android.chrome and userId: 0
07-24 18:00:40.876  1823  2703 D BackgroundInstallControlService: Package event received: 0
07-24 18:00:40.899  1823  2703 D BackgroundInstallControlService: Package event received: 0
07-24 18:00:46.569  1823  5122 D CoreBackPreview: Window{706bbd3 u0 com.android.chrome/com.google.android.apps.chrome.Main}: Setting back callback OnBackInvokedCallbackInfo{mCallback=android.window.IOnBackInvokedCallback$Stub$Proxy@463771a, mPriority=-1, mIsAnimationCallback=false, mOverrideBehavior=0}
07-24 18:00:46.650  1823  1980 I ActivityManager: Start proc 16268:com.android.chrome:sandboxed_process0:org.chromium.content.app.SandboxedProcessService0:42/u0ai108 for  {com.android.chrome/org.chromium.content.app.SandboxedProcessService0:42}
07-24 18:00:46.691  1823  5272 W PackageConfigPersister: App-specific configuration not found for packageName: com.android.chrome and userId: 0
07-24 18:00:46.719  1823  2703 D BackgroundInstallControlService: Package event received: 0
07-24 18:00:46.755  1823  1897 I ActivityManager: Killing 16268:com.android.chrome:sandboxed_process0:org.chromium.content.app.SandboxedProcessService0:42/u0a146i-8892 (adj 0): isolated not needed
07-24 18:00:46.784  1823  1958 D DisplayManagerService: Drop pending events for gone uid 90108
07-24 18:00:46.986  1823  1897 D CoreBackPreview: startBackNavigation currentTask=Task{f53451d #9043 type=standard A=10146:com.android.chrome}, topRunningActivity=ActivityRecord{64589062 u0 com.android.chrome/com.google.android.apps.chrome.Main t9043}, callbackInfo=OnBackInvokedCallbackInfo{mCallback=android.window.IOnBackInvokedCallback$Stub$Proxy@463771a, mPriority=-1, mIsAnimationCallback=false, mOverrideBehavior=0}, currentFocus=Window{706bbd3 u0 com.android.chrome/com.google.android.apps.chrome.Main}
07-24 18:00:46.986  1823  1897 D CoreBackPreview: Previous Destination is Activity:null Task:null removedContainer:Window{706bbd3 u0 com.android.chrome/com.google.android.apps.chrome.Main}, backType=TYPE_DIALOG_CLOSE
07-24 18:00:46.988  2750  2781 D ShellBackPreview: Received backNavigationInfo:BackNavigationInfo{mType=TYPE_DIALOG_CLOSE (0), mOnBackNavigationDone=android.os.RemoteCallback@8180558, mOnBackInvokedCallback=android.window.IOnBackInvokedCallback$Stub$Proxy@deb46b1, mPrepareRemoteAnimation=false, mAnimationCallback=false, mCustomizeAnimationInfo=null}
07-24 18:00:47.075  2750  2781 D ShellBackPreview: Finishing gesture with event action: 1
07-24 18:00:47.075  2750  2781 D ShellBackPreview: onGestureFinished() mTriggerBack == false
07-24 18:00:47.075  2750  2781 D ShellBackPreview: Trigger back without dispatching to animator.
07-24 18:00:47.075  2750  2781 D ShellBackPreview: BackAnimationController: finishBackNavigation()
07-24 18:00:47.076  1823  1897 D CoreBackPreview: onBackNavigationDone backType=0, triggerBack=false
07-24 18:00:47.129  1823  1897 D CoreBackPreview: Window{706bbd3 u0 com.android.chrome/com.google.android.apps.chrome.Main}: Setting back callback null
07-24 18:00:47.155  1823  1960 V WindowManager: Unknown focus tokens, dropping reportFocusChanged
07-24 18:00:47.178  1823  5325 W PackageConfigPersister: App-specific configuration not found for packageName: com.android.chrome and userId: 0
07-24 18:00:54.969  1823  1979 D ActivityManager: sync unfroze 14377 com.android.settings for 10
07-24 18:00:57.805  1823  2703 D BackgroundInstallControlService: Package event received: 0
07-24 18:00:57.865  1823  2703 D BackgroundInstallControlService: Package event received: 0
07-24 18:00:57.878  1823  2703 D BackgroundInstallControlService: Package event received: 0
07-24 18:00:57.892  1823  2703 D BackgroundInstallControlService: Package event received: 0
07-24 18:00:57.903  1823  2703 D BackgroundInstallControlService: Package event received: 0
07-24 18:00:58.208  1823  5272 W PackageConfigPersister: App-specific configuration not found for packageName: com.android.chrome and userId: 0
07-24 18:00:58.212 23975 23975 D InsetsController: Setting requestedVisibleTypes to -1 (was -9)
07-24 18:00:58.215  1823  2703 D BackgroundInstallControlService: Package event received: 0
07-24 18:00:58.266  1823  6139 D CoreBackPreview: Window{80cb4d5 u0 com.android.chrome/com.google.android.apps.chrome.Main}: Setting back callback OnBackInvokedCallbackInfo{mCallback=android.window.IOnBackInvokedCallback$Stub$Proxy@c3cb7fa, mPriority=0, mIsAnimationCallback=true, mOverrideBehavior=0}
07-24 18:00:58.284  2750  2781 D WindowManagerShell: onKeepClearAreasChanged: restricted={}, unrestricted={Rect(0, 2328 - 1080, 2460)}
07-24 18:00:58.302  2750  2781 D WindowManagerShell: onKeepClearAreasChanged: restricted={}, unrestricted={Rect(0, 1624 - 1080, 2460)}
07-24 18:00:58.314  1823  2703 D BackgroundInstallControlService: Package event received: 0
07-24 18:00:58.351 23975 23975 D InsetsController: Setting requestedVisibleTypes to -9 (was -1)
07-24 18:00:58.352  1823  5325 D CoreBackPreview: Window{80cb4d5 u0 com.android.chrome/com.google.android.apps.chrome.Main}: Setting back callback OnBackInvokedCallbackInfo{mCallback=android.window.IOnBackInvokedCallback$Stub$Proxy@d5bab23, mPriority=0, mIsAnimationCallback=true, mOverrideBehavior=0}
07-24 18:00:58.366  1823  5272 W PackageConfigPersister: App-specific configuration not found for packageName: com.android.chrome and userId: 0
07-24 18:00:58.369  2750  2781 D WindowManagerShell: onKeepClearAreasChanged: restricted={}, unrestricted={}
07-24 18:00:58.791  1823  1823 W AccessibilityManagerService:  wait for adding window timeout: 4800
07-24 18:00:58.896  1823  6139 W PackageConfigPersister: App-specific configuration not found for packageName: com.android.chrome and userId: 0
07-24 18:00:58.899 23975 23975 D InsetsController: Setting requestedVisibleTypes to -1 (was -9)
07-24 18:00:58.909  1823  2703 D BackgroundInstallControlService: Package event received: 0
07-24 18:00:58.915  2750  2781 D WindowManagerShell: onKeepClearAreasChanged: restricted={}, unrestricted={Rect(0, 1624 - 1080, 2460)}
07-24 18:00:59.032  1823  1897 D CoreBackPreview: Window{80cb4d5 u0 com.android.chrome/com.google.android.apps.chrome.Main}: Setting back callback OnBackInvokedCallbackInfo{mCallback=android.window.IOnBackInvokedCallback$Stub$Proxy@a5bb2, mPriority=0, mIsAnimationCallback=true, mOverrideBehavior=0}
07-24 18:00:59.057 23975 23975 D InsetsController: Setting requestedVisibleTypes to -9 (was -1)
07-24 18:00:59.060  1823  1897 D CoreBackPreview: Window{80cb4d5 u0 com.android.chrome/com.google.android.apps.chrome.Main}: Setting back callback OnBackInvokedCallbackInfo{mCallback=android.window.IOnBackInvokedCallback$Stub$Proxy@de8c680, mPriority=0, mIsAnimationCallback=true, mOverrideBehavior=0}
07-24 18:00:59.084  1823  5272 W PackageConfigPersister: App-specific configuration not found for packageName: com.android.chrome and userId: 0
07-24 18:00:59.397  2750  2781 D WindowManagerShell: onKeepClearAreasChanged: restricted={}, unrestricted={}
07-24 18:00:59.421  1823  2703 D BackgroundInstallControlService: Package event received: 0
07-24 18:00:59.468  1823  2703 D BackgroundInstallControlService: Package event received: 0
07-24 18:00:59.480  1823  2703 D BackgroundInstallControlService: Package event received: 0
07-24 18:00:59.496  1823  2703 D BackgroundInstallControlService: Package event received: 0
07-24 18:00:59.507  1823  2703 D BackgroundInstallControlService: Package event received: 0
07-24 18:00:59.790 23975 23975 D InsetsController: Setting requestedVisibleTypes to -1 (was -9)
07-24 18:00:59.791  1823  5122 W PackageConfigPersister: App-specific configuration not found for packageName: com.android.chrome and userId: 0
07-24 18:00:59.796  2750  2781 D WindowManagerShell: onKeepClearAreasChanged: restricted={}, unrestricted={Rect(0, 1624 - 1080, 2460)}
07-24 18:00:59.798  1823  2703 D BackgroundInstallControlService: Package event received: 0
07-24 18:00:59.908  1823  5122 D CoreBackPreview: Window{80cb4d5 u0 com.android.chrome/com.google.android.apps.chrome.Main}: Setting back callback OnBackInvokedCallbackInfo{mCallback=android.window.IOnBackInvokedCallback$Stub$Proxy@af933a4, mPriority=0, mIsAnimationCallback=true, mOverrideBehavior=0}
07-24 18:01:00.157  1823  5272 D CoreBackPreview: Window{31d521a u0 PopupWindow:424d3f0}: Setting back callback OnBackInvokedCallbackInfo{mCallback=android.window.IOnBackInvokedCallback$Stub$Proxy@fae75e6, mPriority=0, mIsAnimationCallback=false, mOverrideBehavior=0}
07-24 18:01:03.200 23975 23975 D InsetsController: Setting requestedVisibleTypes to -9 (was -1)
07-24 18:01:03.200  1823  2572 D CoreBackPreview: Window{80cb4d5 u0 com.android.chrome/com.google.android.apps.chrome.Main}: Setting back callback OnBackInvokedCallbackInfo{mCallback=android.window.IOnBackInvokedCallback$Stub$Proxy@cfe75ca, mPriority=0, mIsAnimationCallback=true, mOverrideBehavior=0}
07-24 18:01:03.207  1823  5272 W PackageConfigPersister: App-specific configuration not found for packageName: com.android.chrome and userId: 0
07-24 18:01:03.456  1823  5584 D CoreBackPreview: Window{31d521a u0 PopupWindow:424d3f0}: Setting back callback null
07-24 18:01:03.507  2750  2781 D WindowManagerShell: onKeepClearAreasChanged: restricted={}, unrestricted={}
07-24 18:01:06.867  1823  5272 I Telecom : PhoneAccountRegistrar: getSimCallManager: SimCallManager for subId 1 queried, returning: null: TSI.gPA(cgag)@mgk
07-24 18:01:15.011  1823  2599 D ActivityManager: freezing 14377 com.android.settings
07-24 18:01:15.641 23975 23975 D InsetsController: Setting requestedVisibleTypes to -1 (was -9)
07-24 18:01:15.642  1823  5272 W PackageConfigPersister: App-specific configuration not found for packageName: com.android.chrome and userId: 0
07-24 18:01:15.653  1823  2703 D BackgroundInstallControlService: Package event received: 0
07-24 18:01:15.653  2750  2781 D WindowManagerShell: onKeepClearAreasChanged: restricted={}, unrestricted={Rect(0, 1624 - 1080, 2460)}
07-24 18:01:15.766  1823  5463 D CoreBackPreview: Window{80cb4d5 u0 com.android.chrome/com.google.android.apps.chrome.Main}: Setting back callback OnBackInvokedCallbackInfo{mCallback=android.window.IOnBackInvokedCallback$Stub$Proxy@c1726cd, mPriority=0, mIsAnimationCallback=true, mOverrideBehavior=0}
07-24 18:01:15.872  1823  2703 D BackgroundInstallControlService: Package event received: 0
07-24 18:01:19.097 23975 23975 D InsetsController: Setting requestedVisibleTypes to -9 (was -1)
07-24 18:01:19.097  1823  5463 D CoreBackPreview: Window{80cb4d5 u0 com.android.chrome/com.google.android.apps.chrome.Main}: Setting back callback OnBackInvokedCallbackInfo{mCallback=android.window.IOnBackInvokedCallback$Stub$Proxy@8df6285, mPriority=0, mIsAnimationCallback=true, mOverrideBehavior=0}
07-24 18:01:19.105  1823  2572 W PackageConfigPersister: App-specific configuration not found for packageName: com.android.chrome and userId: 0
07-24 18:01:19.401  2750  2781 D WindowManagerShell: onKeepClearAreasChanged: restricted={}, unrestricted={}
07-24 18:01:19.771  1823  1979 D ActivityManager: sync unfroze 14277 org.zwanoo.android.speedtest for 3
07-24 18:01:19.850  1823  2703 D BackgroundInstallControlService: Package event received: 0
07-24 18:01:19.959  1823  5272 E ThermalManagerService$ThermalHalWrapper: Couldn't getCurrentCoolingDevices due to invalid status
07-24 18:01:19.959  1823  5272 E ThermalManagerService$ThermalHalWrapper: java.lang.IllegalArgumentException: ThermalHAL not initialized properly.
07-24 18:01:19.959  1823  5272 E ThermalManagerService$ThermalHalWrapper: 	at android.os.Parcel.createExceptionOrNull(Parcel.java:3265)
07-24 18:01:19.959  1823  5272 E ThermalManagerService$ThermalHalWrapper: 	at android.os.Parcel.createException(Parcel.java:3245)
07-24 18:01:19.959  1823  5272 E ThermalManagerService$ThermalHalWrapper: 	at android.os.Parcel.readException(Parcel.java:3228)
07-24 18:01:19.959  1823  5272 E ThermalManagerService$ThermalHalWrapper: 	at android.os.Parcel.readException(Parcel.java:3170)
07-24 18:01:19.959  1823  5272 E ThermalManagerService$ThermalHalWrapper: 	at android.hardware.thermal.IThermal$Stub$Proxy.getTemperaturesWithType(IThermal.java:658)
07-24 18:01:19.959  1823  5272 E ThermalManagerService$ThermalHalWrapper: 	at com.android.server.power.ThermalManagerService$ThermalHalAidlWrapper.getCurrentTemperatures(ThermalManagerService.java:1179)
07-24 18:01:19.959  1823  5272 E ThermalManagerService$ThermalHalWrapper: 	at com.android.server.power.ThermalManagerService$TemperatureWatcher.getAndUpdateTemperatureSamples(ThermalManagerService.java:1906)
07-24 18:01:19.959  1823  5272 E ThermalManagerService$ThermalHalWrapper: 	at com.android.server.power.ThermalManagerService$TemperatureWatcher.getForecast(ThermalManagerService.java:1982)
07-24 18:01:19.959  1823  5272 E ThermalManagerService$ThermalHalWrapper: 	at com.android.server.power.ThermalManagerService$2.getThermalHeadroom(ThermalManagerService.java:707)
07-24 18:01:19.959  1823  5272 E ThermalManagerService$ThermalHalWrapper: 	at android.os.IThermalService$Stub.onTransact(IThermalService.java:362)
07-24 18:01:19.959  1823  5272 E ThermalManagerService$ThermalHalWrapper: 	at android.os.Binder.execTransactInternal(Binder.java:1406)
07-24 18:01:19.959  1823  5272 E ThermalManagerService$ThermalHalWrapper: 	at android.os.Binder.execTransact(Binder.java:1350)
07-24 18:01:19.959  1823  5272 E ThermalManagerService: No temperature samples found
07-24 18:01:20.960  1823  1978 E ThermalManagerService$ThermalHalWrapper: Couldn't getCurrentCoolingDevices due to invalid status
07-24 18:01:20.960  1823  1978 E ThermalManagerService$ThermalHalWrapper: java.lang.IllegalArgumentException: ThermalHAL not initialized properly.
07-24 18:01:20.960  1823  1978 E ThermalManagerService$ThermalHalWrapper: 	at android.os.Parcel.createExceptionOrNull(Parcel.java:3265)
07-24 18:01:20.960  1823  1978 E ThermalManagerService$ThermalHalWrapper: 	at android.os.Parcel.createException(Parcel.java:3245)
07-24 18:01:20.960  1823  1978 E ThermalManagerService$ThermalHalWrapper: 	at android.os.Parcel.readException(Parcel.java:3228)
07-24 18:01:20.960  1823  1978 E ThermalManagerService$ThermalHalWrapper: 	at android.os.Parcel.readException(Parcel.java:3170)
07-24 18:01:20.960  1823  1978 E ThermalManagerService$ThermalHalWrapper: 	at android.hardware.thermal.IThermal$Stub$Proxy.getTemperaturesWithType(IThermal.java:658)
07-24 18:01:20.960  1823  1978 E ThermalManagerService$ThermalHalWrapper: 	at com.android.server.power.ThermalManagerService$ThermalHalAidlWrapper.getCurrentTemperatures(ThermalManagerService.java:1179)
07-24 18:01:20.960  1823  1978 E ThermalManagerService$ThermalHalWrapper: 	at com.android.server.power.ThermalManagerService$TemperatureWatcher.getAndUpdateTemperatureSamples(ThermalManagerService.java:1906)
07-24 18:01:20.960  1823  1978 E ThermalManagerService$ThermalHalWrapper: 	at com.android.server.power.ThermalManagerService$TemperatureWatcher.$r8$lambda$UBi4DQBBLPBYQRHEEMFqEv1BLg8(ThermalManagerService.java:0)
07-24 18:01:20.960  1823  1978 E ThermalManagerService$ThermalHalWrapper: 	at com.android.server.power.ThermalManagerService$TemperatureWatcher$$ExternalSyntheticLambda1.run(R8$$SyntheticClass:0)
07-24 18:01:20.960  1823  1978 E ThermalManagerService$ThermalHalWrapper: 	at android.os.Handler.handleCallback(Handler.java:991)
07-24 18:01:20.960  1823  1978 E ThermalManagerService$ThermalHalWrapper: 	at android.os.Handler.dispatchMessage(Handler.java:102)
07-24 18:01:20.960  1823  1978 E ThermalManagerService$ThermalHalWrapper: 	at android.os.Looper.loopOnce(Looper.java:232)
07-24 18:01:20.960  1823  1978 E ThermalManagerService$ThermalHalWrapper: 	at android.os.Looper.loop(Looper.java:317)
07-24 18:01:20.960  1823  1978 E ThermalManagerService$ThermalHalWrapper: 	at android.os.HandlerThread.run(HandlerThread.java:85)
07-24 18:01:21.960  1823  1978 E ThermalManagerService$ThermalHalWrapper: Couldn't getCurrentCoolingDevices due to invalid status
07-24 18:01:21.960  1823  1978 E ThermalManagerService$ThermalHalWrapper: java.lang.IllegalArgumentException: ThermalHAL not initialized properly.
07-24 18:01:21.960  1823  1978 E ThermalManagerService$ThermalHalWrapper: 	at android.os.Parcel.createExceptionOrNull(Parcel.java:3265)
07-24 18:01:21.960  1823  1978 E ThermalManagerService$ThermalHalWrapper: 	at android.os.Parcel.createException(Parcel.java:3245)
07-24 18:01:21.960  1823  1978 E ThermalManagerService$ThermalHalWrapper: 	at android.os.Parcel.readException(Parcel.java:3228)
07-24 18:01:21.960  1823  1978 E ThermalManagerService$ThermalHalWrapper: 	at android.os.Parcel.readException(Parcel.java:3170)
07-24 18:01:21.960  1823  1978 E ThermalManagerService$ThermalHalWrapper: 	at android.hardware.thermal.IThermal$Stub$Proxy.getTemperaturesWithType(IThermal.java:658)
07-24 18:01:21.960  1823  1978 E ThermalManagerService$ThermalHalWrapper: 	at com.android.server.power.ThermalManagerService$ThermalHalAidlWrapper.getCurrentTemperatures(ThermalManagerService.java:1179)
07-24 18:01:21.960  1823  1978 E ThermalManagerService$ThermalHalWrapper: 	at com.android.server.power.ThermalManagerService$TemperatureWatcher.getAndUpdateTemperatureSamples(ThermalManagerService.java:1906)
07-24 18:01:21.960  1823  1978 E ThermalManagerService$ThermalHalWrapper: 	at com.android.server.power.ThermalManagerService$TemperatureWatcher.$r8$lambda$UBi4DQBBLPBYQRHEEMFqEv1BLg8(ThermalManagerService.java:0)
07-24 18:01:21.960  1823  1978 E ThermalManagerService$ThermalHalWrapper: 	at com.android.server.power.ThermalManagerService$TemperatureWatcher$$ExternalSyntheticLambda1.run(R8$$SyntheticClass:0)
07-24 18:01:21.960  1823  1978 E ThermalManagerService$ThermalHalWrapper: 	at android.os.Handler.handleCallback(Handler.java:991)
07-24 18:01:21.960  1823  1978 E ThermalManagerService$ThermalHalWrapper: 	at android.os.Handler.dispatchMessage(Handler.java:102)
07-24 18:01:21.960  1823  1978 E ThermalManagerService$ThermalHalWrapper: 	at android.os.Looper.loopOnce(Looper.java:232)
07-24 18:01:21.960  1823  1978 E ThermalManagerService$ThermalHalWrapper: 	at android.os.Looper.loop(Looper.java:317)
07-24 18:01:21.960  1823  1978 E ThermalManagerService$ThermalHalWrapper: 	at android.os.HandlerThread.run(HandlerThread.java:85)
07-24 18:01:22.963  1823  1978 E ThermalManagerService$ThermalHalWrapper: Couldn't getCurrentCoolingDevices due to invalid status
07-24 18:01:22.963  1823  1978 E ThermalManagerService$ThermalHalWrapper: java.lang.IllegalArgumentException: ThermalHAL not initialized properly.
07-24 18:01:22.963  1823  1978 E ThermalManagerService$ThermalHalWrapper: 	at android.os.Parcel.createExceptionOrNull(Parcel.java:3265)
07-24 18:01:22.963  1823  1978 E ThermalManagerService$ThermalHalWrapper: 	at android.os.Parcel.createException(Parcel.java:3245)
07-24 18:01:22.963  1823  1978 E ThermalManagerService$ThermalHalWrapper: 	at android.os.Parcel.readException(Parcel.java:3228)
07-24 18:01:22.963  1823  1978 E ThermalManagerService$ThermalHalWrapper: 	at android.os.Parcel.readException(Parcel.java:3170)
07-24 18:01:22.963  1823  1978 E ThermalManagerService$ThermalHalWrapper: 	at android.hardware.thermal.IThermal$Stub$Proxy.getTemperaturesWithType(IThermal.java:658)
07-24 18:01:22.963  1823  1978 E ThermalManagerService$ThermalHalWrapper: 	at com.android.server.power.ThermalManagerService$ThermalHalAidlWrapper.getCurrentTemperatures(ThermalManagerService.java:1179)
07-24 18:01:22.963  1823  1978 E ThermalManagerService$ThermalHalWrapper: 	at com.android.server.power.ThermalManagerService$TemperatureWatcher.getAndUpdateTemperatureSamples(ThermalManagerService.java:1906)
07-24 18:01:22.963  1823  1978 E ThermalManagerService$ThermalHalWrapper: 	at com.android.server.power.ThermalManagerService$TemperatureWatcher.$r8$lambda$UBi4DQBBLPBYQRHEEMFqEv1BLg8(ThermalManagerService.java:0)
07-24 18:01:22.963  1823  1978 E ThermalManagerService$ThermalHalWrapper: 	at com.android.server.power.ThermalManagerService$TemperatureWatcher$$ExternalSyntheticLambda1.run(R8$$SyntheticClass:0)
07-24 18:01:22.963  1823  1978 E ThermalManagerService$ThermalHalWrapper: 	at android.os.Handler.handleCallback(Handler.java:991)
07-24 18:01:22.963  1823  1978 E ThermalManagerService$ThermalHalWrapper: 	at android.os.Handler.dispatchMessage(Handler.java:102)
07-24 18:01:22.963  1823  1978 E ThermalManagerService$ThermalHalWrapper: 	at android.os.Looper.loopOnce(Looper.java:232)
07-24 18:01:22.963  1823  1978 E ThermalManagerService$ThermalHalWrapper: 	at android.os.Looper.loop(Looper.java:317)
07-24 18:01:22.963  1823  1978 E ThermalManagerService$ThermalHalWrapper: 	at android.os.HandlerThread.run(HandlerThread.java:85)
07-24 18:01:23.964  1823  1978 E ThermalManagerService$ThermalHalWrapper: Couldn't getCurrentCoolingDevices due to invalid status
07-24 18:01:23.964  1823  1978 E ThermalManagerService$ThermalHalWrapper: java.lang.IllegalArgumentException: ThermalHAL not initialized properly.
07-24 18:01:23.964  1823  1978 E ThermalManagerService$ThermalHalWrapper: 	at android.os.Parcel.createExceptionOrNull(Parcel.java:3265)
07-24 18:01:23.964  1823  1978 E ThermalManagerService$ThermalHalWrapper: 	at android.os.Parcel.createException(Parcel.java:3245)
07-24 18:01:23.964  1823  1978 E ThermalManagerService$ThermalHalWrapper: 	at android.os.Parcel.readException(Parcel.java:3228)
07-24 18:01:23.964  1823  1978 E ThermalManagerService$ThermalHalWrapper: 	at android.os.Parcel.readException(Parcel.java:3170)
07-24 18:01:23.964  1823  1978 E ThermalManagerService$ThermalHalWrapper: 	at android.hardware.thermal.IThermal$Stub$Proxy.getTemperaturesWithType(IThermal.java:658)
07-24 18:01:23.964  1823  1978 E ThermalManagerService$ThermalHalWrapper: 	at com.android.server.power.ThermalManagerService$ThermalHalAidlWrapper.getCurrentTemperatures(ThermalManagerService.java:1179)
07-24 18:01:23.964  1823  1978 E ThermalManagerService$ThermalHalWrapper: 	at com.android.server.power.ThermalManagerService$TemperatureWatcher.getAndUpdateTemperatureSamples(ThermalManagerService.java:1906)
07-24 18:01:23.964  1823  1978 E ThermalManagerService$ThermalHalWrapper: 	at com.android.server.power.ThermalManagerService$TemperatureWatcher.$r8$lambda$UBi4DQBBLPBYQRHEEMFqEv1BLg8(ThermalManagerService.java:0)
07-24 18:01:23.964  1823  1978 E ThermalManagerService$ThermalHalWrapper: 	at com.android.server.power.ThermalManagerService$TemperatureWatcher$$ExternalSyntheticLambda1.run(R8$$SyntheticClass:0)
07-24 18:01:23.964  1823  1978 E ThermalManagerService$ThermalHalWrapper: 	at android.os.Handler.handleCallback(Handler.java:991)
07-24 18:01:23.964  1823  1978 E ThermalManagerService$ThermalHalWrapper: 	at android.os.Handler.dispatchMessage(Handler.java:102)
07-24 18:01:23.964  1823  1978 E ThermalManagerService$ThermalHalWrapper: 	at android.os.Looper.loopOnce(Looper.java:232)
07-24 18:01:23.964  1823  1978 E ThermalManagerService$ThermalHalWrapper: 	at android.os.Looper.loop(Looper.java:317)
07-24 18:01:23.964  1823  1978 E ThermalManagerService$ThermalHalWrapper: 	at android.os.HandlerThread.run(HandlerThread.java:85)
07-24 18:01:24.966  1823  1978 E ThermalManagerService$ThermalHalWrapper: Couldn't getCurrentCoolingDevices due to invalid status
07-24 18:01:24.966  1823  1978 E ThermalManagerService$ThermalHalWrapper: java.lang.IllegalArgumentException: ThermalHAL not initialized properly.
07-24 18:01:24.966  1823  1978 E ThermalManagerService$ThermalHalWrapper: 	at android.os.Parcel.createExceptionOrNull(Parcel.java:3265)
07-24 18:01:24.966  1823  1978 E ThermalManagerService$ThermalHalWrapper: 	at android.os.Parcel.createException(Parcel.java:3245)
07-24 18:01:24.966  1823  1978 E ThermalManagerService$ThermalHalWrapper: 	at android.os.Parcel.readException(Parcel.java:3228)
07-24 18:01:24.966  1823  1978 E ThermalManagerService$ThermalHalWrapper: 	at android.os.Parcel.readException(Parcel.java:3170)
07-24 18:01:24.966  1823  1978 E ThermalManagerService$ThermalHalWrapper: 	at android.hardware.thermal.IThermal$Stub$Proxy.getTemperaturesWithType(IThermal.java:658)
07-24 18:01:24.966  1823  1978 E ThermalManagerService$ThermalHalWrapper: 	at com.android.server.power.ThermalManagerService$ThermalHalAidlWrapper.getCurrentTemperatures(ThermalManagerService.java:1179)
07-24 18:01:24.966  1823  1978 E ThermalManagerService$ThermalHalWrapper: 	at com.android.server.power.ThermalManagerService$TemperatureWatcher.getAndUpdateTemperatureSamples(ThermalManagerService.java:1906)
07-24 18:01:24.966  1823  1978 E ThermalManagerService$ThermalHalWrapper: 	at com.android.server.power.ThermalManagerService$TemperatureWatcher.$r8$lambda$UBi4DQBBLPBYQRHEEMFqEv1BLg8(ThermalManagerService.java:0)
07-24 18:01:24.966  1823  1978 E ThermalManagerService$ThermalHalWrapper: 	at com.android.server.power.ThermalManagerService$TemperatureWatcher$$ExternalSyntheticLambda1.run(R8$$SyntheticClass:0)
07-24 18:01:24.966  1823  1978 E ThermalManagerService$ThermalHalWrapper: 	at android.os.Handler.handleCallback(Handler.java:991)
07-24 18:01:24.966  1823  1978 E ThermalManagerService$ThermalHalWrapper: 	at android.os.Handler.dispatchMessage(Handler.java:102)
07-24 18:01:24.966  1823  1978 E ThermalManagerService$ThermalHalWrapper: 	at android.os.Looper.loopOnce(Looper.java:232)
07-24 18:01:24.966  1823  1978 E ThermalManagerService$ThermalHalWrapper: 	at android.os.Looper.loop(Looper.java:317)
07-24 18:01:24.966  1823  1978 E ThermalManagerService$ThermalHalWrapper: 	at android.os.HandlerThread.run(HandlerThread.java:85)
07-24 18:01:25.966  1823  1978 E ThermalManagerService$ThermalHalWrapper: Couldn't getCurrentCoolingDevices due to invalid status
07-24 18:01:25.966  1823  1978 E ThermalManagerService$ThermalHalWrapper: java.lang.IllegalArgumentException: ThermalHAL not initialized properly.
07-24 18:01:25.966  1823  1978 E ThermalManagerService$ThermalHalWrapper: 	at android.os.Parcel.createExceptionOrNull(Parcel.java:3265)
07-24 18:01:25.966  1823  1978 E ThermalManagerService$ThermalHalWrapper: 	at android.os.Parcel.createException(Parcel.java:3245)
07-24 18:01:25.966  1823  1978 E ThermalManagerService$ThermalHalWrapper: 	at android.os.Parcel.readException(Parcel.java:3228)
07-24 18:01:25.966  1823  1978 E ThermalManagerService$ThermalHalWrapper: 	at android.os.Parcel.readException(Parcel.java:3170)
07-24 18:01:25.966  1823  1978 E ThermalManagerService$ThermalHalWrapper: 	at android.hardware.thermal.IThermal$Stub$Proxy.getTemperaturesWithType(IThermal.java:658)
07-24 18:01:25.966  1823  1978 E ThermalManagerService$ThermalHalWrapper: 	at com.android.server.power.ThermalManagerService$ThermalHalAidlWrapper.getCurrentTemperatures(ThermalManagerService.java:1179)
07-24 18:01:25.966  1823  1978 E ThermalManagerService$ThermalHalWrapper: 	at com.android.server.power.ThermalManagerService$TemperatureWatcher.getAndUpdateTemperatureSamples(ThermalManagerService.java:1906)
07-24 18:01:25.966  1823  1978 E ThermalManagerService$ThermalHalWrapper: 	at com.android.server.power.ThermalManagerService$TemperatureWatcher.$r8$lambda$UBi4DQBBLPBYQRHEEMFqEv1BLg8(ThermalManagerService.java:0)
07-24 18:01:25.966  1823  1978 E ThermalManagerService$ThermalHalWrapper: 	at com.android.server.power.ThermalManagerService$TemperatureWatcher$$ExternalSyntheticLambda1.run(R8$$SyntheticClass:0)
07-24 18:01:25.966  1823  1978 E ThermalManagerService$ThermalHalWrapper: 	at android.os.Handler.handleCallback(Handler.java:991)
07-24 18:01:25.966  1823  1978 E ThermalManagerService$ThermalHalWrapper: 	at android.os.Handler.dispatchMessage(Handler.java:102)
07-24 18:01:25.966  1823  1978 E ThermalManagerService$ThermalHalWrapper: 	at android.os.Looper.loopOnce(Looper.java:232)
07-24 18:01:25.966  1823  1978 E ThermalManagerService$ThermalHalWrapper: 	at android.os.Looper.loop(Looper.java:317)
07-24 18:01:25.966  1823  1978 E ThermalManagerService$ThermalHalWrapper: 	at android.os.HandlerThread.run(HandlerThread.java:85)
07-24 18:01:26.967  1823  1978 E ThermalManagerService$ThermalHalWrapper: Couldn't getCurrentCoolingDevices due to invalid status
07-24 18:01:26.967  1823  1978 E ThermalManagerService$ThermalHalWrapper: java.lang.IllegalArgumentException: ThermalHAL not initialized properly.
07-24 18:01:26.967  1823  1978 E ThermalManagerService$ThermalHalWrapper: 	at android.os.Parcel.createExceptionOrNull(Parcel.java:3265)
07-24 18:01:26.967  1823  1978 E ThermalManagerService$ThermalHalWrapper: 	at android.os.Parcel.createException(Parcel.java:3245)
07-24 18:01:26.967  1823  1978 E ThermalManagerService$ThermalHalWrapper: 	at android.os.Parcel.readException(Parcel.java:3228)
07-24 18:01:26.967  1823  1978 E ThermalManagerService$ThermalHalWrapper: 	at android.os.Parcel.readException(Parcel.java:3170)
07-24 18:01:26.967  1823  1978 E ThermalManagerService$ThermalHalWrapper: 	at android.hardware.thermal.IThermal$Stub$Proxy.getTemperaturesWithType(IThermal.java:658)
07-24 18:01:26.967  1823  1978 E ThermalManagerService$ThermalHalWrapper: 	at com.android.server.power.ThermalManagerService$ThermalHalAidlWrapper.getCurrentTemperatures(ThermalManagerService.java:1179)
07-24 18:01:26.967  1823  1978 E ThermalManagerService$ThermalHalWrapper: 	at com.android.server.power.ThermalManagerService$TemperatureWatcher.getAndUpdateTemperatureSamples(ThermalManagerService.java:1906)
07-24 18:01:26.967  1823  1978 E ThermalManagerService$ThermalHalWrapper: 	at com.android.server.power.ThermalManagerService$TemperatureWatcher.$r8$lambda$UBi4DQBBLPBYQRHEEMFqEv1BLg8(ThermalManagerService.java:0)
07-24 18:01:26.967  1823  1978 E ThermalManagerService$ThermalHalWrapper: 	at com.android.server.power.ThermalManagerService$TemperatureWatcher$$ExternalSyntheticLambda1.run(R8$$SyntheticClass:0)
07-24 18:01:26.967  1823  1978 E ThermalManagerService$ThermalHalWrapper: 	at android.os.Handler.handleCallback(Handler.java:991)
07-24 18:01:26.967  1823  1978 E ThermalManagerService$ThermalHalWrapper: 	at android.os.Handler.dispatchMessage(Handler.java:102)
07-24 18:01:26.967  1823  1978 E ThermalManagerService$ThermalHalWrapper: 	at android.os.Looper.loopOnce(Looper.java:232)
07-24 18:01:26.967  1823  1978 E ThermalManagerService$ThermalHalWrapper: 	at android.os.Looper.loop(Looper.java:317)
07-24 18:01:26.967  1823  1978 E ThermalManagerService$ThermalHalWrapper: 	at android.os.HandlerThread.run(HandlerThread.java:85)
07-24 18:01:27.968  1823  1978 E ThermalManagerService$ThermalHalWrapper: Couldn't getCurrentCoolingDevices due to invalid status
07-24 18:01:27.968  1823  1978 E ThermalManagerService$ThermalHalWrapper: java.lang.IllegalArgumentException: ThermalHAL not initialized properly.
07-24 18:01:27.968  1823  1978 E ThermalManagerService$ThermalHalWrapper: 	at android.os.Parcel.createExceptionOrNull(Parcel.java:3265)
07-24 18:01:27.968  1823  1978 E ThermalManagerService$ThermalHalWrapper: 	at android.os.Parcel.createException(Parcel.java:3245)
07-24 18:01:27.968  1823  1978 E ThermalManagerService$ThermalHalWrapper: 	at android.os.Parcel.readException(Parcel.java:3228)
07-24 18:01:27.968  1823  1978 E ThermalManagerService$ThermalHalWrapper: 	at android.os.Parcel.readException(Parcel.java:3170)
07-24 18:01:27.968  1823  1978 E ThermalManagerService$ThermalHalWrapper: 	at android.hardware.thermal.IThermal$Stub$Proxy.getTemperaturesWithType(IThermal.java:658)
07-24 18:01:27.968  1823  1978 E ThermalManagerService$ThermalHalWrapper: 	at com.android.server.power.ThermalManagerService$ThermalHalAidlWrapper.getCurrentTemperatures(ThermalManagerService.java:1179)
07-24 18:01:27.968  1823  1978 E ThermalManagerService$ThermalHalWrapper: 	at com.android.server.power.ThermalManagerService$TemperatureWatcher.getAndUpdateTemperatureSamples(ThermalManagerService.java:1906)
07-24 18:01:27.968  1823  1978 E ThermalManagerService$ThermalHalWrapper: 	at com.android.server.power.ThermalManagerService$TemperatureWatcher.$r8$lambda$UBi4DQBBLPBYQRHEEMFqEv1BLg8(ThermalManagerService.java:0)
07-24 18:01:27.968  1823  1978 E ThermalManagerService$ThermalHalWrapper: 	at com.android.server.power.ThermalManagerService$TemperatureWatcher$$ExternalSyntheticLambda1.run(R8$$SyntheticClass:0)
07-24 18:01:27.968  1823  1978 E ThermalManagerService$ThermalHalWrapper: 	at android.os.Handler.handleCallback(Handler.java:991)
07-24 18:01:27.968  1823  1978 E ThermalManagerService$ThermalHalWrapper: 	at android.os.Handler.dispatchMessage(Handler.java:102)
07-24 18:01:27.968  1823  1978 E ThermalManagerService$ThermalHalWrapper: 	at android.os.Looper.loopOnce(Looper.java:232)
07-24 18:01:27.968  1823  1978 E ThermalManagerService$ThermalHalWrapper: 	at android.os.Looper.loop(Looper.java:317)
07-24 18:01:27.968  1823  1978 E ThermalManagerService$ThermalHalWrapper: 	at android.os.HandlerThread.run(HandlerThread.java:85)
07-24 18:01:28.970  1823  1978 E ThermalManagerService$ThermalHalWrapper: Couldn't getCurrentCoolingDevices due to invalid status
07-24 18:01:28.970  1823  1978 E ThermalManagerService$ThermalHalWrapper: java.lang.IllegalArgumentException: ThermalHAL not initialized properly.
07-24 18:01:28.970  1823  1978 E ThermalManagerService$ThermalHalWrapper: 	at android.os.Parcel.createExceptionOrNull(Parcel.java:3265)
07-24 18:01:28.970  1823  1978 E ThermalManagerService$ThermalHalWrapper: 	at android.os.Parcel.createException(Parcel.java:3245)
07-24 18:01:28.970  1823  1978 E ThermalManagerService$ThermalHalWrapper: 	at android.os.Parcel.readException(Parcel.java:3228)
07-24 18:01:28.970  1823  1978 E ThermalManagerService$ThermalHalWrapper: 	at android.os.Parcel.readException(Parcel.java:3170)
07-24 18:01:28.970  1823  1978 E ThermalManagerService$ThermalHalWrapper: 	at android.hardware.thermal.IThermal$Stub$Proxy.getTemperaturesWithType(IThermal.java:658)
07-24 18:01:28.970  1823  1978 E ThermalManagerService$ThermalHalWrapper: 	at com.android.server.power.ThermalManagerService$ThermalHalAidlWrapper.getCurrentTemperatures(ThermalManagerService.java:1179)
07-24 18:01:28.970  1823  1978 E ThermalManagerService$ThermalHalWrapper: 	at com.android.server.power.ThermalManagerService$TemperatureWatcher.getAndUpdateTemperatureSamples(ThermalManagerService.java:1906)
07-24 18:01:28.970  1823  1978 E ThermalManagerService$ThermalHalWrapper: 	at com.android.server.power.ThermalManagerService$TemperatureWatcher.$r8$lambda$UBi4DQBBLPBYQRHEEMFqEv1BLg8(ThermalManagerService.java:0)
07-24 18:01:28.970  1823  1978 E ThermalManagerService$ThermalHalWrapper: 	at com.android.server.power.ThermalManagerService$TemperatureWatcher$$ExternalSyntheticLambda1.run(R8$$SyntheticClass:0)
07-24 18:01:28.970  1823  1978 E ThermalManagerService$ThermalHalWrapper: 	at android.os.Handler.handleCallback(Handler.java:991)
07-24 18:01:28.970  1823  1978 E ThermalManagerService$ThermalHalWrapper: 	at android.os.Handler.dispatchMessage(Handler.java:102)
07-24 18:01:28.970  1823  1978 E ThermalManagerService$ThermalHalWrapper: 	at android.os.Looper.loopOnce(Looper.java:232)
07-24 18:01:28.970  1823  1978 E ThermalManagerService$ThermalHalWrapper: 	at android.os.Looper.loop(Looper.java:317)
07-24 18:01:28.970  1823  1978 E ThermalManagerService$ThermalHalWrapper: 	at android.os.HandlerThread.run(HandlerThread.java:85)
07-24 18:01:29.880  1823  2599 D ActivityManager: freezing 14277 org.zwanoo.android.speedtest
07-24 18:01:42.421  1823  2703 D BackgroundInstallControlService: Package event received: 0
07-24 18:01:42.485  1823  2703 D BackgroundInstallControlService: Package event received: 0
07-24 18:01:42.499  1823  2703 D BackgroundInstallControlService: Package event received: 0
07-24 18:01:42.515  1823  2703 D BackgroundInstallControlService: Package event received: 0
07-24 18:01:42.527  1823  2703 D BackgroundInstallControlService: Package event received: 0
07-24 18:01:43.919  1823  2703 D BackgroundInstallControlService: Package event received: 0
07-24 18:01:43.963  1823  2703 D BackgroundInstallControlService: Package event received: 0
07-24 18:01:43.973  1823  2703 D BackgroundInstallControlService: Package event received: 0
07-24 18:01:43.984  1823  2703 D BackgroundInstallControlService: Package event received: 0
07-24 18:01:43.994  1823  2703 D BackgroundInstallControlService: Package event received: 0
07-24 18:01:50.408  1823  1823 W NotificationHistory: Attempted to add notif for locked/gone/disabled user 0
07-24 18:01:50.409  1823  2703 D BackgroundInstallControlService: Package event received: 0
07-24 18:01:52.467  1823  5272 I Telecom : PhoneAccountRegistrar: getSimCallManager: SimCallManager for subId 1 queried, returning: null: TSI.gPA(cgag)@mg4
07-24 18:01:58.247  1823  2003 D KernelCpuUidUserSysTimeReader: Removing uids 90105-90105
07-24 18:02:10.085 23975 23975 D InsetsController: Setting requestedVisibleTypes to -1 (was -9)
07-24 18:02:10.091  1823  5122 W PackageConfigPersister: App-specific configuration not found for packageName: com.android.chrome and userId: 0
07-24 18:02:10.093  2750  2781 D WindowManagerShell: onKeepClearAreasChanged: restricted={}, unrestricted={Rect(0, 1624 - 1080, 2460)}
07-24 18:02:10.094  1823  2703 D BackgroundInstallControlService: Package event received: 0
07-24 18:02:10.154  1823  5272 D CoreBackPreview: Window{80cb4d5 u0 com.android.chrome/com.google.android.apps.chrome.Main}: Setting back callback OnBackInvokedCallbackInfo{mCallback=android.window.IOnBackInvokedCallback$Stub$Proxy@e577037, mPriority=0, mIsAnimationCallback=true, mOverrideBehavior=0}
07-24 18:02:10.283  1823  2703 D BackgroundInstallControlService: Package event received: 0
07-24 18:02:14.012 23975 23975 D InsetsController: Setting requestedVisibleTypes to -9 (was -1)
07-24 18:02:14.012  1823  2572 D CoreBackPreview: Window{80cb4d5 u0 com.android.chrome/com.google.android.apps.chrome.Main}: Setting back callback OnBackInvokedCallbackInfo{mCallback=android.window.IOnBackInvokedCallback$Stub$Proxy@827690e, mPriority=0, mIsAnimationCallback=true, mOverrideBehavior=0}
07-24 18:02:14.020  1823  5272 W PackageConfigPersister: App-specific configuration not found for packageName: com.android.chrome and userId: 0
07-24 18:02:14.344  2750  2781 D WindowManagerShell: onKeepClearAreasChanged: restricted={}, unrestricted={}
07-24 18:02:16.944  1823  5272 D CoreBackPreview: Window{8299cc3 u0 com.android.chrome/com.google.android.apps.chrome.Main}: Setting back callback OnBackInvokedCallbackInfo{mCallback=android.window.IOnBackInvokedCallback$Stub$Proxy@aafabca, mPriority=-1, mIsAnimationCallback=false, mOverrideBehavior=0}
07-24 18:02:17.013  1823  1980 I ActivityManager: Start proc 16413:com.android.chrome:sandboxed_process0:org.chromium.content.app.SandboxedProcessService0:43/u0ai109 for  {com.android.chrome/org.chromium.content.app.SandboxedProcessService0:43}
07-24 18:02:17.049  1823  5325 W PackageConfigPersister: App-specific configuration not found for packageName: com.android.chrome and userId: 0
07-24 18:02:17.095  1823  2703 D BackgroundInstallControlService: Package event received: 0
07-24 18:02:17.153  1823  2572 I ActivityManager: Killing 16413:com.android.chrome:sandboxed_process0:org.chromium.content.app.SandboxedProcessService0:43/u0a146i-8891 (adj 0): isolated not needed
07-24 18:02:17.175  1823  1958 D DisplayManagerService: Drop pending events for gone uid 90109
07-24 18:02:17.415  1823  5463 D CoreBackPreview: startBackNavigation currentTask=Task{f53451d #9043 type=standard A=10146:com.android.chrome}, topRunningActivity=ActivityRecord{64589062 u0 com.android.chrome/com.google.android.apps.chrome.Main t9043}, callbackInfo=OnBackInvokedCallbackInfo{mCallback=android.window.IOnBackInvokedCallback$Stub$Proxy@aafabca, mPriority=-1, mIsAnimationCallback=false, mOverrideBehavior=0}, currentFocus=Window{8299cc3 u0 com.android.chrome/com.google.android.apps.chrome.Main}
07-24 18:02:17.416  1823  5463 D CoreBackPreview: Previous Destination is Activity:null Task:null removedContainer:Window{8299cc3 u0 com.android.chrome/com.google.android.apps.chrome.Main}, backType=TYPE_DIALOG_CLOSE
07-24 18:02:17.417  2750  2781 D ShellBackPreview: Received backNavigationInfo:BackNavigationInfo{mType=TYPE_DIALOG_CLOSE (0), mOnBackNavigationDone=android.os.RemoteCallback@f4fb556, mOnBackInvokedCallback=android.window.IOnBackInvokedCallback$Stub$Proxy@4b499d7, mPrepareRemoteAnimation=false, mAnimationCallback=false, mCustomizeAnimationInfo=null}
07-24 18:02:17.442  2750  2781 D ShellBackPreview: Finishing gesture with event action: 1
07-24 18:02:17.442  2750  2781 D ShellBackPreview: onGestureFinished() mTriggerBack == false
07-24 18:02:17.442  2750  2781 D ShellBackPreview: Trigger back without dispatching to animator.
07-24 18:02:17.442  2750  2781 D ShellBackPreview: BackAnimationController: finishBackNavigation()
07-24 18:02:17.442  1823  5463 D CoreBackPreview: onBackNavigationDone backType=0, triggerBack=false
07-24 18:02:17.557  1823  5463 D CoreBackPreview: Window{8299cc3 u0 com.android.chrome/com.google.android.apps.chrome.Main}: Setting back callback null
07-24 18:02:17.584  1823  1960 V WindowManager: Unknown focus tokens, dropping reportFocusChanged
07-24 18:02:17.603  1823  5463 W PackageConfigPersister: App-specific configuration not found for packageName: com.android.chrome and userId: 0
07-24 18:02:20.899  1823  5463 I AS.FadeOutManager: unfadeOutUid() uid:10146
07-24 18:02:21.402  1823  5463 I MediaSessionStack: addSession to bottom of stack | record: com.android.chrome/Chrome/104 (userId=0)
07-24 18:02:21.406  1823  5122 I MediaSessionStack: onPlaybackStateChanged - Pushing session to top | record: com.android.chrome/Chrome/104 (userId=0)
07-24 18:02:21.409  1823  2703 D BackgroundInstallControlService: Package event received: 0
07-24 18:02:21.419  1823  2572 I ActivityManager: Background started FGS: Allowed [callingPackage: com.android.chrome; callingUid: 10146; uidState: TOP ; uidBFSL: [BFSL]; intent: Intent { cmp=com.android.chrome/org.chromium.chrome.browser.media.ui.ChromeMediaNotificationControllerServices$PlaybackListenerService }; code:PROC_STATE_TOP; tempAllowListReason:<null>; targetSdkVersion:35; callerTargetSdkVersion:35; startForegroundCount:0; bindFromPackage:null: isBindService:false]
07-24 18:02:21.434  1823  2703 D BackgroundInstallControlService: Package event received: 0
07-24 18:02:23.771  1823  2703 D BackgroundInstallControlService: Package event received: 0
07-24 18:02:23.876  1823  2703 D BackgroundInstallControlService: Package event received: 0
07-24 18:02:23.891  1823  2703 D BackgroundInstallControlService: Package event received: 0
07-24 18:02:23.910  1823  2703 D BackgroundInstallControlService: Package event received: 0
07-24 18:02:23.921  1823  2703 D BackgroundInstallControlService: Package event received: 0
07-24 18:02:25.444  1823  1979 D ActivityManager: sync unfroze 14377 com.android.settings for 3
07-24 18:02:25.446  1823  2703 D BackgroundInstallControlService: Package event received: 0
07-24 18:02:25.464  1823  2703 D BackgroundInstallControlService: Package event received: 0
07-24 18:02:25.469  1823  2703 D BackgroundInstallControlService: Package event received: 0
07-24 18:02:25.496  1823  2703 D BackgroundInstallControlService: Package event received: 0
07-24 18:02:25.501  1823  5463 D CoreBackPreview: Window{ad43791 u0 VolumeDialogImpl}: Setting back callback OnBackInvokedCallbackInfo{mCallback=android.window.IOnBackInvokedCallback$Stub$Proxy@edb7bd0, mPriority=-1, mIsAnimationCallback=false, mOverrideBehavior=0}
07-24 18:02:25.560  1823  2703 D BackgroundInstallControlService: Package event received: 0
07-24 18:02:25.573  1823  2703 D BackgroundInstallControlService: Package event received: 0
07-24 18:02:25.589  1823  2703 D BackgroundInstallControlService: Package event received: 0
07-24 18:02:25.601  1823  2703 D BackgroundInstallControlService: Package event received: 0
07-24 18:02:25.699  1823  2703 D BackgroundInstallControlService: Package event received: 0
07-24 18:02:25.713  1823  2703 D BackgroundInstallControlService: Package event received: 0
07-24 18:02:25.723  1823  2703 D BackgroundInstallControlService: Package event received: 0
