07-24 17:55:01.712  1823  2703 D BackgroundInstallControlService: Package event received: 0
07-24 17:55:01.995  1823  2703 D BackgroundInstallControlService: Package event received: 0
07-24 17:55:02.348  1823  2703 D BackgroundInstallControlService: Package event received: 0
07-24 17:55:02.407  1823  1978 E ThermalManagerService$ThermalHalWrapper: Couldn't getCurrentCoolingDevices due to invalid status
07-24 17:55:02.407  1823  1978 E ThermalManagerService$ThermalHalWrapper: java.lang.IllegalArgumentException: ThermalHAL not initialized properly.
07-24 17:55:02.407  1823  1978 E ThermalManagerService$ThermalHalWrapper: 	at android.os.Parcel.createExceptionOrNull(Parcel.java:3265)
07-24 17:55:02.407  1823  1978 E ThermalManagerService$ThermalHalWrapper: 	at android.os.Parcel.createException(Parcel.java:3245)
07-24 17:55:02.407  1823  1978 E ThermalManagerService$ThermalHalWrapper: 	at android.os.Parcel.readException(Parcel.java:3228)
07-24 17:55:02.407  1823  1978 E ThermalManagerService$ThermalHalWrapper: 	at android.os.Parcel.readException(Parcel.java:3170)
07-24 17:55:02.407  1823  1978 E ThermalManagerService$ThermalHalWrapper: 	at android.hardware.thermal.IThermal$Stub$Proxy.getTemperaturesWithType(IThermal.java:658)
07-24 17:55:02.407  1823  1978 E ThermalManagerService$ThermalHalWrapper: 	at com.android.server.power.ThermalManagerService$ThermalHalAidlWrapper.getCurrentTemperatures(ThermalManagerService.java:1179)
07-24 17:55:02.407  1823  1978 E ThermalManagerService$ThermalHalWrapper: 	at com.android.server.power.ThermalManagerService$TemperatureWatcher.getAndUpdateTemperatureSamples(ThermalManagerService.java:1906)
07-24 17:55:02.407  1823  1978 E ThermalManagerService$ThermalHalWrapper: 	at com.android.server.power.ThermalManagerService$TemperatureWatcher.$r8$lambda$UBi4DQBBLPBYQRHEEMFqEv1BLg8(ThermalManagerService.java:0)
07-24 17:55:02.407  1823  1978 E ThermalManagerService$ThermalHalWrapper: 	at com.android.server.power.ThermalManagerService$TemperatureWatcher$$ExternalSyntheticLambda1.run(R8$$SyntheticClass:0)
07-24 17:55:02.407  1823  1978 E ThermalManagerService$ThermalHalWrapper: 	at android.os.Handler.handleCallback(Handler.java:991)
07-24 17:55:02.407  1823  1978 E ThermalManagerService$ThermalHalWrapper: 	at android.os.Handler.dispatchMessage(Handler.java:102)
07-24 17:55:02.407  1823  1978 E ThermalManagerService$ThermalHalWrapper: 	at android.os.Looper.loopOnce(Looper.java:232)
07-24 17:55:02.407  1823  1978 E ThermalManagerService$ThermalHalWrapper: 	at android.os.Looper.loop(Looper.java:317)
07-24 17:55:02.407  1823  1978 E ThermalManagerService$ThermalHalWrapper: 	at android.os.HandlerThread.run(HandlerThread.java:85)
07-24 17:55:02.563  1823  2599 D ActivityManager: freezing 12640 org.telegram.messenger
07-24 17:55:03.037  1823  2599 D ActivityManager: freezing 13996 com.google.android.apps.photos
07-24 17:55:03.408  1823  1978 E ThermalManagerService$ThermalHalWrapper: Couldn't getCurrentCoolingDevices due to invalid status
07-24 17:55:03.408  1823  1978 E ThermalManagerService$ThermalHalWrapper: java.lang.IllegalArgumentException: ThermalHAL not initialized properly.
07-24 17:55:03.408  1823  1978 E ThermalManagerService$ThermalHalWrapper: 	at android.os.Parcel.createExceptionOrNull(Parcel.java:3265)
07-24 17:55:03.408  1823  1978 E ThermalManagerService$ThermalHalWrapper: 	at android.os.Parcel.createException(Parcel.java:3245)
07-24 17:55:03.408  1823  1978 E ThermalManagerService$ThermalHalWrapper: 	at android.os.Parcel.readException(Parcel.java:3228)
07-24 17:55:03.408  1823  1978 E ThermalManagerService$ThermalHalWrapper: 	at android.os.Parcel.readException(Parcel.java:3170)
07-24 17:55:03.408  1823  1978 E ThermalManagerService$ThermalHalWrapper: 	at android.hardware.thermal.IThermal$Stub$Proxy.getTemperaturesWithType(IThermal.java:658)
07-24 17:55:03.408  1823  1978 E ThermalManagerService$ThermalHalWrapper: 	at com.android.server.power.ThermalManagerService$ThermalHalAidlWrapper.getCurrentTemperatures(ThermalManagerService.java:1179)
07-24 17:55:03.408  1823  1978 E ThermalManagerService$ThermalHalWrapper: 	at com.android.server.power.ThermalManagerService$TemperatureWatcher.getAndUpdateTemperatureSamples(ThermalManagerService.java:1906)
07-24 17:55:03.408  1823  1978 E ThermalManagerService$ThermalHalWrapper: 	at com.android.server.power.ThermalManagerService$TemperatureWatcher.$r8$lambda$UBi4DQBBLPBYQRHEEMFqEv1BLg8(ThermalManagerService.java:0)
07-24 17:55:03.408  1823  1978 E ThermalManagerService$ThermalHalWrapper: 	at com.android.server.power.ThermalManagerService$TemperatureWatcher$$ExternalSyntheticLambda1.run(R8$$SyntheticClass:0)
07-24 17:55:03.408  1823  1978 E ThermalManagerService$ThermalHalWrapper: 	at android.os.Handler.handleCallback(Handler.java:991)
07-24 17:55:03.408  1823  1978 E ThermalManagerService$ThermalHalWrapper: 	at android.os.Handler.dispatchMessage(Handler.java:102)
07-24 17:55:03.408  1823  1978 E ThermalManagerService$ThermalHalWrapper: 	at android.os.Looper.loopOnce(Looper.java:232)
07-24 17:55:03.408  1823  1978 E ThermalManagerService$ThermalHalWrapper: 	at android.os.Looper.loop(Looper.java:317)
07-24 17:55:03.408  1823  1978 E ThermalManagerService$ThermalHalWrapper: 	at android.os.HandlerThread.run(HandlerThread.java:85)
07-24 17:55:03.983  1823  2913 D CoreBackPreview: Window{49c1a5d u0 PopupWindow:f5155df}: Setting back callback OnBackInvokedCallbackInfo{mCallback=android.window.IOnBackInvokedCallback$Stub$Proxy@ffd3ab8, mPriority=0, mIsAnimationCallback=false, mOverrideBehavior=0}
07-24 17:55:03.999  1823  2572 D CoreBackPreview: Window{a04ff59 u0 PopupWindow:478a28a}: Setting back callback OnBackInvokedCallbackInfo{mCallback=android.window.IOnBackInvokedCallback$Stub$Proxy@9064091, mPriority=0, mIsAnimationCallback=false, mOverrideBehavior=0}
07-24 17:55:04.014  1823  2572 D CoreBackPreview: Window{57d3815 u0 PopupWindow:29fe3ac}: Setting back callback OnBackInvokedCallbackInfo{mCallback=android.window.IOnBackInvokedCallback$Stub$Proxy@7bdbf6, mPriority=0, mIsAnimationCallback=false, mOverrideBehavior=0}
07-24 17:55:04.083  1823  2572 D CoreBackPreview: Window{57d3815 u0 PopupWindow:29fe3ac}: Setting back callback null
07-24 17:55:04.385  1823  2913 D CoreBackPreview: Window{c81c182 u0 PopupWindow:29fe3ac}: Setting back callback OnBackInvokedCallbackInfo{mCallback=android.window.IOnBackInvokedCallback$Stub$Proxy@55770c9, mPriority=0, mIsAnimationCallback=false, mOverrideBehavior=0}
07-24 17:55:04.409  1823  1978 E ThermalManagerService$ThermalHalWrapper: Couldn't getCurrentCoolingDevices due to invalid status
07-24 17:55:04.409  1823  1978 E ThermalManagerService$ThermalHalWrapper: java.lang.IllegalArgumentException: ThermalHAL not initialized properly.
07-24 17:55:04.409  1823  1978 E ThermalManagerService$ThermalHalWrapper: 	at android.os.Parcel.createExceptionOrNull(Parcel.java:3265)
07-24 17:55:04.409  1823  1978 E ThermalManagerService$ThermalHalWrapper: 	at android.os.Parcel.createException(Parcel.java:3245)
07-24 17:55:04.409  1823  1978 E ThermalManagerService$ThermalHalWrapper: 	at android.os.Parcel.readException(Parcel.java:3228)
07-24 17:55:04.409  1823  1978 E ThermalManagerService$ThermalHalWrapper: 	at android.os.Parcel.readException(Parcel.java:3170)
07-24 17:55:04.409  1823  1978 E ThermalManagerService$ThermalHalWrapper: 	at android.hardware.thermal.IThermal$Stub$Proxy.getTemperaturesWithType(IThermal.java:658)
07-24 17:55:04.409  1823  1978 E ThermalManagerService$ThermalHalWrapper: 	at com.android.server.power.ThermalManagerService$ThermalHalAidlWrapper.getCurrentTemperatures(ThermalManagerService.java:1179)
07-24 17:55:04.409  1823  1978 E ThermalManagerService$ThermalHalWrapper: 	at com.android.server.power.ThermalManagerService$TemperatureWatcher.getAndUpdateTemperatureSamples(ThermalManagerService.java:1906)
07-24 17:55:04.409  1823  1978 E ThermalManagerService$ThermalHalWrapper: 	at com.android.server.power.ThermalManagerService$TemperatureWatcher.$r8$lambda$UBi4DQBBLPBYQRHEEMFqEv1BLg8(ThermalManagerService.java:0)
07-24 17:55:04.409  1823  1978 E ThermalManagerService$ThermalHalWrapper: 	at com.android.server.power.ThermalManagerService$TemperatureWatcher$$ExternalSyntheticLambda1.run(R8$$SyntheticClass:0)
07-24 17:55:04.409  1823  1978 E ThermalManagerService$ThermalHalWrapper: 	at android.os.Handler.handleCallback(Handler.java:991)
07-24 17:55:04.409  1823  1978 E ThermalManagerService$ThermalHalWrapper: 	at android.os.Handler.dispatchMessage(Handler.java:102)
07-24 17:55:04.409  1823  1978 E ThermalManagerService$ThermalHalWrapper: 	at android.os.Looper.loopOnce(Looper.java:232)
07-24 17:55:04.409  1823  1978 E ThermalManagerService$ThermalHalWrapper: 	at android.os.Looper.loop(Looper.java:317)
07-24 17:55:04.409  1823  1978 E ThermalManagerService$ThermalHalWrapper: 	at android.os.HandlerThread.run(HandlerThread.java:85)
07-24 17:55:04.526  1823  1823 W AccessibilityManagerService:  wait for adding window timeout: 7492
07-24 17:55:05.220  1823  1980 I ActivityManager: Start proc 14377:com.android.settings/1000 for broadcast {com.android.settings/com.android.settings.fuelgauge.batteryusage.BatteryUsageBroadcastReceiver}
07-24 17:55:05.410  1823  1978 E ThermalManagerService$ThermalHalWrapper: Couldn't getCurrentCoolingDevices due to invalid status
07-24 17:55:05.410  1823  1978 E ThermalManagerService$ThermalHalWrapper: java.lang.IllegalArgumentException: ThermalHAL not initialized properly.
07-24 17:55:05.410  1823  1978 E ThermalManagerService$ThermalHalWrapper: 	at android.os.Parcel.createExceptionOrNull(Parcel.java:3265)
07-24 17:55:05.410  1823  1978 E ThermalManagerService$ThermalHalWrapper: 	at android.os.Parcel.createException(Parcel.java:3245)
07-24 17:55:05.410  1823  1978 E ThermalManagerService$ThermalHalWrapper: 	at android.os.Parcel.readException(Parcel.java:3228)
07-24 17:55:05.410  1823  1978 E ThermalManagerService$ThermalHalWrapper: 	at android.os.Parcel.readException(Parcel.java:3170)
07-24 17:55:05.410  1823  1978 E ThermalManagerService$ThermalHalWrapper: 	at android.hardware.thermal.IThermal$Stub$Proxy.getTemperaturesWithType(IThermal.java:658)
07-24 17:55:05.410  1823  1978 E ThermalManagerService$ThermalHalWrapper: 	at com.android.server.power.ThermalManagerService$ThermalHalAidlWrapper.getCurrentTemperatures(ThermalManagerService.java:1179)
07-24 17:55:05.410  1823  1978 E ThermalManagerService$ThermalHalWrapper: 	at com.android.server.power.ThermalManagerService$TemperatureWatcher.getAndUpdateTemperatureSamples(ThermalManagerService.java:1906)
07-24 17:55:05.410  1823  1978 E ThermalManagerService$ThermalHalWrapper: 	at com.android.server.power.ThermalManagerService$TemperatureWatcher.$r8$lambda$UBi4DQBBLPBYQRHEEMFqEv1BLg8(ThermalManagerService.java:0)
07-24 17:55:05.410  1823  1978 E ThermalManagerService$ThermalHalWrapper: 	at com.android.server.power.ThermalManagerService$TemperatureWatcher$$ExternalSyntheticLambda1.run(R8$$SyntheticClass:0)
07-24 17:55:05.410  1823  1978 E ThermalManagerService$ThermalHalWrapper: 	at android.os.Handler.handleCallback(Handler.java:991)
07-24 17:55:05.410  1823  1978 E ThermalManagerService$ThermalHalWrapper: 	at android.os.Handler.dispatchMessage(Handler.java:102)
07-24 17:55:05.410  1823  1978 E ThermalManagerService$ThermalHalWrapper: 	at android.os.Looper.loopOnce(Looper.java:232)
07-24 17:55:05.410  1823  1978 E ThermalManagerService$ThermalHalWrapper: 	at android.os.Looper.loop(Looper.java:317)
07-24 17:55:05.410  1823  1978 E ThermalManagerService$ThermalHalWrapper: 	at android.os.HandlerThread.run(HandlerThread.java:85)
07-24 17:55:05.623  1823  1980 I ActivityManager: Start proc 14389:com.google.android.apps.turbo/u0a100 for broadcast {com.google.android.apps.turbo/com.google.android.apps.turbo.deadline.library.DeadlineUpdateReceiver}
07-24 17:55:05.793  1823  2703 D BackgroundInstallControlService: Package event received: 0
07-24 17:55:05.806  1823  1980 I ActivityManager: Start proc 14408:com.google.android.projection.gearhead:provider/u0a110 for content provider {com.google.android.projection.gearhead/com.google.android.apps.auto.components.projectionstate.ProjectionStateProvider}
07-24 17:55:05.822  1823  2703 D BackgroundInstallControlService: Package event received: 0
07-24 17:55:05.824  1823  2703 D BackgroundInstallControlService: Package event received: 0
07-24 17:55:05.833  1823  1980 I ActivityManager: Start proc 14415:com.google.android.turboadapter/u0a179 for service {com.google.android.turboadapter/com.google.android.turboadapter.GoogleBatteryService}
07-24 17:55:06.016  1823  1823 D Smart5gService: received intent: android.os.action.POWER_SAVE_MODE_CHANGED
07-24 17:55:06.031  1823  1980 I ActivityManager: Start proc 14463:com.google.android.flipendo/u0a190 for broadcast {com.google.android.flipendo/com.google.android.flipendo.receiver.PowerSaveModeChangedBroadcastReceiver}
07-24 17:55:06.711  1823  2913 D CoreBackPreview: Window{49c1a5d u0 PopupWindow:f5155df}: Setting back callback null
07-24 17:55:06.721  1823  4745 D CoreBackPreview: Window{a04ff59 u0 PopupWindow:478a28a}: Setting back callback null
07-24 17:55:06.990  1823  2913 D CoreBackPreview: Window{c81c182 u0 PopupWindow:29fe3ac}: Setting back callback null
07-24 17:55:10.619  1823  2913 D CoreBackPreview: Window{9d6e8f8 u0 PopupWindow:1a83235}: Setting back callback OnBackInvokedCallbackInfo{mCallback=android.window.IOnBackInvokedCallback$Stub$Proxy@7ae9e2f, mPriority=0, mIsAnimationCallback=false, mOverrideBehavior=0}
07-24 17:55:10.633  1823  2913 D CoreBackPreview: Window{10d9ca4 u0 PopupWindow:baf9358}: Setting back callback OnBackInvokedCallbackInfo{mCallback=android.window.IOnBackInvokedCallback$Stub$Proxy@e5dc3c, mPriority=0, mIsAnimationCallback=false, mOverrideBehavior=0}
07-24 17:55:10.651  1823  2573 D CoreBackPreview: Window{cd9df10 u0 PopupWindow:f47fe2b}: Setting back callback OnBackInvokedCallbackInfo{mCallback=android.window.IOnBackInvokedCallback$Stub$Proxy@d613dc5, mPriority=0, mIsAnimationCallback=false, mOverrideBehavior=0}
07-24 17:55:10.710  1823  2913 D CoreBackPreview: Window{cd9df10 u0 PopupWindow:f47fe2b}: Setting back callback null
07-24 17:55:10.991  1823  2573 D CoreBackPreview: Window{1cf141 u0 PopupWindow:f47fe2b}: Setting back callback OnBackInvokedCallbackInfo{mCallback=android.window.IOnBackInvokedCallback$Stub$Proxy@96376d4, mPriority=0, mIsAnimationCallback=false, mOverrideBehavior=0}
07-24 17:55:11.170  1823  1823 W AccessibilityManagerService:  wait for adding window timeout: 7496
07-24 17:55:11.229  1823  2913 D CoreBackPreview: Window{9d6e8f8 u0 PopupWindow:1a83235}: Setting back callback null
07-24 17:55:11.237  1823  4745 D CoreBackPreview: Window{10d9ca4 u0 PopupWindow:baf9358}: Setting back callback null
07-24 17:55:11.244  1823  2913 I ClipboardService: Termux pasted from your clipboard
07-24 17:55:11.266  1823  1958 D CoreBackPreview: Window{83a4358 u0 Toast}: Setting back callback OnBackInvokedCallbackInfo{mCallback=android.window.WindowOnBackInvokedDispatcher$OnBackInvokedCallbackWrapper@4de3bb3, mPriority=0, mIsAnimationCallback=false, mOverrideBehavior=0}
07-24 17:55:11.512  1823  2573 D CoreBackPreview: Window{1cf141 u0 PopupWindow:f47fe2b}: Setting back callback null
07-24 17:55:11.799  1823  1960 W AccessibilityWindowsPopulator: Windows change within in 2 frames continuously over 500 ms and notify windows changed immediately
07-24 17:55:12.644  1823  2599 D ActivityManager: freezing 14277 org.zwanoo.android.speedtest
07-24 17:55:14.757  1823  1958 D CoreBackPreview: Window{83a4358 u0 Toast}: Setting back callback null
07-24 17:55:14.770  1823  1958 W NotificationService: Toast already killed. pkg=android token=android.os.Binder@28d1bd0
07-24 17:55:15.273  1823  1960 W AccessibilityWindowsPopulator: Windows change within in 2 frames continuously over 500 ms and notify windows changed immediately
07-24 17:55:15.640  1823  2599 D ActivityManager: freezing 14377 com.android.settings
07-24 17:55:15.925  1823  2599 D ActivityManager: freezing 14415 com.google.android.turboadapter
07-24 17:55:16.043  1823  2599 D ActivityManager: freezing 14389 com.google.android.apps.turbo
07-24 17:55:16.046  1823  2599 D ActivityManager: freezing 14408 com.google.android.projection.gearhead:provider
07-24 17:55:16.345  1823  2599 D ActivityManager: freezing 14463 com.google.android.flipendo
07-24 17:55:18.469  1823  2599 D ActivityManager: freezing 14148 com.google.android.gm
07-24 17:55:22.604  1823  1979 D ActivityManager: sync unfroze 14277 org.zwanoo.android.speedtest for 3
07-24 17:55:22.679  1823  2703 D BackgroundInstallControlService: Package event received: 0
07-24 17:55:22.713  1823  2703 D BackgroundInstallControlService: Package event received: 0
07-24 17:55:32.737  1823  2599 D ActivityManager: freezing 11152 com.google.android.gms
07-24 17:55:32.741  1823  2599 D ActivityManager: freezing 14277 org.zwanoo.android.speedtest
07-24 17:55:48.023  2750  2781 V ShellRecents: RecentsTransitionHandler.startRecentsTransition
07-24 17:55:48.023  2750  2781 V WindowManagerShell: Directly starting a new transition type=TO_FRONT wct=WindowContainerTransaction { changes= {} hops= [{pendingIntent: options=Bundle[{android.activity.splashScreenStyle=-1, android.activity.sourceInfo=Supplier{VAL_PARCELABLE@148+104}, android.pendingIntent.backgroundActivityAllowed=3, android:activity.animAbortListener=null, android.activity.transientLaunch=true}]}] errorCallbackToken=null taskFragmentOrganizer=null } handler=com.android.wm.shell.recents.RecentsTransitionHandler@9393d5f
07-24 17:55:48.035  1823  2703 D BackgroundInstallControlService: Package event received: 0
07-24 17:55:48.038  2750  2781 V ShellRecents: [207478724] RecentsController.setTransition: id=android.os.BinderProxy@68ddad7
07-24 17:55:48.038  2750  2781 D WindowManagerShell: onKeepClearAreasChanged: restricted={}, unrestricted={}
07-24 17:55:48.044  1823  2703 D BackgroundInstallControlService: Package event received: 0
07-24 17:55:48.044  1823  2703 D BackgroundInstallControlService: Package event received: 0
07-24 17:55:48.044  1823  2703 D BackgroundInstallControlService: Package event received: 0
07-24 17:55:48.061  1823  1980 I ActivityManager: Start proc 14531:com.google.android.apps.messaging/u0a130 for service {com.google.android.apps.messaging/com.google.android.apps.messaging.shared.datamodel.action.execution.ActionJobService}
07-24 17:55:48.073  1823  4745 W ActivityManager: Unable to start service Intent { act=com.google.android.systemui.qs.launcher.LauncherTileService pkg=com.android.systemui } U=0: not found
07-24 17:55:48.080  2750 25882 V WindowManagerShell: onTransitionReady(transaction=7829725941224)
07-24 17:55:48.084  1823  2573 W UserManagerService: Requested status bar icon for non-badged user 0
07-24 17:55:48.084  1823  1957 V WindowManager: Sent Transition (#6926) createdAt=07-24 17:55:48.025
07-24 17:55:48.085  2750  2781 V WindowManagerShell: onTransitionReady (#6926) android.os.BinderProxy@68ddad7: {id=6926 t=TO_FRONT f=0x80 trk=0 r=[0@Point(0, 0)] c=[
07-24 17:55:48.085  2750  2781 V WindowManagerShell:         {m=TO_FRONT f=SHOW_WALLPAPER|MOVE_TO_TOP leash=Surface(name=Task=1)/@0x100c5e2 sb=Rect(0, 0 - 1080, 2460) eb=Rect(0, 0 - 1080, 2460) epz=Point(1080, 2460) d=0 taskParent=-1},
07-24 17:55:48.085  2750  2781 V WindowManagerShell:         {m=TO_BACK f=NONE leash=Surface(name=Task=9131)/@0x86b4d73 sb=Rect(0, 0 - 1080, 2460) eb=Rect(0, 0 - 1080, 2460) epz=Point(1080, 2460) d=0 taskParent=-1},
07-24 17:55:48.085  2750  2781 V WindowManagerShell:         {m=TO_FRONT f=IS_WALLPAPER leash=Surface(name=WallpaperWindowToken{b753ab3 token=android.os.Binder@3f52022})/@0x13b3430 sb=Rect(0, 0 - 1080, 2460) eb=Rect(0, 0 - 1080, 2460) epz=Point(1080, 2460) d=0}
07-24 17:55:48.085  2750  2781 V WindowManagerShell:     ]}
07-24 17:55:48.085  1823  1957 V WindowManager:     startWCT=WindowContainerTransaction { changes= {} hops= [{pendingIntent: options=Bundle[{android.activity.splashScreenStyle=-1, android.activity.sourceInfo=android.app.ActivityOptions$SourceInfo@f31760, android.pendingIntent.backgroundActivityAllowed=3, android:activity.animAbortListener=null, android.activity.transientLaunch=true}]}] errorCallbackToken=null taskFragmentOrganizer=null }
07-24 17:55:48.085  1823  1957 V WindowManager:     info={id=6926 t=TO_FRONT f=0x80 trk=0 r=[0@Point(0, 0)] c=[
07-24 17:55:48.085  1823  1957 V WindowManager:         {WCT{RemoteToken{16185dc Task{be3a8f1 #1 type=home}}} m=TO_FRONT f=SHOW_WALLPAPER|MOVE_TO_TOP leash=Surface(name=Task=1)/@0xf1d6f2d sb=Rect(0, 0 - 1080, 2460) eb=Rect(0, 0 - 1080, 2460) epz=Point(1080, 2460) d=0 taskParent=-1},
07-24 17:55:48.085  1823  1957 V WindowManager:         {WCT{RemoteToken{3c7108a Task{c04c601 #9131 type=standard A=10313:com.termux}}} m=TO_BACK f=NONE leash=Surface(name=Task=9131)/@0xec6f02c sb=Rect(0, 0 - 1080, 2460) eb=Rect(0, 0 - 1080, 2460) epz=Point(1080, 2460) d=0 taskParent=-1},
07-24 17:55:48.085  1823  1957 V WindowManager:         {m=TO_FRONT f=IS_WALLPAPER leash=Surface(name=WallpaperWindowToken{b753ab3 token=android.os.Binder@3f52022})/@0xd60757 sb=Rect(0, 0 - 1080, 2460) eb=Rect(0, 0 - 1080, 2460) epz=Point(1080, 2460) d=0}
07-24 17:55:48.085  1823  1957 V WindowManager:     ]}
07-24 17:55:48.085  2750  2781 V WindowManagerShell: Playing animation for (#6926) android.os.BinderProxy@68ddad7@0
07-24 17:55:48.085  2750  2781 V WindowManagerShell:  try firstHandler com.android.wm.shell.recents.RecentsTransitionHandler@9393d5f
07-24 17:55:48.085  2750  2781 V ShellRecents: [207478724] RecentsController.start
07-24 17:55:48.087  2750  2781 V ShellRecents:   not handling home taskId=1
07-24 17:55:48.088  2750  2781 V ShellRecents:   adding pausing leaf taskId=9131 at layer=8
07-24 17:55:48.090  2750  2781 V ShellRecents: Applying transaction=7829725941224
07-24 17:55:48.092  2750  2781 V ShellRecents: Trying to get a handler for takeover but the flag is disabled
07-24 17:55:48.092  2750  2781 V ShellSplitScreen: getSplitBoundsForTaskId: expected split bounds for taskId=9131 but not found
07-24 17:55:48.092  2750  2781 V ShellRecents: [207478724] RecentsController.start: calling onAnimationStart with 2 apps
07-24 17:55:48.093  2750  2781 V WindowManagerShell:  animated by firstHandler
07-24 17:55:48.095  1823  2618 E HandwritingModeController: Cannot get requestId: Handwriting was not initialized.
07-24 17:55:48.095  2750  2781 D WindowManagerShell: setLauncherKeepClearAreaHeight: visible=true, height=552
07-24 17:55:48.096  1823  2703 D BackgroundInstallControlService: Package event received: 0
07-24 17:55:48.097  2750  2781 V ShellRecents: [207478724] RecentsController.setInputConsumerEnabled: set focus to recents
07-24 17:55:48.097  2750 25882 V ShellRecents: [207478724] RecentsController.detachNavigationBarFromApp
07-24 17:55:48.450  2750  2767 V ShellRecents: [207478724] RecentsController.screenshotTask: taskId=9131
07-24 17:55:48.482  2750  2781 V ShellRecents: [207478724] RecentsController.finishInner: toHome=true userLeave=true willFinishToHome=true state=0 reason=requested
07-24 17:55:48.482  2750  2781 V ShellRecents:   normal finish
07-24 17:55:48.482  2750  2781 V ShellRecents: [207478724] RecentsController.finishInner: Completing finish
07-24 17:55:48.482  2750  2781 V ShellRecents: [207478724] RecentsController.cleanup
07-24 17:55:48.482  2750  2781 V WindowManagerShell: Transition animation finished (aborted=false), notifying core (#6926) android.os.BinderProxy@68ddad7@0
07-24 17:55:48.485  1823  1957 V WindowManager: Finish Transition (#6926): created at 07-24 17:55:48.025 collect-started=0.653ms started=0.674ms ready=47.277ms sent=49.989ms finished=459.535ms
07-24 17:55:48.489  2750  2781 V WindowManagerShell: Track 0 became idle
07-24 17:55:48.489  2750  2781 V WindowManagerShell: All active transition animations finished
07-24 17:55:48.490  2750  2781 V ShellRecents: [207478724] RecentsController.finishInner: calling finish callback
07-24 17:55:48.490  1823  2573 W UserManagerService: Requested status bar icon for non-badged user 0
07-24 17:55:48.491  1823  2703 D BackgroundInstallControlService: Package event received: 0
07-24 17:55:48.498  1823  2573 W UserManagerService: Requested status bar icon for non-badged user 0
07-24 17:55:48.505  1823  1960 V WindowManager: Unknown focus tokens, dropping reportFocusChanged
07-24 17:55:48.555  1823  2855 E ActivityTaskManager: Activity start ONLY allowed by BAL_ALLOW_NON_APP_VISIBLE_WINDOW callingUid has non-app visible window {2019=1}: [callingPackage: com.google.android.apps.nexuslauncher; callingPackageTargetSdk: 35; callingUid: 10167; callingPid: 11017; appSwitchState: 0; callingUidHasVisibleActivity: true; callingUidHasNonAppVisibleWindow: true; callingUidProcState: TOP; isCallingUidPersistentSystemProcess: false; allowBalExemptionForSystemProcess: false; intent: Intent { act=android.intent.action.MAIN cat=[android.intent.category.LAUNCHER] flg=0x10200000 pkg=com.android.chrome cmp=com.android.chrome/com.google.android.apps.chrome.Main bnds=[573,1897][755,2102] }; callerApp: ProcessRecord{cb3cd9 11017:com.google.android.apps.nexuslauncher/u0a167}; inVisibleTask: true; balAllowedByPiCreator: BSP.ALLOW_BAL; balAllowedByPiCreatorWithHardening: BSP.ALLOW_BAL; resultIfPiCreatorAllowsBal: BAL_ALLOW_NON_APP_VISIBLE_WINDOW; callerStartMode: MODE_BACKGROUND_ACTIVITY_START_SYSTEM_DEFINED; hasRealCaller: true; isCallForResult: false; isPendingIntent: false; autoOptInReason: notPendingIntent; realCallingPackage: com.google.android.apps.nexuslauncher; realCallingPackageTargetSdk: 35; realCallingUid: 10167; realCallingPid: 11017; realCallingUidHasVisibleActivity: true; realCallingUidHasNonAppVisibleWindow: true; realCallingUidProcState: TOP; isRealCallingUidPersistentSystemProcess: false; originatingPendingIntent: null; realCallerApp: ProcessRecord{cb3cd9 11017:com.google.android.apps.nexuslauncher/u0a167}; realInVisibleTask: true; balAllowedByPiSender: BSP.ALLOW_BAL; resultIfPiSenderAllowsBal: BAL_ALLOW_NON_APP_VISIBLE_WINDOW; realCallerStartMode: MODE_BACKGROUND_ACTIVITY_START_ALLOWED; balRequireOptInByPendingIntentCreator: true; balDontBringExistingBackgroundTaskStackToFg: true]
07-24 17:55:48.556  1823  2855 W OptProp : Cannot read opt property android.window.PROPERTY_COMPAT_ALLOW_RESIZEABLE_ACTIVITY_OVERRIDES
07-24 17:55:48.556  1823  2855 W OptProp : Cannot read opt property android.window.PROPERTY_COMPAT_ALLOW_MIN_ASPECT_RATIO_OVERRIDE
07-24 17:55:48.559  1823  2855 I ActivityTaskManager: START u0 {act=android.intent.action.MAIN cat=[android.intent.category.LAUNCHER] flg=0x10200000 pkg=com.android.chrome cmp=com.android.chrome/com.google.android.apps.chrome.Main bnds=[573,1897][755,2102]} with LAUNCH_SINGLE_INSTANCE_PER_TASK from uid 10167 (sr=138930135) (BAL_ALLOW_NON_APP_VISIBLE_WINDOW) result code=2
07-24 17:55:48.565  2750  2781 D WindowManagerShell: onActivityRestartAttempt: topActivity=ComponentInfo{com.android.chrome/org.chromium.chrome.browser.ChromeTabbedActivity}, wasVisible=false
07-24 17:55:48.568  1823  4745 W PackageConfigPersister: App-specific configuration not found for packageName: com.google.android.apps.nexuslauncher and userId: 0
07-24 17:55:48.570  2750  2781 V WindowManagerShell: Transition requested (#6927): android.os.BinderProxy@55ac1f4 TransitionRequestInfo { type = OPEN, triggerTask = TaskInfo{userId=0 taskId=9043 effectiveUid=10146 displayId=0 isRunning=true baseIntent=Intent { act=android.intent.action.MAIN cat=[android.intent.category.LAUNCHER] flg=0x10200000 pkg=com.android.chrome cmp=com.android.chrome/com.google.android.apps.chrome.Main } baseActivity=ComponentInfo{com.android.chrome/org.chromium.chrome.browser.ChromeTabbedActivity} topActivity=ComponentInfo{com.android.chrome/org.chromium.chrome.browser.ChromeTabbedActivity} origActivity=ComponentInfo{com.android.chrome/com.google.android.apps.chrome.Main} realActivity=ComponentInfo{com.android.chrome/org.chromium.chrome.browser.ChromeTabbedActivity} numActivities=1 lastActiveTime=236930433 supportsMultiWindow=true resizeMode=2 isResizeable=true minWidth=-1 minHeight=-1 defaultMinSize=220 token=WCT{android.window.IWindowContainerToken$Stub$Proxy@5751d1d} topActivityType=1 pictureInPictureParams=null shouldDockBigOverlays=false launchIntoPipHostTaskId=-1 lastParentTaskIdBeforePip=-1 displayCutoutSafeInsets=Rect(0, 104 - 0, 0) topActivityInfo=ActivityInfo{32a6b92 com.google.android.apps.chrome.Main} launchCookies=[android.os.BinderProxy@ac27963] positionInParent=Point(0, 0) parentTaskId=-1 isFocused=false isVisible=false isVisibleRequested=false isTopActivityNoDisplay=false isSleeping=false locusId=null displayAreaFeatureId=1 isTopActivityTransparent=false isActivityStackTransparent=false lastNonFullscreenBounds=Rect(286, 709 - 795, 1789) capturedLink=null capturedLinkTimestamp=0 requestedVisibleTypes=-9 topActivityRequestOpenInBrowserEducationTimestamp=0 appCompatTaskInfo=AppCompatTaskInfo { topActivityInSizeCompat=false eligibleForLetterboxEducation= false isLetterboxEducationEnabled= false isLetterboxDoubleTapEnabled= false eligibleForUserAspectRatioButton= false topActivityBoundsLetterboxed= false isFromLetterboxDoubleTap= false topActivityLetterboxVerticalPosition= -1 topActivityLetterboxHorizontalPosition= -1 topActivityLetterboxWidth=-1 topActivityLetterboxHeight=-1 topActivityLetterboxAppWidth=-1 topActivityLetterboxAppHeight=-1 isUserFullscreenOverrideEnabled=false isSystemFullscreenOverrideEnabled=false hasMinAspectRatioOverride=false topActivityLetterboxBounds=null cameraCompatTaskInfo=CameraCompatTaskInfo { freeformCameraCompatMode=inactive}} topActivityMainWindowFrame=null}, pipChange = null, remoteTransition = RemoteTransition { remoteTransition = android.window.IRemoteTransition$Stub$Proxy@b5c0960, appThread = android.app.IApplicationThread$Stub$Proxy@14b6e19, debugName = QuickstepLaunch }, displayChange = null, flags = 0, debugId = 6927 }
07-24 17:55:48.570  2750  2781 D ShellSplitScreen: logExit: no-op, mLoggerSessionId is null
07-24 17:55:48.570  2750  2781 V WindowManagerShell: RemoteTransition directly requested for (#6927) android.os.BinderProxy@55ac1f4: RemoteTransition { remoteTransition = android.window.IRemoteTransition$Stub$Proxy@b5c0960, appThread = android.app.IApplicationThread$Stub$Proxy@14b6e19, debugName = QuickstepLaunch }
07-24 17:55:48.587  1823  5071 D CoreBackPreview: Window{ee58cb6 u0 com.termux/com.termux.app.TermuxActivity}: Setting back callback OnBackInvokedCallbackInfo{mCallback=android.window.IOnBackInvokedCallback$Stub$Proxy@dcb7625, mPriority=0, mIsAnimationCallback=false, mOverrideBehavior=0}
07-24 17:55:48.588  2750  2781 D WindowManagerShell: setLauncherKeepClearAreaHeight: visible=false, height=552
07-24 17:55:48.591  1823  2703 D BackgroundInstallControlService: Package event received: 0
07-24 17:55:48.591  1823  2703 D BackgroundInstallControlService: Package event received: 0
07-24 17:55:48.591  1823  2703 D BackgroundInstallControlService: Package event received: 0
07-24 17:55:48.596  1823  1957 V WindowManager: Sent Transition (#6927) createdAt=07-24 17:55:48.556 via request=TransitionRequestInfo { type = OPEN, triggerTask = TaskInfo{userId=0 taskId=9043 effectiveUid=10146 displayId=0 isRunning=true baseIntent=Intent { act=android.intent.action.MAIN cat=[android.intent.category.LAUNCHER] flg=0x10200000 pkg=com.android.chrome cmp=com.android.chrome/com.google.android.apps.chrome.Main } baseActivity=ComponentInfo{com.android.chrome/org.chromium.chrome.browser.ChromeTabbedActivity} topActivity=ComponentInfo{com.android.chrome/org.chromium.chrome.browser.ChromeTabbedActivity} origActivity=ComponentInfo{com.android.chrome/com.google.android.apps.chrome.Main} realActivity=ComponentInfo{com.android.chrome/org.chromium.chrome.browser.ChromeTabbedActivity} numActivities=1 lastActiveTime=236930433 supportsMultiWindow=true resizeMode=2 isResizeable=true minWidth=-1 minHeight=-1 defaultMinSize=220 token=WCT{RemoteToken{c8ce953 Task{f53451d #9043 type=standard A=10146:com.android.chrome}}} topActivityType=1 pictureInPictureParams=null shouldDockBigOverlays=false launchIntoPipHostTaskId=-1 lastParentTaskIdBeforePip=-1 displayCutoutSafeInsets=Rect(0, 104 - 0, 0) topActivityInfo=ActivityInfo{f85138e com.google.android.apps.chrome.Main} launchCookies=[android.os.BinderProxy@4a525c6] positionInParent=Point(0, 0) parentTaskId=-1 isFocused=false isVisible=false isVisibleRequested=false isTopActivityNoDisplay=false isSleeping=false locusId=null displayAreaFeatureId=1 isTopActivityTransparent=false isActivityStackTransparent=false lastNonFullscreenBounds=Rect(286, 709 - 795, 1789) capturedLink=null capturedLinkTimestamp=0 requestedVisibleTypes=-9 topActivityRequestOpenInBrowserEducationTimestamp=0 appCompatTaskInfo=AppCompatTaskInfo { topActivityInSizeCompat=false eligibleForLetterboxEducation= false isLetterboxEducationEnabled= false isLetterboxDoubleTapEnabled= false eligibleForUserAspectRatioButton= false topActivityBoundsLetterboxed= false isFromLetterboxDoubleTap= false topActivityLetterboxVerticalPosition= -1 topActivityLetterboxHorizontalPosition= -1 topActivityLetterboxWidth=-1 topActivityLetterboxHeight=-1 topActivityLetterboxAppWidth=-1 topActivityLetterboxAppHeight=-1 isUserFullscreenOverrideEnabled=false isSystemFullscreenOverrideEnabled=false hasMinAspectRatioOverride=false topActivityLetterboxBounds=null cameraCompatTaskInfo=CameraCompatTaskInfo { freeformCameraCompatMode=inactive}} topActivityMainWindowFrame=null}, pipChange = null, remoteTransition = RemoteTransition { remoteTransition = android.window.IRemoteTransition$Stub$Proxy@8f79987, appThread = android.app.IApplicationThread$Stub$Proxy@79db0b4, debugName = QuickstepLaunch }, displayChange = null, flags = 0, debugId = 6927 }
07-24 17:55:48.596  1823  1957 V WindowManager:     startWCT=WindowContainerTransaction { changes= {} hops= [] errorCallbackToken=null taskFragmentOrganizer=null }
07-24 17:55:48.596  1823  1957 V WindowManager:     info={id=6927 t=OPEN f=0x0 trk=0 r=[0@Point(0, 0)] c=[
07-24 17:55:48.596  1823  1957 V WindowManager:         {WCT{RemoteToken{c8ce953 Task{f53451d #9043 type=standard A=10146:com.android.chrome}}} m=TO_FRONT f=MOVE_TO_TOP leash=Surface(name=Task=9043)/@0xac378b7 sb=Rect(0, 0 - 1080, 2460) eb=Rect(0, 0 - 1080, 2460) epz=Point(1080, 2460) d=0 taskParent=-1},
07-24 17:55:48.596  1823  1957 V WindowManager:         {WCT{RemoteToken{16185dc Task{be3a8f1 #1 type=home}}} m=TO_BACK f=SHOW_WALLPAPER leash=Surface(name=Task=1)/@0xf1d6f2d sb=Rect(0, 0 - 1080, 2460) eb=Rect(0, 0 - 1080, 2460) epz=Point(1080, 2460) d=0 taskParent=-1}
07-24 17:55:48.596  1823  1957 V WindowManager:     ]}
07-24 17:55:48.597  2750  6467 V WindowManagerShell: onTransitionReady(transaction=7829725941301)
07-24 17:55:48.599  1823  2703 D BackgroundInstallControlService: Package event received: 0
07-24 17:55:48.600  1823  2703 D BackgroundInstallControlService: Package event received: 0
07-24 17:55:48.604  2750  2781 V WindowManagerShell: onTransitionReady (#6927) android.os.BinderProxy@55ac1f4: {id=6927 t=OPEN f=0x0 trk=0 r=[0@Point(0, 0)] c=[
07-24 17:55:48.604  2750  2781 V WindowManagerShell:         {m=TO_FRONT f=MOVE_TO_TOP leash=Surface(name=Task=9043)/@0x8685b8c sb=Rect(0, 0 - 1080, 2460) eb=Rect(0, 0 - 1080, 2460) epz=Point(1080, 2460) d=0 taskParent=-1},
07-24 17:55:48.604  2750  2781 V WindowManagerShell:         {m=TO_BACK f=SHOW_WALLPAPER leash=Surface(name=Task=1)/@0xa9bd2d5 sb=Rect(0, 0 - 1080, 2460) eb=Rect(0, 0 - 1080, 2460) epz=Point(1080, 2460) d=0 taskParent=-1}
07-24 17:55:48.604  2750  2781 V WindowManagerShell:     ]}
07-24 17:55:48.605  2750  2781 V WindowManagerShell: Playing animation for (#6927) android.os.BinderProxy@55ac1f4@0
07-24 17:55:48.605  2750  2781 V WindowManagerShell:  try firstHandler com.android.wm.shell.transition.DefaultMixedHandler@8dc3a74
07-24 17:55:48.605  2750  2781 V WindowManagerShell: Mixed transition for opening an intent with a remote transition and PIP or Desktop #6927
07-24 17:55:48.607  2750  2781 V WindowManagerShell: tryAnimateOpenIntentWithRemoteAndPipOrDesktop
07-24 17:55:48.607  2750  2781 V WindowManagerShell:  Delegate animation for (#6927) to RemoteTransition { remoteTransition = android.window.IRemoteTransition$Stub$Proxy@b5c0960, appThread = android.app.IApplicationThread$Stub$Proxy@14b6e19, debugName = QuickstepLaunch }
07-24 17:55:48.607  1823  5584 W UserManagerService: Requested status bar icon for non-badged user 0
07-24 17:55:48.609  2750  2781 V WindowManagerShell:  animated by firstHandler
07-24 17:55:48.609  1823  2703 D BackgroundInstallControlService: Package event received: 0
07-24 17:55:48.609  1823  2703 D BackgroundInstallControlService: Package event received: 0
07-24 17:55:48.613  1823  2703 D BackgroundInstallControlService: Package event received: 0
07-24 17:55:48.613  1823  5071 D ActivityManager: sync unfroze 11152 com.google.android.gms for 6
07-24 17:55:48.646  1823  6112 D CoreBackPreview: Window{80cb4d5 u0 com.android.chrome/com.google.android.apps.chrome.Main}: Setting back callback OnBackInvokedCallbackInfo{mCallback=android.window.IOnBackInvokedCallback$Stub$Proxy@307c75a, mPriority=0, mIsAnimationCallback=true, mOverrideBehavior=0}
07-24 17:55:48.656  1823  2703 D BackgroundInstallControlService: Package event received: 0
07-24 17:55:48.656  1823  2703 D BackgroundInstallControlService: Package event received: 0
07-24 17:55:48.826  1823  2913 W PackageConfigPersister: App-specific configuration not found for packageName: com.android.chrome and userId: 0
07-24 17:55:49.142  2750  2781 V WindowManagerShell: Transition animation finished (aborted=false), notifying core (#6927) android.os.BinderProxy@55ac1f4@0
07-24 17:55:49.144  1823  1957 V WindowManager: Finish Transition (#6927): created at 07-24 17:55:48.556 collect-started=0.014ms request-sent=1.88ms started=30.291ms ready=36.747ms sent=37.968ms finished=587.934ms
07-24 17:55:49.156  2750  2781 V WindowManagerShell: Track 0 became idle
07-24 17:55:49.156  2750  2781 V WindowManagerShell: All active transition animations finished
07-24 17:55:49.177  1823  2572 W UserManagerService: Requested status bar icon for non-badged user 0
07-24 17:55:49.181  1823  2572 W UserManagerService: Requested status bar icon for non-badged user 0
07-24 17:55:49.196  1823  2913 W ActivityManager: Unbind failed: could not find connection for android.os.BinderProxy@9015e1a
07-24 17:55:49.200  1823  2703 D BackgroundInstallControlService: Package event received: 0
07-24 17:55:49.342  1823  6112 W JobScheduler: Job didn't exist in JobStore: c60f9f5 #u0a130/101 com.google.android.apps.messaging/.shared.datamodel.action.execution.ActionJobService
07-24 17:55:50.194  1823  6112 W PackageConfigPersister: App-specific configuration not found for packageName: com.android.chrome and userId: 0
07-24 17:55:50.564  1823  6112 W JobScheduler: Job didn't exist in JobStore: 7451870 #u0a130/101 com.google.android.apps.messaging/.shared.datamodel.action.execution.ActionJobService
07-24 17:55:50.993  1823  1980 I ActivityManager: Start proc 14595:com.android.chrome:sandboxed_process0:org.chromium.content.app.SandboxedProcessService0:38/u0ai104 for  {com.android.chrome/org.chromium.content.app.SandboxedProcessService0:38}
07-24 17:55:51.061  1823  2703 D BackgroundInstallControlService: Package event received: 0
07-24 17:55:52.064  1823  2572 W PackageConfigPersister: App-specific configuration not found for packageName: com.android.chrome and userId: 0
07-24 17:55:54.805  1823  1980 I ActivityManager: Start proc 14625:com.whatsapp/u0a290 for broadcast {com.whatsapp/com.google.firebase.iid.FirebaseInstanceIdReceiver}
07-24 17:55:55.188  1823  2703 D BackgroundInstallControlService: Package event received: 0
07-24 17:55:55.295  1823  3385 D CompatChangeReporter: Compat change id reported: 297989574; UID 10290; state: ENABLED
07-24 17:55:55.416  1823  2703 D BackgroundInstallControlService: Package event received: 0
07-24 17:55:55.602  1823  2913 I ActivityManager: Background started FGS: Allowed [callingPackage: com.whatsapp; callingUid: 10290; uidState: TRNB; uidBFSL: n/a; intent: Intent { cmp=com.whatsapp/.service.GcmFGService }; code:SYSTEM_ALLOW_LISTED; tempAllowListReason:<,reasonCode:SYSTEM_ALLOW_LISTED,duration:9223372036854775807,callingUid:-1>; targetSdkVersion:35; callerTargetSdkVersion:35; startForegroundCount:0; bindFromPackage:null: isBindService:false]
07-24 17:55:55.615  1823  3385 W ActivityManager: Foreground service started from background can not have location/camera/microphone access: service com.whatsapp/.service.GcmFGService
07-24 17:55:55.616  1823  3385 I ActivityManager: Background started FGS: Allowed [callingPackage: com.whatsapp; callingUid: 10290; uidState: FGS ; uidBFSL: [BFSL]; intent: Intent { cmp=com.whatsapp/.service.GcmFGService }; code:PROC_STATE_FGS; tempAllowListReason:<,reasonCode:SYSTEM_ALLOW_LISTED,duration:9223372036854775807,callingUid:-1>; targetSdkVersion:35; callerTargetSdkVersion:35; startForegroundCount:0; bindFromPackage:null: isBindService:false]
07-24 17:55:55.619  1823  3385 W ForegroundServiceTypeLoggerModule: Foreground service start for UID: 10290 does not have any types
07-24 17:55:55.619  1823  2703 D BackgroundInstallControlService: Package event received: 0
07-24 17:55:55.991 23975 23975 D InsetsController: Setting requestedVisibleTypes to -1 (was -9)
07-24 17:55:55.993  1823  2573 W PackageConfigPersister: App-specific configuration not found for packageName: com.android.chrome and userId: 0
07-24 17:55:55.995  1823  2703 D BackgroundInstallControlService: Package event received: 0
07-24 17:55:56.007  1823  2703 D BackgroundInstallControlService: Package event received: 0
07-24 17:55:56.099  1823  6112 D CoreBackPreview: Window{80cb4d5 u0 com.android.chrome/com.google.android.apps.chrome.Main}: Setting back callback OnBackInvokedCallbackInfo{mCallback=android.window.IOnBackInvokedCallback$Stub$Proxy@dcf9e13, mPriority=0, mIsAnimationCallback=true, mOverrideBehavior=0}
07-24 17:55:56.178  2750  2781 D WindowManagerShell: onKeepClearAreasChanged: restricted={}, unrestricted={Rect(0, 2328 - 1080, 2460)}
07-24 17:55:56.196  2750  2781 D WindowManagerShell: onKeepClearAreasChanged: restricted={}, unrestricted={Rect(0, 1624 - 1080, 2460)}
07-24 17:55:56.531  1823  2703 D BackgroundInstallControlService: Package event received: 0
07-24 17:55:56.531  1823  5071 D CompatChangeReporter: Compat change id reported: 151861875; UID 10066; state: ENABLED
07-24 17:55:56.543  1823  1980 I ActivityManager: Start proc 14728:android.process.acore/u0a66 for content provider {com.android.providers.contacts/com.android.providers.contacts.ContactsProvider2}
07-24 17:55:56.755  1823  2703 D BackgroundInstallControlService: Package event received: 0
07-24 17:55:56.755  1823  2703 D BackgroundInstallControlService: Package event received: 0
07-24 17:55:56.755  1823  2703 D BackgroundInstallControlService: Package event received: 0
07-24 17:55:56.755  1823  2703 D BackgroundInstallControlService: Package event received: 0
07-24 17:55:57.251  1823  2703 D BackgroundInstallControlService: Package event received: 0
07-24 17:55:57.524  1823  2703 D BackgroundInstallControlService: Package event received: 0
07-24 17:55:57.532  1823  1823 W NotificationHistory: Attempted to add notif for locked/gone/disabled user 0
07-24 17:55:57.544  1823  1823 I AS.AudioService: shouldNotificationSoundPlay false: muted stream:5 attr:AudioAttributes: usage=USAGE_NOTIFICATION content=CONTENT_TYPE_SONIFICATION flags=0x800 tags= bundle=null
07-24 17:55:57.914  1823  5325 D CoreBackPreview: Window{da91481 u0 NotificationShade}: Setting back callback OnBackInvokedCallbackInfo{mCallback=android.window.IOnBackInvokedCallback$Stub$Proxy@12bc183, mPriority=0, mIsAnimationCallback=false, mOverrideBehavior=0}
07-24 17:55:58.011  1823  5944 D SystemServerTiming: getUserSwitchability-0
07-24 17:55:58.011  1823  5944 D SystemServerTiming: TM.isInCall
07-24 17:55:58.011  1823  5325 D SystemServerTiming: getUserSwitchability-0
07-24 17:55:58.011  1823  5325 D SystemServerTiming: TM.isInCall
07-24 17:55:58.012  1823  5325 D SystemServerTiming: hasUserRestriction-DISALLOW_USER_SWITCH
07-24 17:55:58.012  1823  5325 D SystemServerTiming: getInt-ALLOW_USER_SWITCHING_WHEN_SYSTEM_USER_LOCKED
07-24 17:55:58.013  1823  5325 D SystemServerTiming: isUserUnlocked-USER_SYSTEM
07-24 17:55:58.013  1823  5944 D SystemServerTiming: hasUserRestriction-DISALLOW_USER_SWITCH
07-24 17:55:58.013  1823  5944 D SystemServerTiming: getInt-ALLOW_USER_SWITCHING_WHEN_SYSTEM_USER_LOCKED
07-24 17:55:58.013  1823  5944 D SystemServerTiming: isUserUnlocked-USER_SYSTEM
07-24 17:55:58.415  1823  2703 D BackgroundInstallControlService: Package event received: 0
07-24 17:55:58.523  1823  2913 D ActivityManager: Stop FGS timeout: ServiceRecord{3e07da2 u0 com.whatsapp/.service.GcmFGService c:com.whatsapp}
07-24 17:55:58.524  1823  2913 W ForegroundServiceTypeLoggerModule: FGS stop call for: 10290 has no types!
07-24 17:55:58.524  1823  2703 D BackgroundInstallControlService: Package event received: 0
07-24 17:56:00.631  1823  5325 W JobScheduler: Job didn't exist in JobStore: fe1f17a #u0a130/101 com.google.android.apps.messaging/.shared.datamodel.action.execution.ActionJobService
07-24 17:56:02.027 23975 23975 D InsetsController: Setting requestedVisibleTypes to -9 (was -1)
07-24 17:56:02.027  1823  5325 D CoreBackPreview: Window{80cb4d5 u0 com.android.chrome/com.google.android.apps.chrome.Main}: Setting back callback OnBackInvokedCallbackInfo{mCallback=android.window.IOnBackInvokedCallback$Stub$Proxy@39dfd9e, mPriority=0, mIsAnimationCallback=true, mOverrideBehavior=0}
07-24 17:56:02.039  1823  2573 W PackageConfigPersister: App-specific configuration not found for packageName: com.android.chrome and userId: 0
07-24 17:56:02.391  2750  2781 D WindowManagerShell: onKeepClearAreasChanged: restricted={}, unrestricted={}
07-24 17:56:04.062  1823  6112 D CoreBackPreview: Window{da91481 u0 NotificationShade}: Setting back callback null
07-24 17:56:04.240  1823  2703 D BackgroundInstallControlService: Package event received: 0
07-24 17:56:07.047  1823  1979 D ActivityManager: sync unfroze 14277 org.zwanoo.android.speedtest for 3
07-24 17:56:07.126  1823  2703 D BackgroundInstallControlService: Package event received: 0
07-24 17:56:07.175  1823  2703 D BackgroundInstallControlService: Package event received: 0
07-24 17:56:07.255  1823  6112 E ThermalManagerService$ThermalHalWrapper: Couldn't getCurrentCoolingDevices due to invalid status
07-24 17:56:07.255  1823  6112 E ThermalManagerService$ThermalHalWrapper: java.lang.IllegalArgumentException: ThermalHAL not initialized properly.
07-24 17:56:07.255  1823  6112 E ThermalManagerService$ThermalHalWrapper: 	at android.os.Parcel.createExceptionOrNull(Parcel.java:3265)
07-24 17:56:07.255  1823  6112 E ThermalManagerService$ThermalHalWrapper: 	at android.os.Parcel.createException(Parcel.java:3245)
07-24 17:56:07.255  1823  6112 E ThermalManagerService$ThermalHalWrapper: 	at android.os.Parcel.readException(Parcel.java:3228)
07-24 17:56:07.255  1823  6112 E ThermalManagerService$ThermalHalWrapper: 	at android.os.Parcel.readException(Parcel.java:3170)
07-24 17:56:07.255  1823  6112 E ThermalManagerService$ThermalHalWrapper: 	at android.hardware.thermal.IThermal$Stub$Proxy.getTemperaturesWithType(IThermal.java:658)
07-24 17:56:07.255  1823  6112 E ThermalManagerService$ThermalHalWrapper: 	at com.android.server.power.ThermalManagerService$ThermalHalAidlWrapper.getCurrentTemperatures(ThermalManagerService.java:1179)
07-24 17:56:07.255  1823  6112 E ThermalManagerService$ThermalHalWrapper: 	at com.android.server.power.ThermalManagerService$TemperatureWatcher.getAndUpdateTemperatureSamples(ThermalManagerService.java:1906)
07-24 17:56:07.255  1823  6112 E ThermalManagerService$ThermalHalWrapper: 	at com.android.server.power.ThermalManagerService$TemperatureWatcher.getForecast(ThermalManagerService.java:1982)
07-24 17:56:07.255  1823  6112 E ThermalManagerService$ThermalHalWrapper: 	at com.android.server.power.ThermalManagerService$2.getThermalHeadroom(ThermalManagerService.java:707)
07-24 17:56:07.255  1823  6112 E ThermalManagerService$ThermalHalWrapper: 	at android.os.IThermalService$Stub.onTransact(IThermalService.java:362)
07-24 17:56:07.255  1823  6112 E ThermalManagerService$ThermalHalWrapper: 	at android.os.Binder.execTransactInternal(Binder.java:1406)
07-24 17:56:07.255  1823  6112 E ThermalManagerService$ThermalHalWrapper: 	at android.os.Binder.execTransact(Binder.java:1350)
07-24 17:56:07.255  1823  6112 E ThermalManagerService: No temperature samples found
07-24 17:56:07.430  1823  6112 D CoreBackPreview: Window{431357d u0 com.android.chrome/com.google.android.apps.chrome.Main}: Setting back callback OnBackInvokedCallbackInfo{mCallback=android.window.IOnBackInvokedCallback$Stub$Proxy@9dbf56c, mPriority=-1, mIsAnimationCallback=false, mOverrideBehavior=0}
07-24 17:56:07.520  1823  1980 I ActivityManager: Start proc 14809:com.android.chrome:sandboxed_process0:org.chromium.content.app.SandboxedProcessService0:39/u0ai105 for  {com.android.chrome/org.chromium.content.app.SandboxedProcessService0:39}
07-24 17:56:07.580  1823  5944 W PackageConfigPersister: App-specific configuration not found for packageName: com.android.chrome and userId: 0
07-24 17:56:07.626  1823  2703 D BackgroundInstallControlService: Package event received: 0
07-24 17:56:07.670  1823  5367 I ActivityManager: Killing 14809:com.android.chrome:sandboxed_process0:org.chromium.content.app.SandboxedProcessService0:39/u0a146i-8895 (adj 0): isolated not needed
07-24 17:56:07.687  1823  1958 D DisplayManagerService: Drop pending events for gone uid 90105
