07-24 17:58:53.911  2750  2781 V WindowManagerShell: onTransitionReady (#6932) android.os.BinderProxy@acba33b: {id=6932 t=TO_FRONT f=0x80 trk=0 r=[0@Point(0, 0)] c=[
07-24 17:58:53.911  2750  2781 V WindowManagerShell:         {m=TO_FRONT f=SHOW_WALLPAPER|MOVE_TO_TOP leash=Surface(name=Task=1)/@0x2e987b1 sb=Rect(0, 0 - 1080, 2460) eb=Rect(0, 0 - 1080, 2460) epz=Point(1080, 2460) d=0 taskParent=-1},
07-24 17:58:53.911  2750  2781 V WindowManagerShell:         {m=TO_BACK f=NONE leash=Surface(name=Task=9159)/@0x8ace496 sb=Rect(0, 0 - 1080, 2460) eb=Rect(0, 0 - 1080, 2460) epz=Point(1080, 2460) d=0 taskParent=-1},
07-24 17:58:53.911  2750  2781 V WindowManagerShell:         {m=TO_FRONT f=IS_WALLPAPER leash=Surface(name=WallpaperWindowToken{b753ab3 token=android.os.Binder@3f52022})/@0x1473817 sb=Rect(0, 0 - 1080, 2460) eb=Rect(0, 0 - 1080, 2460) epz=Point(1080, 2460) d=0}
07-24 17:58:53.911  2750  2781 V WindowManagerShell:     ]}
07-24 17:58:53.911  2750  2781 V WindowManagerShell: Playing animation for (#6932) android.os.BinderProxy@acba33b@0
07-24 17:58:53.911  2750  2781 V WindowManagerShell:  try firstHandler com.android.wm.shell.recents.RecentsTransitionHandler@9393d5f
07-24 17:58:53.912  2750  2781 V ShellRecents: [252881496] RecentsController.start
07-24 17:58:53.913  2750  2781 V ShellRecents:   not handling home taskId=1
07-24 17:58:53.914  2750  2781 V ShellRecents:   adding pausing leaf taskId=9159 at layer=8
07-24 17:58:53.915  2750  2781 V ShellRecents: Applying transaction=7829725941887
07-24 17:58:53.915  1823  1897 W UserManagerService: Requested status bar icon for non-badged user 0
07-24 17:58:53.916  2750  2781 V ShellRecents: Trying to get a handler for takeover but the flag is disabled
07-24 17:58:53.916  2750  2781 V ShellSplitScreen: getSplitBoundsForTaskId: expected split bounds for taskId=9159 but not found
07-24 17:58:53.916  2750  2781 V ShellRecents: [252881496] RecentsController.start: calling onAnimationStart with 2 apps
07-24 17:58:53.917  1823  5272 W ActivityManager: Unable to start service Intent { act=com.google.android.systemui.qs.launcher.LauncherTileService pkg=com.android.systemui } U=0: not found
07-24 17:58:53.918  2750  2781 V WindowManagerShell:  animated by firstHandler
07-24 17:58:53.919  2750  2781 V ShellRecents: [252881496] RecentsController.setInputConsumerEnabled: set focus to recents
07-24 17:58:53.919  1823  1957 V WindowManager: Sent Transition (#6932) createdAt=07-24 17:58:53.866
07-24 17:58:53.920  1823  1957 V WindowManager:     startWCT=WindowContainerTransaction { changes= {} hops= [{pendingIntent: options=Bundle[{android.activity.splashScreenStyle=-1, android.activity.sourceInfo=android.app.ActivityOptions$SourceInfo@c06010f, android.pendingIntent.backgroundActivityAllowed=3, android:activity.animAbortListener=null, android.activity.transientLaunch=true}]}] errorCallbackToken=null taskFragmentOrganizer=null }
07-24 17:58:53.920  1823  1957 V WindowManager:     info={id=6932 t=TO_FRONT f=0x80 trk=0 r=[0@Point(0, 0)] c=[
07-24 17:58:53.920  1823  1957 V WindowManager:         {WCT{RemoteToken{16185dc Task{be3a8f1 #1 type=home}}} m=TO_FRONT f=SHOW_WALLPAPER|MOVE_TO_TOP leash=Surface(name=Task=1)/@0xf1d6f2d sb=Rect(0, 0 - 1080, 2460) eb=Rect(0, 0 - 1080, 2460) epz=Point(1080, 2460) d=0 taskParent=-1},
07-24 17:58:53.920  1823  1957 V WindowManager:         {WCT{RemoteToken{6c14f4f Task{163ff0a #9159 type=standard A=10290:com.whatsapp}}} m=TO_BACK f=NONE leash=Surface(name=Task=9159)/@0x32436f3 sb=Rect(0, 0 - 1080, 2460) eb=Rect(0, 0 - 1080, 2460) epz=Point(1080, 2460) d=0 taskParent=-1},
07-24 17:58:53.920  1823  1957 V WindowManager:         {m=TO_FRONT f=IS_WALLPAPER leash=Surface(name=WallpaperWindowToken{b753ab3 token=android.os.Binder@3f52022})/@0xd60757 sb=Rect(0, 0 - 1080, 2460) eb=Rect(0, 0 - 1080, 2460) epz=Point(1080, 2460) d=0}
07-24 17:58:53.920  1823  1957 V WindowManager:     ]}
07-24 17:58:53.925  1823  2618 E HandwritingModeController: Cannot get requestId: Handwriting was not initialized.
07-24 17:58:54.411  1823  1960 W AccessibilityWindowsPopulator: Windows change within in 2 frames continuously over 500 ms and notify windows changed immediately
07-24 17:58:54.518  2750 15650 V ShellRecents: [252881496] RecentsController.screenshotTask: taskId=9159
07-24 17:58:54.551  2750  2781 D WindowManagerShell: setLauncherKeepClearAreaHeight: visible=true, height=552
07-24 17:58:54.552  2750 15650 V ShellRecents: [252881496] RecentsController.detachNavigationBarFromApp
07-24 17:58:54.554  1823  2703 D BackgroundInstallControlService: Package event received: 0
07-24 17:58:54.723  1823  5367 W ActivityTaskManager: callingPackage for (uid=-1, pid=-1) has no WPC
07-24 17:58:54.725  2750  2781 V WindowManagerShell: Transition requested (#6933): android.os.BinderProxy@b315988 TransitionRequestInfo { type = TO_FRONT, triggerTask = TaskInfo{userId=0 taskId=9043 effectiveUid=10146 displayId=0 isRunning=true baseIntent=Intent { act=android.intent.action.MAIN cat=[android.intent.category.LAUNCHER] flg=0x10200000 pkg=com.android.chrome cmp=com.android.chrome/com.google.android.apps.chrome.Main } baseActivity=ComponentInfo{com.android.chrome/org.chromium.chrome.browser.ChromeTabbedActivity} topActivity=ComponentInfo{com.android.chrome/org.chromium.chrome.browser.ChromeTabbedActivity} origActivity=ComponentInfo{com.android.chrome/com.google.android.apps.chrome.Main} realActivity=ComponentInfo{com.android.chrome/org.chromium.chrome.browser.ChromeTabbedActivity} numActivities=1 lastActiveTime=237141054 supportsMultiWindow=true resizeMode=2 isResizeable=true minWidth=-1 minHeight=-1 defaultMinSize=220 token=WCT{android.window.IWindowContainerToken$Stub$Proxy@47abf21} topActivityType=1 pictureInPictureParams=null shouldDockBigOverlays=false launchIntoPipHostTaskId=-1 lastParentTaskIdBeforePip=-1 displayCutoutSafeInsets=Rect(0, 104 - 0, 0) topActivityInfo=ActivityInfo{3059f46 com.google.android.apps.chrome.Main} launchCookies=[android.os.BinderProxy@ac27963] positionInParent=Point(0, 0) parentTaskId=-1 isFocused=false isVisible=false isVisibleRequested=false isTopActivityNoDisplay=false isSleeping=false locusId=null displayAreaFeatureId=1 isTopActivityTransparent=false isActivityStackTransparent=false lastNonFullscreenBounds=Rect(286, 709 - 795, 1789) capturedLink=null capturedLinkTimestamp=0 requestedVisibleTypes=-9 topActivityRequestOpenInBrowserEducationTimestamp=0 appCompatTaskInfo=AppCompatTaskInfo { topActivityInSizeCompat=false eligibleForLetterboxEducation= false isLetterboxEducationEnabled= false isLetterboxDoubleTapEnabled= false eligibleForUserAspectRatioButton= false topActivityBoundsLetterboxed= false isFromLetterboxDoubleTap= false topActivityLetterboxVerticalPosition= -1 topActivityLetterboxHorizontalPosition= -1 topActivityLetterboxWidth=-1 topActivityLetterboxHeight=-1 topActivityLetterboxAppWidth=-1 topActivityLetterboxAppHeight=-1 isUserFullscreenOverrideEnabled=false isSystemFullscreenOverrideEnabled=false hasMinAspectRatioOverride=false topActivityLetterboxBounds=null cameraCompatTaskInfo=CameraCompatTaskInfo { freeformCameraCompatMode=inactive}} topActivityMainWindowFrame=null}, pipChange = null, remoteTransition = RemoteTransition { remoteTransition = android.window.IRemoteTransition$Stub$Proxy@6105507, appThread = android.app.IApplicationThread$Stub$Proxy@9468634, debugName = QuickstepLaunch }, displayChange = null, flags = 0, debugId = 6933 }
07-24 17:58:54.726  2750  2781 D ShellSplitScreen: logExit: no-op, mLoggerSessionId is null
07-24 17:58:54.726  2750  2781 V WindowManagerShell: RemoteTransition directly requested for (#6933) android.os.BinderProxy@b315988: RemoteTransition { remoteTransition = android.window.IRemoteTransition$Stub$Proxy@6105507, appThread = android.app.IApplicationThread$Stub$Proxy@9468634, debugName = QuickstepLaunch }
07-24 17:58:54.731  2750  2781 D WindowManagerShell: onActivityRestartAttempt: topActivity=ComponentInfo{com.android.chrome/org.chromium.chrome.browser.ChromeTabbedActivity}, wasVisible=false
07-24 17:58:54.731  1823  2703 D BackgroundInstallControlService: Package event received: 0
07-24 17:58:54.740  1823  2703 D BackgroundInstallControlService: Package event received: 0
07-24 17:58:54.740  1823  2703 D BackgroundInstallControlService: Package event received: 0
07-24 17:58:54.743  1823  2703 D BackgroundInstallControlService: Package event received: 0
07-24 17:58:54.743  1823  2703 D BackgroundInstallControlService: Package event received: 0
07-24 17:58:54.743  1823  2703 D BackgroundInstallControlService: Package event received: 0
07-24 17:58:54.755  2750  6566 V WindowManagerShell: onTransitionReady(transaction=7829725941917)
07-24 17:58:54.756  2750  2781 V WindowManagerShell: onTransitionReady (#6933) android.os.BinderProxy@b315988: {id=6933 t=TO_FRONT f=0x0 trk=0 r=[0@Point(0, 0)] c=[
07-24 17:58:54.756  2750  2781 V WindowManagerShell:         {m=TO_FRONT f=MOVE_TO_TOP leash=Surface(name=Task=9043)/@0x7d33aa3 sb=Rect(0, 0 - 1080, 2460) eb=Rect(0, 0 - 1080, 2460) epz=Point(1080, 2460) d=0 taskParent=-1},
07-24 17:58:54.756  2750  2781 V WindowManagerShell:         {m=TO_BACK f=SHOW_WALLPAPER leash=Surface(name=Task=1)/@0xddfd1a0 sb=Rect(0, 0 - 1080, 2460) eb=Rect(0, 0 - 1080, 2460) epz=Point(1080, 2460) d=0 taskParent=-1},
07-24 17:58:54.756  2750  2781 V WindowManagerShell:         {m=TO_BACK f=IN_TASK_WITH_EMBEDDED_ACTIVITY|FILLS_TASK p=WCT{android.window.IWindowContainerToken$Stub$Proxy@50067cc} leash=Surface(name=TaskFragment{9a6b50d mode=fullscreen})/@0xbeb3159 sb=Rect(0, 0 - 1080, 2460) eb=Rect(0, 0 - 1080, 2460) epz=Point(1080, 2460) d=0 bc=ff303030 taskFragmentToken=android.os.BinderProxy@738121a},
07-24 17:58:54.756  2750  2781 V WindowManagerShell:         {m=TO_BACK f=NONE leash=Surface(name=Task=9159)/@0x3511e sb=Rect(0, 0 - 1080, 2460) eb=Rect(0, 0 - 1080, 2460) epz=Point(1080, 2460) d=0 taskParent=-1}
07-24 17:58:54.756  2750  2781 V WindowManagerShell:     ]}
07-24 17:58:54.756  2750  2781 V WindowManagerShell: Transition (#6933) android.os.BinderProxy@b315988@0 ready while (#6932) android.os.BinderProxy@acba33b@0 is still animating. Notify the animating transition in case they can be merged
07-24 17:58:54.756  2750  2781 V ShellRecents: [252881496] RecentsController.merge
07-24 17:58:54.757  2750  2781 V ShellRecents:   closing pausing taskId=9159
07-24 17:58:54.758  2750  2781 V ShellRecents:   opening new leaf taskId=9043 wasClosing=false
07-24 17:58:54.758  2750  2781 V ShellRecents: [252881496] RecentsController.merge: empty pausing tasks
07-24 17:58:54.759  2750  2781 V ShellRecents: [252881496] RecentsController.merge: calling onTasksAppeared
07-24 17:58:54.760  2750  2781 V WindowManagerShell: Transition was merged: (#6933) android.os.BinderProxy@b315988@0 into (#6932) android.os.BinderProxy@acba33b@0
07-24 17:58:54.762  1823  2703 D BackgroundInstallControlService: Package event received: 0
07-24 17:58:54.778  1823  1957 V WindowManager: Sent Transition (#6933) createdAt=07-24 17:58:54.723 via request=TransitionRequestInfo { type = TO_FRONT, triggerTask = TaskInfo{userId=0 taskId=9043 effectiveUid=10146 displayId=0 isRunning=true baseIntent=Intent { act=android.intent.action.MAIN cat=[android.intent.category.LAUNCHER] flg=0x10200000 pkg=com.android.chrome cmp=com.android.chrome/com.google.android.apps.chrome.Main } baseActivity=ComponentInfo{com.android.chrome/org.chromium.chrome.browser.ChromeTabbedActivity} topActivity=ComponentInfo{com.android.chrome/org.chromium.chrome.browser.ChromeTabbedActivity} origActivity=ComponentInfo{com.android.chrome/com.google.android.apps.chrome.Main} realActivity=ComponentInfo{com.android.chrome/org.chromium.chrome.browser.ChromeTabbedActivity} numActivities=1 lastActiveTime=237141054 supportsMultiWindow=true resizeMode=2 isResizeable=true minWidth=-1 minHeight=-1 defaultMinSize=220 token=WCT{RemoteToken{c8ce953 Task{f53451d #9043 type=standard A=10146:com.android.chrome}}} topActivityType=1 pictureInPictureParams=null shouldDockBigOverlays=false launchIntoPipHostTaskId=-1 lastParentTaskIdBeforePip=-1 displayCutoutSafeInsets=Rect(0, 104 - 0, 0) topActivityInfo=ActivityInfo{f85138e com.google.android.apps.chrome.Main} launchCookies=[android.os.BinderProxy@4a525c6] positionInParent=Point(0, 0) parentTaskId=-1 isFocused=false isVisible=false isVisibleRequested=false isTopActivityNoDisplay=false isSleeping=false locusId=null displayAreaFeatureId=1 isTopActivityTransparent=false isActivityStackTransparent=false lastNonFullscreenBounds=Rect(286, 709 - 795, 1789) capturedLink=null capturedLinkTimestamp=0 requestedVisibleTypes=-9 topActivityRequestOpenInBrowserEducationTimestamp=0 appCompatTaskInfo=AppCompatTaskInfo { topActivityInSizeCompat=false eligibleForLetterboxEducation= false isLetterboxEducationEnabled= false isLetterboxDoubleTapEnabled= false eligibleForUserAspectRatioButton= false topActivityBoundsLetterboxed= false isFromLetterboxDoubleTap= false topActivityLetterboxVerticalPosition= -1 topActivityLetterboxHorizontalPosition= -1 topActivityLetterboxWidth=-1 topActivityLetterboxHeight=-1 topActivityLetterboxAppWidth=-1 topActivityLetterboxAppHeight=-1 isUserFullscreenOverrideEnabled=false isSystemFullscreenOverrideEnabled=false hasMinAspectRatioOverride=false topActivityLetterboxBounds=null cameraCompatTaskInfo=CameraCompatTaskInfo { freeformCameraCompatMode=inactive}} topActivityMainWindowFrame=null}, pipChange = null, remoteTransition = RemoteTransition { remoteTransition = android.window.IRemoteTransition$Stub$Proxy@75d3d56, appThread = android.app.IApplicationThread$Stub$Proxy@1e781d7, debugName = QuickstepLaunch }, displayChange = null, flags = 0, debugId = 6933 }
07-24 17:58:54.779  1823  1957 V WindowManager:     startWCT=WindowContainerTransaction { changes= {} hops= [] errorCallbackToken=null taskFragmentOrganizer=null }
07-24 17:58:54.779  1823  1957 V WindowManager:     info={id=6933 t=TO_FRONT f=0x0 trk=0 r=[0@Point(0, 0)] c=[
07-24 17:58:54.779  1823  1957 V WindowManager:         {WCT{RemoteToken{c8ce953 Task{f53451d #9043 type=standard A=10146:com.android.chrome}}} m=TO_FRONT f=MOVE_TO_TOP leash=Surface(name=Task=9043)/@0xac378b7 sb=Rect(0, 0 - 1080, 2460) eb=Rect(0, 0 - 1080, 2460) epz=Point(1080, 2460) d=0 taskParent=-1},
07-24 17:58:54.779  1823  1957 V WindowManager:         {WCT{RemoteToken{16185dc Task{be3a8f1 #1 type=home}}} m=TO_BACK f=SHOW_WALLPAPER leash=Surface(name=Task=1)/@0xf1d6f2d sb=Rect(0, 0 - 1080, 2460) eb=Rect(0, 0 - 1080, 2460) epz=Point(1080, 2460) d=0 taskParent=-1},
07-24 17:58:54.779  1823  1957 V WindowManager:         {WCT{RemoteToken{3454079 TaskFragment{9a6b50d mode=fullscreen}}} m=TO_BACK f=IN_TASK_WITH_EMBEDDED_ACTIVITY|FILLS_TASK p=WCT{RemoteToken{6c14f4f Task{163ff0a #9159 type=standard A=10290:com.whatsapp}}} leash=Surface(name=TaskFragment{9a6b50d mode=fullscreen})/@0xf77acc3 sb=Rect(0, 0 - 1080, 2460) eb=Rect(0, 0 - 1080, 2460) epz=Point(1080, 2460) d=0 bc=ff303030 taskFragmentToken=android.os.BinderProxy@fd503a4},
07-24 17:58:54.779  1823  1957 V WindowManager:         {WCT{RemoteToken{6c14f4f Task{163ff0a #9159 type=standard A=10290:com.whatsapp}}} m=TO_BACK f=NONE leash=Surface(name=Task=9159)/@0x32436f3 sb=Rect(0, 0 - 1080, 2460) eb=Rect(0, 0 - 1080, 2460) epz=Point(1080, 2460) d=0 taskParent=-1}
07-24 17:58:54.779  1823  1957 V WindowManager:     ]}
07-24 17:58:54.782  1823  2572 D CoreBackPreview: Window{80cb4d5 u0 com.android.chrome/com.google.android.apps.chrome.Main}: Setting back callback OnBackInvokedCallbackInfo{mCallback=android.window.IOnBackInvokedCallback$Stub$Proxy@907d8e2, mPriority=0, mIsAnimationCallback=true, mOverrideBehavior=0}
07-24 17:58:54.787  1823  1897 W UserManagerService: Requested status bar icon for non-badged user 0
07-24 17:58:54.805  1823  1897 I MediaSessionStack: onPlaybackStateChanged - Pushing session to top | record: com.android.chrome/Chrome/103 (userId=0)
07-24 17:58:54.806  1823  2703 D BackgroundInstallControlService: Package event received: 0
07-24 17:58:54.813  1823  6139 I ActivityManager: Background started FGS: Allowed [callingPackage: com.android.chrome; callingUid: 10146; uidState: TOP ; uidBFSL: [BFSL]; intent: Intent { cmp=com.android.chrome/org.chromium.chrome.browser.media.ui.ChromeMediaNotificationControllerServices$PlaybackListenerService }; code:PROC_STATE_TOP; tempAllowListReason:<null>; targetSdkVersion:35; callerTargetSdkVersion:35; startForegroundCount:1; bindFromPackage:null: isBindService:false]
07-24 17:58:54.814  1823  2703 D BackgroundInstallControlService: Package event received: 0
07-24 17:58:54.858  1823  1960 V WindowManager: Unknown focus tokens, dropping reportFocusChanged
07-24 17:58:55.016  1823  5584 W PackageConfigPersister: App-specific configuration not found for packageName: com.android.chrome and userId: 0
07-24 17:58:55.130  2750  2781 V ShellRecents: [252881496] RecentsController.finishInner: toHome=false userLeave=false willFinishToHome=false state=1 reason=requested
07-24 17:58:55.130  2750  2781 V ShellRecents:   normal finish
07-24 17:58:55.131  2750  2781 V ShellRecents: [252881496] RecentsController.finishInner: Completing finish
07-24 17:58:55.131  2750  2781 V ShellRecents: [252881496] RecentsController.cleanup
07-24 17:58:55.132  2750  2781 V WindowManagerShell: Transition animation finished (aborted=false), notifying core (#6932) android.os.BinderProxy@acba33b@0
07-24 17:58:55.135  1823  2572 E TransitionChain: Can't collect into a chain with no transition
07-24 17:58:55.136  1823  1957 V WindowManager: Finish Transition (#6932): created at 07-24 17:58:53.866 collect-started=0.056ms started=0.069ms ready=24.86ms sent=42.102ms finished=1269.682ms
07-24 17:58:55.151  1823  1957 V WindowManager: Finish Transition (#6933): created at 07-24 17:58:54.723 collect-started=0.015ms request-sent=1.234ms started=3.535ms ready=15.848ms sent=28.472ms finished=425.96ms
07-24 17:58:55.154  1823  5326 W UserManagerService: Requested status bar icon for non-badged user 0
07-24 17:58:55.155  1823  5326 W UserManagerService: Requested status bar icon for non-badged user 0
07-24 17:58:55.156  1823  2573 W UserManagerService: Requested status bar icon for non-badged user 0
07-24 17:58:55.156  2750  2781 V WindowManagerShell: Track 0 became idle
07-24 17:58:55.156  1823  2573 W UserManagerService: Requested status bar icon for non-badged user 0
07-24 17:58:55.156  2750  2781 V WindowManagerShell: All active transition animations finished
07-24 17:58:55.156  2750  2781 V ShellRecents: [252881496] RecentsController.finishInner: calling finish callback
07-24 17:58:55.157  1823  2573 W UserManagerService: Requested status bar icon for non-badged user 0
07-24 17:58:55.162  1823  2703 D BackgroundInstallControlService: Package event received: 0
07-24 17:58:55.198  1823  2703 D BackgroundInstallControlService: Package event received: 0
07-24 17:58:55.245  1823  2703 D BackgroundInstallControlService: Package event received: 0
07-24 17:58:55.247  1823  1897 W ActivityManager: Unbind failed: could not find connection for android.os.BinderProxy@7c6c2c0
07-24 17:58:55.261  1823  2703 D BackgroundInstallControlService: Package event received: 0
07-24 17:58:55.658  1823  1823 W AccessibilityManagerService:  wait for adding window timeout: 7505
07-24 17:58:56.383  1823  2703 D BackgroundInstallControlService: Package event received: 0
07-24 17:58:56.384  1823  1823 W NotificationHistory: Attempted to add notif for locked/gone/disabled user 0
07-24 17:58:56.413  1823  2703 D BackgroundInstallControlService: Package event received: 0
07-24 17:58:56.413  1823  1823 W NotificationHistory: Attempted to add notif for locked/gone/disabled user 0
07-24 17:58:56.422  1823  1823 I AS.AudioService: shouldNotificationSoundPlay false: muted stream:5 attr:AudioAttributes: usage=USAGE_NOTIFICATION content=CONTENT_TYPE_SONIFICATION flags=0x800 tags= bundle=null
07-24 17:58:57.029  1823  2599 D ActivityManager: freezing 14277 org.zwanoo.android.speedtest
07-24 17:58:57.459  1823  2003 D KernelCpuUidUserSysTimeReader: Removing uids 90104-90104
07-24 17:58:57.460  1823  2003 D KernelCpuUidUserSysTimeReader: Removing uids 90101-90101
07-24 17:58:57.460  1823  2003 D KernelCpuUidUserSysTimeReader: Removing uids 99504-99504
07-24 17:58:57.803  1823  2703 D BackgroundInstallControlService: Package event received: 0
07-24 17:58:57.883  1823  2703 D BackgroundInstallControlService: Package event received: 0
07-24 17:58:57.893  1823  2703 D BackgroundInstallControlService: Package event received: 0
07-24 17:58:57.907  1823  2703 D BackgroundInstallControlService: Package event received: 0
07-24 17:58:57.916  1823  2703 D BackgroundInstallControlService: Package event received: 0
07-24 17:58:58.008  1823  5584 D CoreBackPreview: Window{da91481 u0 NotificationShade}: Setting back callback OnBackInvokedCallbackInfo{mCallback=android.window.IOnBackInvokedCallback$Stub$Proxy@243221e, mPriority=0, mIsAnimationCallback=false, mOverrideBehavior=0}
07-24 17:58:58.049  1823  2703 D BackgroundInstallControlService: Package event received: 0
07-24 17:58:58.125  1823  2573 D SystemServerTiming: getUserSwitchability-0
07-24 17:58:58.125  1823  2573 D SystemServerTiming: TM.isInCall
07-24 17:58:58.125  1823  5326 D SystemServerTiming: getUserSwitchability-0
07-24 17:58:58.125  1823  5326 D SystemServerTiming: TM.isInCall
07-24 17:58:58.126  1823  5326 D SystemServerTiming: hasUserRestriction-DISALLOW_USER_SWITCH
07-24 17:58:58.126  1823  5326 D SystemServerTiming: getInt-ALLOW_USER_SWITCHING_WHEN_SYSTEM_USER_LOCKED
07-24 17:58:58.126  1823  5326 D SystemServerTiming: isUserUnlocked-USER_SYSTEM
07-24 17:58:58.127  1823  2573 D SystemServerTiming: hasUserRestriction-DISALLOW_USER_SWITCH
07-24 17:58:58.127  1823  2573 D SystemServerTiming: getInt-ALLOW_USER_SWITCHING_WHEN_SYSTEM_USER_LOCKED
07-24 17:58:58.128  1823  2573 D SystemServerTiming: isUserUnlocked-USER_SYSTEM
07-24 17:58:58.572  1823  2703 D BackgroundInstallControlService: Package event received: 0
07-24 17:58:58.572  1823  2703 D BackgroundInstallControlService: Package event received: 0
07-24 17:58:59.077  1823  2703 D BackgroundInstallControlService: Package event received: 0
07-24 17:58:59.266  1823  2703 D BackgroundInstallControlService: Package event received: 0
07-24 17:58:59.333  1823  2703 D BackgroundInstallControlService: Package event received: 0
07-24 17:58:59.346  1823  2703 D BackgroundInstallControlService: Package event received: 0
07-24 17:58:59.361  1823  2703 D BackgroundInstallControlService: Package event received: 0
07-24 17:58:59.373  1823  2703 D BackgroundInstallControlService: Package event received: 0
07-24 17:58:59.577  1823  2703 D BackgroundInstallControlService: Package event received: 0
07-24 17:58:59.589  1823  2703 D BackgroundInstallControlService: Package event received: 0
07-24 17:58:59.608  1823  2703 D BackgroundInstallControlService: Package event received: 0
07-24 17:59:00.550  1823  2671 I AS.AudioService: onUpdateContextualVolumes: absolute volume driving streams 3 avrcp supported: false
07-24 17:59:00.571  1823  1979 D ActivityManager: sync unfroze 14377 com.android.settings for 3
07-24 17:59:00.577  1823  2703 D BackgroundInstallControlService: Package event received: 0
07-24 17:59:00.647  1823  1897 D CoreBackPreview: Window{da91481 u0 NotificationShade}: Setting back callback null
07-24 17:59:00.725  1823  1897 W PackageConfigPersister: App-specific configuration not found for packageName: com.android.chrome and userId: 0
07-24 17:59:01.299  1823  1823 I AS.AudioService: shouldNotificationSoundPlay false: muted stream:5 attr:AudioAttributes: usage=USAGE_NOTIFICATION content=CONTENT_TYPE_SONIFICATION flags=0x800 tags= bundle=null
07-24 17:59:01.310  1823  1823 I Telecom : VoipCallMonitor$1: onNotificationPosted: could not find acall for the call notification w/ id=[23]
07-24 17:59:01.596  1823  5584 D CoreBackPreview: Window{da91481 u0 NotificationShade}: Setting back callback OnBackInvokedCallbackInfo{mCallback=android.window.IOnBackInvokedCallback$Stub$Proxy@dded311, mPriority=0, mIsAnimationCallback=false, mOverrideBehavior=0}
07-24 17:59:01.708  1823  5584 D SystemServerTiming: getUserSwitchability-0
07-24 17:59:01.708  1823  5584 D SystemServerTiming: TM.isInCall
07-24 17:59:01.708  1823  5326 D SystemServerTiming: getUserSwitchability-0
07-24 17:59:01.708  1823  5326 D SystemServerTiming: TM.isInCall
07-24 17:59:01.709  1823  5584 D SystemServerTiming: hasUserRestriction-DISALLOW_USER_SWITCH
07-24 17:59:01.709  1823  5584 D SystemServerTiming: getInt-ALLOW_USER_SWITCHING_WHEN_SYSTEM_USER_LOCKED
07-24 17:59:01.709  1823  5584 D SystemServerTiming: isUserUnlocked-USER_SYSTEM
07-24 17:59:01.709  1823  5326 D SystemServerTiming: hasUserRestriction-DISALLOW_USER_SWITCH
07-24 17:59:01.709  1823  5326 D SystemServerTiming: getInt-ALLOW_USER_SWITCHING_WHEN_SYSTEM_USER_LOCKED
07-24 17:59:01.709  1823  5326 D SystemServerTiming: isUserUnlocked-USER_SYSTEM
07-24 17:59:02.099  1823  2703 D BackgroundInstallControlService: Package event received: 0
07-24 17:59:02.615  1823  1979 D CompatChangeReporter: Compat change id reported: 151861875; UID 10292; state: ENABLED
07-24 17:59:02.628  1823  1980 I ActivityManager: Start proc 15589:com.twitter.android/u0a292 for broadcast {com.twitter.android/com.google.firebase.iid.FirebaseInstanceIdReceiver}
07-24 17:59:02.940  1823  2703 D BackgroundInstallControlService: Package event received: 0
07-24 17:59:02.961  1823  2703 D BackgroundInstallControlService: Package event received: 0
07-24 17:59:02.964  1823  2703 D BackgroundInstallControlService: Package event received: 0
07-24 17:59:02.966  1823  2703 D BackgroundInstallControlService: Package event received: 0
07-24 17:59:02.981  1823  2573 D CoreBackPreview: Window{1c7b82d u0 VolumeDialogImpl}: Setting back callback OnBackInvokedCallbackInfo{mCallback=android.window.IOnBackInvokedCallback$Stub$Proxy@2736bb0, mPriority=-1, mIsAnimationCallback=false, mOverrideBehavior=0}
07-24 17:59:03.111  1823  5584 D CompatChangeReporter: Compat change id reported: 319471980; UID 10292; state: ENABLED
07-24 17:59:03.242  1823  2573 D CompatChangeReporter: Compat change id reported: 297989574; UID 10292; state: ENABLED
07-24 17:59:03.299  1823  2703 D BackgroundInstallControlService: Package event received: 0
07-24 17:59:03.527  1823  2703 D BackgroundInstallControlService: Package event received: 0
07-24 17:59:03.532  1823  2703 D BackgroundInstallControlService: Package event received: 0
07-24 17:59:03.711  1823  5584 W Telecom : TelecomServiceImpl$1: registerPhoneAccount - attempt to set a group from a non-system caller.: TSI.rPA(cta)@mWI
07-24 17:59:03.711  1823  5584 I Telecom : TelecomServiceImpl$1: registerPhoneAccount: account=[[ ] PhoneAccount: ComponentInfo{com.twitter.android/com.twitter.calling.xcall.XCallConnectionService}, ***, UserHandle{0} Capabilities: SelfManaged SuppVideo Video CallSubject  Audio Routes: BESW Schemes: sip  Extras: null GroupId: *** SC Restrictions: [NONE]]: TSI.rPA(cta)@mWI
07-24 17:59:03.712  1823  5584 I Telecom : PhoneAccountRegistrar: Modify account: [ComponentInfo{com.twitter.android/com.twitter.calling.xcall.XCallConnectionService}, ***, UserHandle{0}(lbl: self_managed -> X)]: TSI.rPA(cta)@mWI
07-24 17:59:03.718  1823  5584 I Telecom : AppLabelProxy: package com.twitter.android: name is X: TSI.rPA(cta)@mWI
07-24 17:59:03.721  1823  5584 I Telecom : CallsManager: handlePhoneAccountChanged: phoneAccount=[[X] PhoneAccount: ComponentInfo{com.twitter.android/com.twitter.calling.xcall.XCallConnectionService}, ***, UserHandle{0} Capabilities: SelfManaged SuppVideo Video CallSubject  Audio Routes: BESW Schemes: sip  Extras: null GroupId: *** SC Restrictions: [NONE]]: TSI.rPA(cta)@mWI
07-24 17:59:03.733  1823  2589 D ActivityManager: sync unfroze 14531 com.google.android.apps.messaging for 6
07-24 17:59:03.736  1823  2589 W ProcessStats: Tracking association SourceState{f04d21 system/1000 ImpBg #753999} whose proc state 6 is better than process ProcessState{f909394 com.google.android.apps.messaging/10130 pkg=com.google.android.apps.messaging} proc state 15 (3 skipped)
07-24 17:59:03.841  1823  5584 D CompatChangeReporter: Compat change id reported: 311402873; UID 10292; state: ENABLED
07-24 17:59:03.842  1823  5584 D CompatChangeReporter: Compat change id reported: 323349338; UID 10292; state: ENABLED
07-24 17:59:04.051 15589 15619 V ResourcesManager: The following library key has been added: ResourcesKey{ mHash=50f8d7b9 mResDir=null mSplitDirs=[] mOverlayDirs=[/product/overlay/NavigationBarModeGestural/NavigationBarModeGesturalOverlay.apk,/data/resource-cache/com.android.systemui-accent-LoW8.frro,/data/resource-cache/com.android.systemui-dynamic-8TVt.frro,/data/resource-cache/com.android.systemui-neutral-Zn1v.frro] mLibDirs=[/data/app/~~ZID6PvsEELbpA6ky0zZAtg==/com.google.android.webview-w-22840E5Robf3WsHnqjgw==/base.apk,/data/app/~~5oa4QYnxyHe1-PsXLQuTJw==/com.google.android.trichromelibrary_720406733-w36cShkHojKkDS9GmREDKg==/base.apk,/system_ext/framework/androidx.window.extensions.jar] mDisplayId=0 mOverrideConfig=v35 mCompatInfo={440dpi always-compat} mLoaders=[]}
07-24 17:59:04.167  1823  2703 D BackgroundInstallControlService: Package event received: 0
07-24 17:59:04.339  1823  2703 D BackgroundInstallControlService: Package event received: 0
07-24 17:59:04.345  1823  2703 D BackgroundInstallControlService: Package event received: 0
07-24 17:59:04.352  1823  1980 I ActivityManager: Start proc 15732:com.google.android.webview:webview_service/u0a143 for service {com.google.android.webview/org.chromium.android_webview.services.VariationsSeedServer}
07-24 17:59:04.402  1823  2703 D BackgroundInstallControlService: Package event received: 0
07-24 17:59:04.424  1823  5272 W JobScheduler: Job didn't exist in JobStore: 82aea9e #u0a130/101 com.google.android.apps.messaging/.shared.datamodel.action.execution.ActionJobService
07-24 17:59:04.466  1823  1823 W NotificationHistory: Attempted to add notif for locked/gone/disabled user 0
07-24 17:59:04.471  1823  2703 D BackgroundInstallControlService: Package event received: 0
07-24 17:59:04.513  1823  2703 D BackgroundInstallControlService: Package event received: 0
07-24 17:59:04.572  1823  2703 D BackgroundInstallControlService: Package event received: 0
07-24 17:59:04.580  1823  2703 D BackgroundInstallControlService: Package event received: 0
07-24 17:59:04.989 11152 11152 W ResourcesManager: Found a null ResourcesImpl, skipped.
07-24 17:59:04.989 11152 11152 W ResourcesManager: Found a null ResourcesImpl, skipped.
07-24 17:59:04.989 11152 11152 W ResourcesManager: Found a null ResourcesImpl, skipped.
07-24 17:59:04.989 11152 11152 W ResourcesManager: Found a null ResourcesImpl, skipped.
07-24 17:59:04.989 11152 11152 W ResourcesManager: Found a null ResourcesImpl, skipped.
07-24 17:59:04.989 11152 11152 W ResourcesManager: Found a null ResourcesImpl, skipped.
07-24 17:59:04.996 11152 11152 V ResourcesManager: The following library key has been added: ResourcesKey{ mHash=50f8d7b9 mResDir=null mSplitDirs=[] mOverlayDirs=[/product/overlay/NavigationBarModeGestural/NavigationBarModeGesturalOverlay.apk,/data/resource-cache/com.android.systemui-accent-LoW8.frro,/data/resource-cache/com.android.systemui-dynamic-8TVt.frro,/data/resource-cache/com.android.systemui-neutral-Zn1v.frro] mLibDirs=[/data/app/~~ZID6PvsEELbpA6ky0zZAtg==/com.google.android.webview-w-22840E5Robf3WsHnqjgw==/base.apk,/data/app/~~5oa4QYnxyHe1-PsXLQuTJw==/com.google.android.trichromelibrary_720406733-w36cShkHojKkDS9GmREDKg==/base.apk,/system_ext/framework/androidx.window.extensions.jar] mDisplayId=0 mOverrideConfig=v35 mCompatInfo={440dpi always-compat} mLoaders=[]}
07-24 17:59:05.035  1823  2703 D BackgroundInstallControlService: Package event received: 0
07-24 17:59:05.035  1823  2703 D BackgroundInstallControlService: Package event received: 0
07-24 17:59:05.046  1823  2703 D BackgroundInstallControlService: Package event received: 0
07-24 17:59:05.079  1823  1980 I ActivityManager: Start proc 15789:com.google.android.webview:sandboxed_process0:org.chromium.content.app.SandboxedProcessService0:0/u0i506 for  {com.google.android.gms/org.chromium.content.app.SandboxedProcessService0:0}
07-24 17:59:05.162  1823  2703 D BackgroundInstallControlService: Package event received: 0
07-24 17:59:05.203  1823  2703 D BackgroundInstallControlService: Package event received: 0
07-24 17:59:05.288  1823  2703 D BackgroundInstallControlService: Package event received: 0
07-24 17:59:05.611  1823  2573 E AppOps  : Bad call made by uid 1000. Package "com.google.android.apps.photos" does not belong to uid 1000.
07-24 17:59:05.613  1823  1897 I ActivityManager: Process com.google.android.apps.photos (pid 13996) has died: cch+65 CEM 
07-24 17:59:05.615  1823  1958 D DisplayManagerService: Drop pending events for gone uid 10155
07-24 17:59:06.166  1823  1980 I ActivityManager: Start proc 15853:com.google.android.webview:sandboxed_process0:org.chromium.content.app.SandboxedProcessService0:0/u0i507 for  {com.twitter.android/org.chromium.content.app.SandboxedProcessService0:0}
07-24 17:59:06.292  1823  5584 D CoreBackPreview: Window{1c7b82d u0 VolumeDialogImpl}: Setting back callback null
07-24 17:59:06.443  1823  2703 D BackgroundInstallControlService: Package event received: 0
07-24 17:59:06.459  1823  2703 D BackgroundInstallControlService: Package event received: 0
07-24 17:59:06.471  1823  1980 I ActivityManager: Start proc 15886:com.android.adservices.api/u0a204 for service {com.android.adservices.api/com.android.adservices.measurement.MeasurementService}
07-24 17:59:06.543  1823  5272 D CompatChangeReporter: Compat change id reported: 319212206; UID 10292; state: ENABLED
07-24 17:59:06.847  1823  2703 D BackgroundInstallControlService: Package event received: 0
07-24 17:59:07.780  1823  2703 D BackgroundInstallControlService: Package event received: 0
07-24 17:59:07.989  1823  3385 I Telecom : PhoneAccountRegistrar: getSimCallManager: SimCallManager for subId 1 queried, returning: null: TSI.gPA(cgag)@mWg
07-24 17:59:08.027  1823  1823 I AS.AudioService: shouldNotificationSoundPlay false: muted stream:5 attr:AudioAttributes: usage=USAGE_NOTIFICATION content=CONTENT_TYPE_SONIFICATION flags=0x800 tags= bundle=null
07-24 17:59:08.137  1823  1979 D ActivityManager: sync unfroze 14277 org.zwanoo.android.speedtest for 3
07-24 17:59:08.227  1823  2703 D BackgroundInstallControlService: Package event received: 0
07-24 17:59:08.251  1823  2703 D BackgroundInstallControlService: Package event received: 0
07-24 17:59:10.021  1823  2703 D BackgroundInstallControlService: Package event received: 0
07-24 17:59:12.985  1823  2599 D ActivityManager: freezing 14377 com.android.settings
07-24 17:59:13.581  1823  1823 W NotificationService: Removed summary didn't match old notification: old=0|com.whatsapp|23|null|10290, removed=0|com.whatsapp|23|null|10290
07-24 17:59:13.772  1823  1823 I AS.AudioService: shouldNotificationSoundPlay false: muted stream:5 attr:AudioAttributes: usage=USAGE_NOTIFICATION content=CONTENT_TYPE_SONIFICATION flags=0x800 tags= bundle=null
07-24 17:59:13.786  1823  1823 E NotifAttentionHelper: Muting recently noisy 0|com.whatsapp|23|null|10290
07-24 17:59:14.188  1823  2599 D ActivityManager: freezing 15589 com.twitter.android
07-24 17:59:16.258  1823  2599 D ActivityManager: freezing 15853 com.google.android.webview:sandboxed_process0:org.chromium.content.app.SandboxedProcessService0:0
07-24 17:59:16.923  1823  2599 D ActivityManager: freezing 15732 com.google.android.webview:webview_service
07-24 17:59:16.984  1823  2599 D ActivityManager: freezing 15886 com.android.adservices.api
07-24 17:59:17.806  1823  2703 D BackgroundInstallControlService: Package event received: 0
07-24 17:59:17.881  1823  2703 D BackgroundInstallControlService: Package event received: 0
07-24 17:59:17.892  1823  2703 D BackgroundInstallControlService: Package event received: 0
07-24 17:59:17.905  1823  2703 D BackgroundInstallControlService: Package event received: 0
07-24 17:59:17.916  1823  2703 D BackgroundInstallControlService: Package event received: 0
07-24 17:59:18.258  1823  2599 D ActivityManager: freezing 14277 org.zwanoo.android.speedtest
07-24 17:59:19.328  1823  2703 D BackgroundInstallControlService: Package event received: 0
07-24 17:59:19.379  1823  2703 D BackgroundInstallControlService: Package event received: 0
07-24 17:59:19.389  1823  2703 D BackgroundInstallControlService: Package event received: 0
07-24 17:59:19.403  1823  2703 D BackgroundInstallControlService: Package event received: 0
07-24 17:59:19.415  1823  2703 D BackgroundInstallControlService: Package event received: 0
07-24 17:59:24.318  1823  1979 D ActivityManager: sync unfroze 14377 com.android.settings for 3
07-24 17:59:24.321  1823  1979 D ActivityManager: sync unfroze 14408 com.google.android.projection.gearhead:provider for 3
07-24 17:59:24.322  1823  1979 D ActivityManager: sync unfroze 14389 com.google.android.apps.turbo for 3
07-24 17:59:24.325  1823  2003 D KernelCpuUidUserSysTimeReader: Removing uids 99505-99505
07-24 17:59:24.433  1823  2703 D BackgroundInstallControlService: Package event received: 0
07-24 17:59:24.434  1823  2573 D ActivityManager: sync unfroze 14415 com.google.android.turboadapter for 6
07-24 17:59:24.435  1823  2573 W ProcessStats: Tracking association SourceState{fea83a4 com.google.android.apps.turbo/10100 ImpBg #754229} whose proc state 6 is better than process ProcessState{6182f43 com.google.android.turboadapter/10179 pkg=com.google.android.turboadapter} proc state 15 (3 skipped)
07-24 17:59:24.476  1823  2589 D ActivityManager: sync unfroze 15045 com.jio.myjio for 6
07-24 17:59:24.486  1823  2589 W JobServiceContext: Sending onNetworkChanged for a job that isn't started. JobStatus{665eb37 #u0a264/12538 com.jio.myjio/androidx.work.impl.background.systemjob.SystemJobService u=0 s=10264 TIME=-7s364ms:none NET READY}
07-24 17:59:24.597 14389 14412 E ActivityThread: Failed to find provider info for com.android.settings.fuelgauge.provider.command
07-24 17:59:24.692  1823  1897 W JobScheduler: Job didn't exist in JobStore: 665eb37 #u0a264/12538 com.jio.myjio/androidx.work.impl.background.systemjob.SystemJobService
07-24 17:59:27.117  1823  1823 W NotificationService: Removed summary didn't match old notification: old=0|com.whatsapp|23|null|10290, removed=0|com.whatsapp|23|null|10290
07-24 17:59:27.305  1823  1823 I AS.AudioService: shouldNotificationSoundPlay false: muted stream:5 attr:AudioAttributes: usage=USAGE_NOTIFICATION content=CONTENT_TYPE_SONIFICATION flags=0x800 tags= bundle=null
07-24 17:59:27.321  1823  1823 E NotifAttentionHelper: Muting recently noisy 0|com.whatsapp|23|null|10290
07-24 17:59:32.088  1823  2703 D BackgroundInstallControlService: Package event received: 0
07-24 17:59:32.092  1823  2703 D BackgroundInstallControlService: Package event received: 0
07-24 17:59:32.097  1823  2703 D BackgroundInstallControlService: Package event received: 0
07-24 17:59:32.110  1823  2573 D CoreBackPreview: Window{6e8d0da u0 VolumeDialogImpl}: Setting back callback OnBackInvokedCallbackInfo{mCallback=android.window.IOnBackInvokedCallback$Stub$Proxy@d71ea01, mPriority=-1, mIsAnimationCallback=false, mOverrideBehavior=0}
07-24 17:59:32.761  1823  2703 D BackgroundInstallControlService: Package event received: 0
07-24 17:59:33.002  1823  1823 I AS.AudioService: shouldNotificationSoundPlay false: muted stream:5 attr:AudioAttributes: usage=USAGE_NOTIFICATION content=CONTENT_TYPE_SONIFICATION flags=0x800 tags= bundle=null
07-24 17:59:34.523  1823  2599 D ActivityManager: freezing 14415 com.google.android.turboadapter
07-24 17:59:34.627  1823  2599 D ActivityManager: freezing 14389 com.google.android.apps.turbo
07-24 17:59:34.629  1823  2599 D ActivityManager: freezing 14408 com.google.android.projection.gearhead:provider
07-24 17:59:34.849  1823  2599 D ActivityManager: freezing 15045 com.jio.myjio
07-24 17:59:35.384  1823  5541 D CoreBackPreview: Window{6e8d0da u0 VolumeDialogImpl}: Setting back callback null
07-24 17:59:37.851  1823  2703 D BackgroundInstallControlService: Package event received: 0
07-24 17:59:37.869  1823  2703 D BackgroundInstallControlService: Package event received: 0
07-24 17:59:37.869  1823  2703 D BackgroundInstallControlService: Package event received: 0
07-24 17:59:37.869  1823  2703 D BackgroundInstallControlService: Package event received: 0
07-24 17:59:37.869  1823  2703 D BackgroundInstallControlService: Package event received: 0
07-24 17:59:37.952  1823  2703 D BackgroundInstallControlService: Package event received: 0
07-24 17:59:37.964  1823  2703 D BackgroundInstallControlService: Package event received: 0
07-24 17:59:37.977  1823  2703 D BackgroundInstallControlService: Package event received: 0
07-24 17:59:37.990  1823  2703 D BackgroundInstallControlService: Package event received: 0
07-24 17:59:39.268  1823  2703 D BackgroundInstallControlService: Package event received: 0
07-24 17:59:39.360  1823  2703 D BackgroundInstallControlService: Package event received: 0
07-24 17:59:39.376  1823  2703 D BackgroundInstallControlService: Package event received: 0
07-24 17:59:39.427  1823  2703 D BackgroundInstallControlService: Package event received: 0
07-24 17:59:39.444  1823  2703 D BackgroundInstallControlService: Package event received: 0
07-24 17:59:39.534  1823  5489 I Telecom : PhoneAccountRegistrar: getSimCallManager: SimCallManager for subId 1 queried, returning: null: TSI.gPA(cgag)@maU
07-24 17:59:42.103  1823  2599 D ActivityManager: freezing 14377 com.android.settings
07-24 17:59:45.654  1823  2671 I AS.AudioService: onUpdateContextualVolumes: absolute volume driving streams 3 avrcp supported: false
07-24 17:59:45.659  1823  1979 D ActivityManager: sync unfroze 14377 com.android.settings for 3
07-24 17:59:45.662  1823  2703 D BackgroundInstallControlService: Package event received: 0
07-24 17:59:45.671  1823 30717 I Telecom : CallAudioRouteController$3: onCommunicationDeviceChanged: 2
07-24 17:59:45.671  1823  3048 I Telecom : CallAudioRouteController: Message received: SPEAKER_OFF=1007, arg1=0
07-24 17:59:45.671  1823  3048 W Telecom : Logging: Log.endSession was called with no session active.
07-24 17:59:45.751  1823  1823 I AS.AudioService: shouldNotificationSoundPlay false: muted stream:5 attr:AudioAttributes: usage=USAGE_NOTIFICATION content=CONTENT_TYPE_SONIFICATION flags=0x800 tags= bundle=null
07-24 17:59:45.933  1823  2703 D BackgroundInstallControlService: Package event received: 0
07-24 17:59:45.933  1823  2703 D BackgroundInstallControlService: Package event received: 0
07-24 17:59:45.964  1823  5489 W NotificationHistory: Attempted to add notif for locked/gone/disabled user 0
07-24 17:59:46.247  1823  2599 D ActivityManager: freezing 14531 com.google.android.apps.messaging
07-24 17:59:46.944  1823  2703 D BackgroundInstallControlService: Package event received: 0
07-24 17:59:52.339  1823  2913 D CoreBackPreview: Window{da91481 u0 NotificationShade}: Setting back callback null
07-24 17:59:52.341  1823  2703 D BackgroundInstallControlService: Package event received: 0
07-24 17:59:52.343  1823  2703 D BackgroundInstallControlService: Package event received: 0
07-24 17:59:52.374  1823  2913 W PackageConfigPersister: App-specific configuration not found for packageName: com.android.chrome and userId: 0
07-24 17:59:57.819  1823  2703 D BackgroundInstallControlService: Package event received: 0
07-24 17:59:57.913  1823  2703 D BackgroundInstallControlService: Package event received: 0
07-24 17:59:57.924  1823  2703 D BackgroundInstallControlService: Package event received: 0
07-24 17:59:57.937  1823  2703 D BackgroundInstallControlService: Package event received: 0
07-24 17:59:57.948  1823  2703 D BackgroundInstallControlService: Package event received: 0
07-24 17:59:58.349  1823  1823 I AS.AudioService: shouldNotificationSoundPlay false: muted stream:5 attr:AudioAttributes: usage=USAGE_NOTIFICATION content=CONTENT_TYPE_SONIFICATION flags=0x800 tags= bundle=null
07-24 17:59:59.272  1823  2703 D BackgroundInstallControlService: Package event received: 0
07-24 17:59:59.344  1823  2703 D BackgroundInstallControlService: Package event received: 0
07-24 17:59:59.354  1823  2703 D BackgroundInstallControlService: Package event received: 0
07-24 17:59:59.367  1823  2703 D BackgroundInstallControlService: Package event received: 0
07-24 17:59:59.378  1823  2703 D BackgroundInstallControlService: Package event received: 0
07-24 18:00:00.292 14377 16104 W ModemPowerProfile: getAverageBatteryDrainMaH called with unexpected key: 0x0, drain:SLEEP,RAT:DEFAULT
07-24 18:00:00.293 14377 16104 W ModemPowerProfile: getAverageBatteryDrainMaH called with unexpected key: 0x10000000, drain:IDLE,RAT:DEFAULT
07-24 18:00:00.293 14377 16104 W ModemPowerProfile: getAverageBatteryDrainMaH called with unexpected key: 0x20000000, drain:RX,RAT:DEFAULT
07-24 18:00:00.293 14377 16104 W ModemPowerProfile: getAverageBatteryDrainMaH called with unexpected key: 0x30000000, drain:TX,level:0,RAT:DEFAULT
07-24 18:00:00.293 14377 16104 W ModemPowerProfile: getAverageBatteryDrainMaH called with unexpected key: 0x31000000, drain:TX,level:1,RAT:DEFAULT
07-24 18:00:00.293 14377 16104 W ModemPowerProfile: getAverageBatteryDrainMaH called with unexpected key: 0x32000000, drain:TX,level:2,RAT:DEFAULT
07-24 18:00:00.293 14377 16104 W ModemPowerProfile: getAverageBatteryDrainMaH called with unexpected key: 0x33000000, drain:TX,level:3,RAT:DEFAULT
07-24 18:00:00.293 14377 16104 W ModemPowerProfile: getAverageBatteryDrainMaH called with unexpected key: 0x34000000, drain:TX,level:4,RAT:DEFAULT
07-24 18:00:02.647  1823  2003 D KernelCpuUidUserSysTimeReader: Removing uids 90100-90100
07-24 18:00:02.647  1823  2003 D KernelCpuUidUserSysTimeReader: Removing uids 90103-90103
07-24 18:00:16.517  1823  5584 D CoreBackPreview: startBackNavigation currentTask=Task{f53451d #9043 type=standard A=10146:com.android.chrome}, topRunningActivity=ActivityRecord{64589062 u0 com.android.chrome/com.google.android.apps.chrome.Main t9043}, callbackInfo=OnBackInvokedCallbackInfo{mCallback=android.window.IOnBackInvokedCallback$Stub$Proxy@907d8e2, mPriority=0, mIsAnimationCallback=true, mOverrideBehavior=0}, currentFocus=Window{80cb4d5 u0 com.android.chrome/com.google.android.apps.chrome.Main}
07-24 18:00:16.518  2750  2781 D ShellBackPreview: Received backNavigationInfo:BackNavigationInfo{mType=TYPE_CALLBACK (4), mOnBackNavigationDone=android.os.RemoteCallback@5e87f0d, mOnBackInvokedCallback=android.window.IOnBackInvokedCallback$Stub$Proxy@bc23ec2, mPrepareRemoteAnimation=false, mAnimationCallback=true, mCustomizeAnimationInfo=null}
07-24 18:00:16.607  2750  2781 D ShellBackPreview: Finishing gesture with event action: 1
07-24 18:00:16.607  2750  2781 D ShellBackPreview: onGestureFinished() mTriggerBack == true
07-24 18:00:16.607  2750  2781 D ShellBackPreview: Trigger back without dispatching to animator.
07-24 18:00:16.607  2750  2781 D ShellBackPreview: BackAnimationController: finishBackNavigation()
07-24 18:00:16.607  1823  5584 D CoreBackPreview: onBackNavigationDone backType=4, triggerBack=true
07-24 18:00:17.057  1823  1823 W AccessibilityManagerService:  wait for adding window timeout: 7
07-24 18:00:17.168  1823  2703 D BackgroundInstallControlService: Package event received: 0
07-24 18:00:17.180  1823  2703 D BackgroundInstallControlService: Package event received: 0
07-24 18:00:17.182  1823  1823 W NotificationService: Removed summary didn't match old notification: old=0|com.android.chrome|2130773636|null|10146, removed=0|com.android.chrome|2130773636|null|10146
07-24 18:00:17.798  1823  2703 D BackgroundInstallControlService: Package event received: 0
07-24 18:00:17.874  1823  2703 D BackgroundInstallControlService: Package event received: 0
07-24 18:00:17.884  1823  2703 D BackgroundInstallControlService: Package event received: 0
07-24 18:00:17.898  1823  2703 D BackgroundInstallControlService: Package event received: 0
07-24 18:00:17.917  1823  2703 D BackgroundInstallControlService: Package event received: 0
07-24 18:00:19.319  1823  2703 D BackgroundInstallControlService: Package event received: 0
07-24 18:00:19.362  1823  2703 D BackgroundInstallControlService: Package event received: 0
07-24 18:00:19.372  1823  2703 D BackgroundInstallControlService: Package event received: 0
07-24 18:00:19.385  1823  2703 D BackgroundInstallControlService: Package event received: 0
07-24 18:00:19.395  1823  2703 D BackgroundInstallControlService: Package event received: 0
07-24 18:00:20.061  1823  2599 D ActivityManager: freezing 14377 com.android.settings
07-24 18:00:21.425  1823  5584 I MediaSessionStack: removeSession | record: com.android.chrome/Chrome/103 (userId=0)
07-24 18:00:23.243  1823  1897 I Telecom : PhoneAccountRegistrar: getSimCallManager: SimCallManager for subId 1 queried, returning: null: TSI.gPA(cgag)@mgY
07-24 18:00:25.118  1823  5584 D CoreBackPreview: Window{54e0881 u0 com.android.chrome/com.google.android.apps.chrome.Main}: Setting back callback OnBackInvokedCallbackInfo{mCallback=android.window.IOnBackInvokedCallback$Stub$Proxy@d9504ac, mPriority=-1, mIsAnimationCallback=false, mOverrideBehavior=0}
07-24 18:00:25.141  1823  1980 I ActivityManager: Start proc 16189:com.android.chrome:sandboxed_process0:org.chromium.content.app.SandboxedProcessService0:40/u0ai106 for  {com.android.chrome/org.chromium.content.app.SandboxedProcessService0:40}
07-24 18:00:25.222  1823  2703 D BackgroundInstallControlService: Package event received: 0
07-24 18:00:25.243  1823  5584 W PackageConfigPersister: App-specific configuration not found for packageName: com.android.chrome and userId: 0
07-24 18:00:25.291  1823  1897 I ActivityManager: Killing 16189:com.android.chrome:sandboxed_process0:org.chromium.content.app.SandboxedProcessService0:40/u0a146i-8894 (adj 0): isolated not needed
